###############################################################################
#
# IAR ELF Linker V8.40.3.228/W32 for ARM                  30/Mar/2022  17:21:26
# Copyright 2007-2019 IAR Systems AB.
#
#    Output file  =
#        D:\Develop\INS402\ins402\bootloader\iar_8.4\bootloader\Debug\Exe\bootloader.hex
#    Map file     =
#        D:\Develop\INS402\ins402\bootloader\iar_8.4\bootloader\Debug\List\bootloader.map
#    Command line =
#        -f C:\Users\LIHAIY~1\AppData\Local\Temp\EWCA5F.tmp
#        (D:\Develop\INS402\ins402\bootloader\iar_8.4\bootloader\Debug\Obj\bsp.o
#        D:\Develop\INS402\ins402\bootloader\iar_8.4\bootloader\Debug\Obj\crc16.o
#        D:\Develop\INS402\ins402\bootloader\iar_8.4\bootloader\Debug\Obj\cy_adc.o
#        D:\Develop\INS402\ins402\bootloader\iar_8.4\bootloader\Debug\Obj\cy_canfd.o
#        D:\Develop\INS402\ins402\bootloader\iar_8.4\bootloader\Debug\Obj\cy_cpu.o
#        D:\Develop\INS402\ins402\bootloader\iar_8.4\bootloader\Debug\Obj\cy_crypto_config.o
#        D:\Develop\INS402\ins402\bootloader\iar_8.4\bootloader\Debug\Obj\cy_ethif.o
#        D:\Develop\INS402\ins402\bootloader\iar_8.4\bootloader\Debug\Obj\cy_evtgen.o
#        D:\Develop\INS402\ins402\bootloader\iar_8.4\bootloader\Debug\Obj\cy_flash.o
#        D:\Develop\INS402\ins402\bootloader\iar_8.4\bootloader\Debug\Obj\cy_fr_api_control_service.o
#        D:\Develop\INS402\ins402\bootloader\iar_8.4\bootloader\Debug\Obj\cy_fr_api_init.o
#        D:\Develop\INS402\ins402\bootloader\iar_8.4\bootloader\Debug\Obj\cy_fr_api_interrupt_service.o
#        D:\Develop\INS402\ins402\bootloader\iar_8.4\bootloader\Debug\Obj\cy_fr_api_rx_handler.o
#        D:\Develop\INS402\ins402\bootloader\iar_8.4\bootloader\Debug\Obj\cy_fr_api_status_service.o
#        D:\Develop\INS402\ins402\bootloader\iar_8.4\bootloader\Debug\Obj\cy_fr_api_time_service.o
#        D:\Develop\INS402\ins402\bootloader\iar_8.4\bootloader\Debug\Obj\cy_fr_api_timer_service.o
#        D:\Develop\INS402\ins402\bootloader\iar_8.4\bootloader\Debug\Obj\cy_fr_api_tx_handler.o
#        D:\Develop\INS402\ins402\bootloader\iar_8.4\bootloader\Debug\Obj\cy_fr_ccal_control_service.o
#        D:\Develop\INS402\ins402\bootloader\iar_8.4\bootloader\Debug\Obj\cy_fr_ccal_init.o
#        D:\Develop\INS402\ins402\bootloader\iar_8.4\bootloader\Debug\Obj\cy_fr_ccal_interrupt_service.o
#        D:\Develop\INS402\ins402\bootloader\iar_8.4\bootloader\Debug\Obj\cy_fr_ccal_rx_handler.o
#        D:\Develop\INS402\ins402\bootloader\iar_8.4\bootloader\Debug\Obj\cy_fr_ccal_status_service.o
#        D:\Develop\INS402\ins402\bootloader\iar_8.4\bootloader\Debug\Obj\cy_fr_ccal_time_service.o
#        D:\Develop\INS402\ins402\bootloader\iar_8.4\bootloader\Debug\Obj\cy_fr_ccal_timer_service.o
#        D:\Develop\INS402\ins402\bootloader\iar_8.4\bootloader\Debug\Obj\cy_fr_ccal_tx_handler.o
#        D:\Develop\INS402\ins402\bootloader\iar_8.4\bootloader\Debug\Obj\cy_gpio.o
#        D:\Develop\INS402\ins402\bootloader\iar_8.4\bootloader\Debug\Obj\cy_i2s.o
#        D:\Develop\INS402\ins402\bootloader\iar_8.4\bootloader\Debug\Obj\cy_interrupt_map.o
#        D:\Develop\INS402\ins402\bootloader\iar_8.4\bootloader\Debug\Obj\cy_ipc_drv.o
#        D:\Develop\INS402\ins402\bootloader\iar_8.4\bootloader\Debug\Obj\cy_ipc_pipe.o
#        D:\Develop\INS402\ins402\bootloader\iar_8.4\bootloader\Debug\Obj\cy_ipc_sema.o
#        D:\Develop\INS402\ins402\bootloader\iar_8.4\bootloader\Debug\Obj\cy_lin.o
#        D:\Develop\INS402\ins402\bootloader\iar_8.4\bootloader\Debug\Obj\cy_lvd.o
#        D:\Develop\INS402\ins402\bootloader\iar_8.4\bootloader\Debug\Obj\cy_mcwdt.o
#        D:\Develop\INS402\ins402\bootloader\iar_8.4\bootloader\Debug\Obj\cy_mdma.o
#        D:\Develop\INS402\ins402\bootloader\iar_8.4\bootloader\Debug\Obj\cy_mpu.o
#        D:\Develop\INS402\ins402\bootloader\iar_8.4\bootloader\Debug\Obj\cy_mw_flash.o
#        D:\Develop\INS402\ins402\bootloader\iar_8.4\bootloader\Debug\Obj\cy_pdma.o
#        D:\Develop\INS402\ins402\bootloader\iar_8.4\bootloader\Debug\Obj\cy_power.o
#        D:\Develop\INS402\ins402\bootloader\iar_8.4\bootloader\Debug\Obj\cy_prot.o
#        D:\Develop\INS402\ins402\bootloader\iar_8.4\bootloader\Debug\Obj\cy_scb_common.o
#        D:\Develop\INS402\ins402\bootloader\iar_8.4\bootloader\Debug\Obj\cy_scb_ezi2c.o
#        D:\Develop\INS402\ins402\bootloader\iar_8.4\bootloader\Debug\Obj\cy_scb_i2c.o
#        D:\Develop\INS402\ins402\bootloader\iar_8.4\bootloader\Debug\Obj\cy_scb_spi.o
#        D:\Develop\INS402\ins402\bootloader\iar_8.4\bootloader\Debug\Obj\cy_scb_uart.o
#        D:\Develop\INS402\ins402\bootloader\iar_8.4\bootloader\Debug\Obj\cy_sd_host.o
#        D:\Develop\INS402\ins402\bootloader\iar_8.4\bootloader\Debug\Obj\cy_smartio.o
#        D:\Develop\INS402\ins402\bootloader\iar_8.4\bootloader\Debug\Obj\cy_smif.o
#        D:\Develop\INS402\ins402\bootloader\iar_8.4\bootloader\Debug\Obj\cy_smif_memslot.o
#        D:\Develop\INS402\ins402\bootloader\iar_8.4\bootloader\Debug\Obj\cy_srom.o
#        D:\Develop\INS402\ins402\bootloader\iar_8.4\bootloader\Debug\Obj\cy_sw_tmr.o
#        D:\Develop\INS402\ins402\bootloader\iar_8.4\bootloader\Debug\Obj\cy_sysclk.o
#        D:\Develop\INS402\ins402\bootloader\iar_8.4\bootloader\Debug\Obj\cy_sysflt.o
#        D:\Develop\INS402\ins402\bootloader\iar_8.4\bootloader\Debug\Obj\cy_sysint.o
#        D:\Develop\INS402\ins402\bootloader\iar_8.4\bootloader\Debug\Obj\cy_syslib.o
#        D:\Develop\INS402\ins402\bootloader\iar_8.4\bootloader\Debug\Obj\cy_syslib_iar.o
#        D:\Develop\INS402\ins402\bootloader\iar_8.4\bootloader\Debug\Obj\cy_syspm.o
#        D:\Develop\INS402\ins402\bootloader\iar_8.4\bootloader\Debug\Obj\cy_sysreghc.o
#        D:\Develop\INS402\ins402\bootloader\iar_8.4\bootloader\Debug\Obj\cy_sysreset.o
#        D:\Develop\INS402\ins402\bootloader\iar_8.4\bootloader\Debug\Obj\cy_sysrtc.o
#        D:\Develop\INS402\ins402\bootloader\iar_8.4\bootloader\Debug\Obj\cy_systick.o
#        D:\Develop\INS402\ins402\bootloader\iar_8.4\bootloader\Debug\Obj\cy_syswdt.o
#        D:\Develop\INS402\ins402\bootloader\iar_8.4\bootloader\Debug\Obj\cy_tcpwm.o
#        D:\Develop\INS402\ins402\bootloader\iar_8.4\bootloader\Debug\Obj\cy_tcpwm_counter.o
#        D:\Develop\INS402\ins402\bootloader\iar_8.4\bootloader\Debug\Obj\cy_tcpwm_pwm.o
#        D:\Develop\INS402\ins402\bootloader\iar_8.4\bootloader\Debug\Obj\cy_tcpwm_quaddec.o
#        D:\Develop\INS402\ins402\bootloader\iar_8.4\bootloader\Debug\Obj\cy_tcpwm_sr.o
#        D:\Develop\INS402\ins402\bootloader\iar_8.4\bootloader\Debug\Obj\cy_trigmux.o
#        D:\Develop\INS402\ins402\bootloader\iar_8.4\bootloader\Debug\Obj\edd.o
#        D:\Develop\INS402\ins402\bootloader\iar_8.4\bootloader\Debug\Obj\edd_rx.o
#        D:\Develop\INS402\ins402\bootloader\iar_8.4\bootloader\Debug\Obj\edd_tx.o
#        D:\Develop\INS402\ins402\bootloader\iar_8.4\bootloader\Debug\Obj\eeprom.o
#        D:\Develop\INS402\ins402\bootloader\iar_8.4\bootloader\Debug\Obj\eth_process.o
#        D:\Develop\INS402\ins402\bootloader\iar_8.4\bootloader\Debug\Obj\ethernet.o
#        D:\Develop\INS402\ins402\bootloader\iar_8.4\bootloader\Debug\Obj\fifo.o
#        D:\Develop\INS402\ins402\bootloader\iar_8.4\bootloader\Debug\Obj\handle_packet.o
#        D:\Develop\INS402\ins402\bootloader\iar_8.4\bootloader\Debug\Obj\led.o
#        D:\Develop\INS402\ins402\bootloader\platform\CYT4BF\hal_drivers\crypto\libs\libcrypto_client_cm7_0_iar.a
#        D:\Develop\INS402\ins402\bootloader\platform\CYT4BF\hal_drivers\crypto\libs\libcrypto_client_cm7_1_iar.a
#        D:\Develop\INS402\ins402\bootloader\platform\CYT4BF\hal_drivers\crypto\libs\libcrypto_server_cm0plus_iar.a
#        D:\Develop\INS402\ins402\bootloader\iar_8.4\bootloader\Debug\Obj\main_cm0.o
#        D:\Develop\INS402\ins402\bootloader\iar_8.4\bootloader\Debug\Obj\platform.o
#        D:\Develop\INS402\ins402\bootloader\iar_8.4\bootloader\Debug\Obj\send_packet.o
#        D:\Develop\INS402\ins402\bootloader\iar_8.4\bootloader\Debug\Obj\startup.o
#        D:\Develop\INS402\ins402\bootloader\iar_8.4\bootloader\Debug\Obj\startup_cm0plus.o
#        D:\Develop\INS402\ins402\bootloader\iar_8.4\bootloader\Debug\Obj\status_handler.o
#        D:\Develop\INS402\ins402\bootloader\iar_8.4\bootloader\Debug\Obj\synctime.o
#        D:\Develop\INS402\ins402\bootloader\iar_8.4\bootloader\Debug\Obj\system_tviibh8m_cm0plus.o
#        D:\Develop\INS402\ins402\bootloader\iar_8.4\bootloader\Debug\Obj\systime.o
#        D:\Develop\INS402\ins402\bootloader\iar_8.4\bootloader\Debug\Obj\uart.o
#        --no_out_extension -o
#        D:\Develop\INS402\ins402\bootloader\iar_8.4\bootloader\Debug\Exe\bootloader.hex
#        --config_def _CORE_bootloader_=0 --config_def _LINK_flash_=0 --map
#        D:\Develop\INS402\ins402\bootloader\iar_8.4\bootloader\Debug\List\bootloader.map
#        --config
#        D:\Develop\INS402\ins402\bootloader\iar_8.4\bootloader\..\..\..\linker\linker_directives_tviibh.icf
#        --semihosting
#        D:\Develop\INS402\ins402\bootloader\iar_8.4\bootloader\..\..\platform\CYT4BF\hal_drivers\crypto\libs\libcrypto_server_cm0plus_iar.a
#        --entry __iar_program_start --vfe --text_out locale)
#
###############################################################################

*******************************************************************************
*** RUNTIME MODEL ATTRIBUTES
***

CppFlavor       = *
__SystemLibrary = DLib
__dlib_version  = 6


*******************************************************************************
*** HEAP SELECTION
***

The basic heap was selected because no calls to memory allocation
functions were found in the application outside of system library
functions, and there are calls to deallocation functions in the
application.


*******************************************************************************
*** PLACEMENT SUMMARY
***

"A0":  place at start of [from 0x1000'0000 to 0x1007'ffff] { section .intvec };
"P1":  place in [from 0x1000'0000 to 0x1007'ffff] { ro };
"P2":  place in [from 0x2800'0800 to 0x2801'ffff] { rw };
define block HEAP with size = 1K, alignment = 8 { };
define block CSTACK with size = 1K, alignment = 8 { };
define block HEAP_STACK { block HEAP, last block CSTACK };
"A3":  place at end of [from 0x2800'0800 to 0x2801'ffff] { block HEAP_STACK };
"P3":  place in [from 0x2802'0000 to 0x2802'4fff] { section .share_region };
do not initialize { section .intvec_ram };
initialize by copy { rw };

No sections matched the following patterns:

  section .cm7_0_rom  in "A1"
  section .cm7_1_rom  in "A2"


  Section            Kind         Address      Size  Object
  -------            ----         -------      ----  ------
"A0":                                          0x80
  .intvec            ro code  0x1000'0000      0x80  startup_cm0plus.o [1]
                            - 0x1000'0080      0x80

"P1":                                        0xd5c3
  .text              ro code  0x1000'0080    0x4174  edd.o [1]
  .text              ro code  0x1000'41f4     0xe72  edd_tx.o [1]
  .text              ro code  0x1000'5066      0x7e  lz77_init_single.o [4]
  .text              ro code  0x1000'50e4    0x33ac  edd_rx.o [1]
  .text              ro code  0x1000'8490      0x5e  ABImemset.o [4]
  .text              ro code  0x1000'84f0      0x4e  ABImemcpy.o [4]
  .text              ro code  0x1000'853e      0xe0  I32DivModFast.o [4]
  .text              ro code  0x1000'8620       0x2  IntDivZer.o [4]
  .text              ro code  0x1000'8624     0xda0  cy_ethif.o [1]
  .text              ro code  0x1000'93c4     0x218  cy_systick.o [1]
  .text              ro code  0x1000'95dc      0xc0  strncpy.o [4]
  .text              ro code  0x1000'969c      0x42  cy_syslib.o [1]
  .text              ro code  0x1000'96e0      0x32  I64Mul.o [4]
  .text              ro code  0x1000'9714     0x6dc  cy_sysclk.o [1]
  .text              ro code  0x1000'9df0      0x6a  I64DivMod.o [4]
  .text              ro code  0x1000'9e5c       0x2  I64DivZer.o [4]
  .text              ro code  0x1000'9e60     0x61c  ethernet.o [1]
  .text              ro code  0x1000'a47c      0x1e  memcmp.o [4]
  .text              ro code  0x1000'a49a      0x8e  fifo.o [1]
  .text              ro code  0x1000'a528      0x1c  platform.o [1]
  .text              ro code  0x1000'a544     0x174  cy_gpio.o [1]
  .text              ro code  0x1000'a6b8      0x60  cy_sysint.o [1]
  .text              ro code  0x1000'a718     0x5f0  system_tviibh8m_cm0plus.o [1]
  .text              ro code  0x1000'ad08      0x5c  cy_syswdt.o [1]
  .text              ro code  0x1000'ad64     0x104  cy_power.o [1]
  .text              ro code  0x1000'ae68       0x8  startup_cm0plus.o [1]
  .text              ro code  0x1000'ae70       0x6  startup_cm0plus.o [1]
  .text              ro code  0x1000'ae80      0x1e  cy_syslib_iar.o [1]
  .text              ro code  0x1000'aea0      0xe0  cy_sysreghc.o [1]
  .text              ro code  0x1000'af80     0x2b0  cy_srom.o [1]
  .text              ro code  0x1000'b230      0x54  cy_ipc_drv.o [1]
  .text              ro code  0x1000'b284     0x45c  cy_flash.o [1]
  .text              ro code  0x1000'b6e0     0x3bc  eth_process.o [1]
  .text              ro code  0x1000'ba9c      0x50  crc16.o [1]
  .text              ro code  0x1000'baec      0x4c  snprintf.o [2]
  .text              ro code  0x1000'bb38     0x324  cy_mw_flash.o [1]
  .text              ro code  0x1000'be5c     0x27c  eeprom.o [1]
  .text              ro code  0x1000'c0d8     0x390  handle_packet.o [1]
  .text              ro code  0x1000'c468     0x172  xprintftiny.o [2]
  .text              ro code  0x1000'c5dc      0x20  IxxToDbl.o [3]
  .text              ro code  0x1000'c5fc     0x1a8  DblAddSub.o [3]
  .text              ro code  0x1000'c7a4      0x2e  DblToI32.o [3]
  .text              ro code  0x1000'c7d4      0x8a  send_packet.o [1]
  .text              ro code  0x1000'c860       0xe  strlen.o [4]
  .text              ro code  0x1000'c870      0x7c  uart.o [1]
  .text              ro code  0x1000'c8ec     0x1ac  startup.o [1]
  .text              ro code  0x1000'ca98     0x12c  cy_interrupt_map.o [1]
  .text              ro code  0x1000'cbc4      0x98  main_cm0.o [1]
  .text              ro code  0x1000'cc5c      0x30  bsp.o [1]
  .rodata            const    0x1000'cc8c      0x6c  cy_srom.o [1]
  .text              ro code  0x1000'ccf8      0x6c  startup_cm0plus.o [1]
  .rodata            const    0x1000'cd64      0x5c  system_tviibh8m_cm0plus.o [1]
  .rodata            const    0x1000'cdc0      0x58  ethernet.o [1]
  .rodata            const    0x1000'ce18      0x54  cy_sysclk.o [1]
  .rodata            const    0x1000'ce6c      0x54  cy_sysclk.o [1]
  .rodata            const    0x1000'cec0      0x54  cy_systick.o [1]
  .rodata            const    0x1000'cf14      0x50  cy_mw_flash.o [1]
  .text              ro code  0x1000'cf64      0x3c  zero_init3.o [4]
  .text              ro code  0x1000'cfa0      0x28  data_init.o [4]
  .iar.init_table    const    0x1000'cfc8      0x28  - Linker created -
  .text              ro code  0x1000'cff0      0x1e  cmain.o [4]
  .text              ro code  0x1000'd010       0x4  startup_cm0plus.o [1]
  .text              ro code  0x1000'd014       0x8  exit.o [2]
  .text              ro code  0x1000'd01c       0xa  cexit.o [4]
  .text              ro code  0x1000'd028      0x14  exit.o [5]
  .text              ro code  0x1000'd03c      0x1c  startup_cm0plus.o [1]
  .text              ro code  0x1000'd058      0x1c  xsnprout.o [2]
  .text              ro code  0x1000'd074       0xc  cstartup_M.o [4]
  .text              ro code  0x1000'd080       0x2  startup_cm0plus.o [1]
  .text              ro code  0x1000'd084       0x2  startup_cm0plus.o [1]
  .text              ro code  0x1000'd088       0x2  startup_cm0plus.o [1]
  .text              ro code  0x1000'd08c       0x2  startup_cm0plus.o [1]
  .text              ro code  0x1000'd090       0x2  startup_cm0plus.o [1]
  .text              ro code  0x1000'd094       0x2  startup_cm0plus.o [1]
  .text              ro code  0x1000'd098       0x2  startup_cm0plus.o [1]
  .text              ro code  0x1000'd09c       0x2  startup_cm0plus.o [1]
  .text              ro code  0x1000'd0a0       0x2  startup_cm0plus.o [1]
  .text              ro code  0x1000'd0a4       0x2  startup_cm0plus.o [1]
  .text              ro code  0x1000'd0a8       0x2  startup_cm0plus.o [1]
  .text              ro code  0x1000'd0ac       0x2  startup_cm0plus.o [1]
  .rodata            const    0x1000'd0ae       0x0  zero_init3.o [4]
  .rodata            const    0x1000'd0ae       0x0  lz77_init_single.o [4]
  Initializer bytes  const    0x1000'd0ae     0x502  <for P2-1>
                            - 0x1000'd5b0    0xd530

"P2", part 1 of 3:                           0x5ffc
  P2-1                        0x2800'0800    0x5ffc  <Init block>
    .data            inited   0x2800'0800    0x1290  cy_ethif.o [1]
    .data            inited   0x2800'1a90      0x34  bsp.o [1]
    .data            inited   0x2800'1ac4     0x8dc  cy_interrupt_map.o [1]
    .data            inited   0x2800'23a0       0x4  cy_interrupt_map.o [1]
    .data            inited   0x2800'23a4     0x348  edd.o [1]
    .data            inited   0x2800'26ec    0x1658  ethernet.o [1]
    .data            inited   0x2800'3d44     0x564  ethernet.o [1]
    .data            inited   0x2800'42a8       0x4  ethernet.o [1]
    .data            inited   0x2800'42ac     0x348  handle_packet.o [1]
    .data            inited   0x2800'45f4       0x8  handle_packet.o [1]
    .data            inited   0x2800'45fc    0x2200  uart.o [1]
                            - 0x2800'67fc    0x5ffc

"P2", part 2 of 3:                         0x1'2004
  .bss               zero     0x2800'6800  0x1'0890  cy_ethif.o [1]
  .bss               zero     0x2801'7090    0x101c  eth_process.o [1]
  .bss               zero     0x2801'80ac     0x400  eeprom.o [1]
  .bss               zero     0x2801'84ac     0x180  cy_ethif.o [1]
  .bss               zero     0x2801'862c     0x130  cy_ethif.o [1]
  .bss               zero     0x2801'875c      0x24  cy_syslib.o [1]
  .bss               zero     0x2801'8780      0x19  cy_sysclk.o [1]
  .bss               zero     0x2801'8799       0x2  cy_ethif.o [1]
  .bss               zero     0x2801'879b       0x1  cy_systick.o [1]
  .bss               zero     0x2801'879c      0x18  cy_syslib.o [1]
  .bss               zero     0x2801'87b4      0x14  cy_systick.o [1]
  .bss               zero     0x2801'87c8      0x14  system_tviibh8m_cm0plus.o [1]
  .bss               zero     0x2801'87dc      0x10  cy_srom.o [1]
  .bss               zero     0x2801'87ec       0x8  eth_process.o [1]
  .bss               zero     0x2801'87f4       0x4  cy_srom.o [1]
  .bss               zero     0x2801'87f8       0x4  cy_syslib.o [1]
  .bss               zero     0x2801'87fc       0x2  cy_mw_flash.o [1]
                            - 0x2801'87fe  0x1'2002

"P2", part 3 of 3:                             0x80
  .intvec_ram        uninit   0x2801'8800      0x80  startup_cm0plus.o [1]
                            - 0x2801'8880      0x80

"A3":                                         0x400
  HEAP_STACK                  0x2801'fc00     0x400  <Block>
    CSTACK                    0x2801'fc00     0x400  <Block>
      CSTACK         uninit   0x2801'fc00     0x400  <Block tail>
                            - 0x2802'0000     0x400

"P3":                                          0x64
  .share_region      zero     0x2802'0000      0x64  main_cm0.o [1]
                            - 0x2802'0064      0x64

Unused ranges:

         From           To      Size
         ----           --      ----
  0x1000'd643  0x1007'ffff  0x7'29bd
  0x2801'8880  0x2801'fbff    0x7380
  0x2802'0064  0x2802'4fff    0x4f9c


*******************************************************************************
*** INIT TABLE
***

          Address      Size
          -------      ----
Zero (__iar_zero_init3)
    2 destination ranges, total size 0x1'2062:
          0x2800'6800  0x1'1ffe
          0x2802'0000      0x64

Copy/lz77 (__iar_lz77_init_single3)
    1 source range, total size 0x502 (5% of destination):
          0x1000'd0ae     0x502
    1 destination range, total size 0x5ffc:
          0x2800'0800    0x5ffc



*******************************************************************************
*** MODULE SUMMARY
***

    Module                     ro code  ro data  rw data
    ------                     -------  -------  -------
command line/config:
    ----------------------------------------------------
    Total:

D:\Develop\INS402\ins402\bootloader\iar_8.4\bootloader\Debug\Obj: [1]
    bsp.o                           48        3       52
    crc16.o                         80
    cy_ethif.o                   3'488      247   73'170
    cy_flash.o                   1'116
    cy_gpio.o                      372
    cy_interrupt_map.o             300      119    2'272
    cy_ipc_drv.o                    84
    cy_mw_flash.o                  804       80        2
    cy_power.o                     260
    cy_srom.o                      688      108       20
    cy_sysclk.o                  1'756      168       25
    cy_sysint.o                     96
    cy_syslib.o                     66                64
    cy_syslib_iar.o                 30
    cy_sysreghc.o                  224
    cy_systick.o                   536       84       21
    cy_syswdt.o                     92
    edd.o                       16'756       44      840
    edd_rx.o                    13'228
    edd_tx.o                     3'698
    eeprom.o                       636             1'024
    eth_process.o                  956             4'132
    ethernet.o                   1'564      458    7'104
    fifo.o                         142
    handle_packet.o                912       44      848
    main_cm0.o                     152               100
    platform.o                      28
    send_packet.o                  138
    startup.o                      428
    startup_cm0plus.o              306               128
    system_tviibh8m_cm0plus.o    1'520       92       20
    uart.o                         124      455    8'704
    ----------------------------------------------------
    Total:                      50'628    1'902   98'526

dl6M_tln.a: [2]
    exit.o                           8
    snprintf.o                      76
    xprintftiny.o                  370
    xsnprout.o                      28
    ----------------------------------------------------
    Total:                         482

m6M_tl.a: [3]
    DblAddSub.o                    424
    DblToI32.o                      46
    IxxToDbl.o                      32
    ----------------------------------------------------
    Total:                         502

rt6M_tl.a: [4]
    ABImemcpy.o                     78
    ABImemset.o                     94
    I32DivModFast.o                224
    I64DivMod.o                    106
    I64DivZer.o                      2
    I64Mul.o                        50
    IntDivZer.o                      2
    cexit.o                         10
    cmain.o                         30
    cstartup_M.o                    12
    data_init.o                     40
    lz77_init_single.o             126
    memcmp.o                        30
    strlen.o                        14
    strncpy.o                      192
    zero_init3.o                    60
    ----------------------------------------------------
    Total:                       1'070

shb_l.a: [5]
    exit.o                          20
    ----------------------------------------------------
    Total:                          20

    Gaps                            60                 4
    Linker created                           40    1'024
--------------------------------------------------------
    Grand Total:                52'762    1'942   99'554


*******************************************************************************
*** ENTRY LIST
***

Entry                       Address    Size  Type      Object
-----                       -------    ----  ----      ------
.iar.init_table$$Base   0x1000'cfc8           --   Gb  - Linker created -
.iar.init_table$$Limit  0x1000'cff0           --   Gb  - Linker created -
?main                   0x1000'cff1          Code  Gb  cmain.o [4]
CEDI_GetInstance        0x1000'41df     0x4  Code  Gb  edd.o [1]
CPS_UncachedRead32      0x1000'0081     0x4  Code  Gb  edd.o [1]
CPS_UncachedWrite32     0x1000'0085     0x4  Code  Gb  edd.o [1]
CSTACK$$Base            0x2801'fc00           --   Gb  - Linker created -
CSTACK$$Limit           0x2802'0000           --   Gb  - Linker created -
CY_FLASH_Program        0x1000'be5d    0x28  Code  Gb  eeprom.o [1]
CY_FLASH_Program_Code   0x1000'be85    0x38  Code  Gb  eeprom.o [1]
CalculateCRC            0x1000'ba9d    0x50  Code  Gb  crc16.o [1]
Check_LAN8770M_LinkStatus
                        0x1000'a1b9    0x1c  Code  Lc  ethernet.o [1]
CopyVectorTable         0x1000'ca0f    0x26  Code  Lc  startup.o [1]
CpuUserInt0_Handler     0x1000'caad    0x1e  Code  Gb  cy_interrupt_map.o [1]
CpuUserInt1_Handler     0x1000'cacb    0x1e  Code  Gb  cy_interrupt_map.o [1]
CpuUserInt2_Handler     0x1000'cae9    0x1e  Code  Gb  cy_interrupt_map.o [1]
CpuUserInt3_Handler     0x1000'cb07    0x1e  Code  Gb  cy_interrupt_map.o [1]
CpuUserInt4_Handler     0x1000'cb25    0x1e  Code  Gb  cy_interrupt_map.o [1]
CpuUserInt5_Handler     0x1000'cb43    0x1e  Code  Gb  cy_interrupt_map.o [1]
CpuUserInt6_Handler     0x1000'cb61    0x1e  Code  Gb  cy_interrupt_map.o [1]
CpuUserInt7_Handler     0x1000'cb7f    0x1e  Code  Gb  cy_interrupt_map.o [1]
Cy_DefaultUserHandler   0x1000'caab     0x2  Code  Gb  cy_interrupt_map.o [1]
Cy_EthIF_ClearReleasedBuf
                        0x1000'91a5    0x7a  Code  Gb  cy_ethif.o [1]
Cy_EthIF_GetBuf         0x1000'910d    0x8e  Code  Lc  cy_ethif.o [1]
Cy_EthIF_GetBuf::u8RxBufferPtr
                        0x2801'879a     0x1  Data  Lc  cy_ethif.o [1]
Cy_EthIF_GetBuf::u8TxBufferPtr
                        0x2801'8799     0x1  Data  Lc  cy_ethif.o [1]
Cy_EthIF_PrepareConfiguration
                        0x1000'8b4d   0x19a  Code  Lc  cy_ethif.o [1]
Cy_EthIf00_DecodeEvent  0x1000'8e25    0x10  Code  Gb  cy_ethif.o [1]
Cy_EthIf_AssignMemory   0x1000'8dbf    0x58  Code  Lc  cy_ethif.o [1]
Cy_EthIf_Callbacks      0x2800'17a4    0x48  Data  Gb  cy_ethif.o [1]
Cy_EthIf_ClearBuffer    0x1000'90ef    0x1a  Code  Lc  cy_ethif.o [1]
Cy_EthIf_DisableQueues  0x1000'88ad    0xa2  Code  Lc  cy_ethif.o [1]
Cy_EthIf_EnableInterrupts
                        0x1000'89e5   0x158  Code  Lc  cy_ethif.o [1]
Cy_EthIf_EventAn        0x1000'9059     0x2  Code  Lc  cy_ethif.o [1]
Cy_EthIf_EventExternalInt
                        0x1000'908d     0x2  Code  Lc  cy_ethif.o [1]
Cy_EthIf_EventLinkChange
                        0x1000'905b     0x2  Code  Lc  cy_ethif.o [1]
Cy_EthIf_EventLpPageRx  0x1000'9057     0x2  Code  Lc  cy_ethif.o [1]
Cy_EthIf_EventLpi       0x1000'9091     0x2  Code  Lc  cy_ethif.o [1]
Cy_EthIf_EventPauseFrame
                        0x1000'9089     0x2  Code  Lc  cy_ethif.o [1]
Cy_EthIf_EventPhyManComplete
                        0x1000'9053     0x2  Code  Lc  cy_ethif.o [1]
Cy_EthIf_EventPtp       0x1000'908b     0x2  Code  Lc  cy_ethif.o [1]
Cy_EthIf_EventRxError   0x1000'9051     0x2  Code  Lc  cy_ethif.o [1]
Cy_EthIf_EventRxFrame   0x1000'8f35   0x11c  Code  Lc  cy_ethif.o [1]
Cy_EthIf_EventTsu       0x1000'905d    0x2c  Code  Lc  cy_ethif.o [1]
Cy_EthIf_EventTx        0x1000'8e35    0x74  Code  Lc  cy_ethif.o [1]
Cy_EthIf_EventTxError   0x1000'8eb5    0x70  Code  Lc  cy_ethif.o [1]
Cy_EthIf_EventWol       0x1000'908f     0x2  Code  Lc  cy_ethif.o [1]
Cy_EthIf_EventhrespError
                        0x1000'9055     0x2  Code  Lc  cy_ethif.o [1]
Cy_EthIf_IPDisable      0x1000'8891    0x16  Code  Lc  cy_ethif.o [1]
Cy_EthIf_IPEnable       0x1000'8879    0x18  Code  Lc  cy_ethif.o [1]
Cy_EthIf_Init           0x1000'8625   0x1d2  Code  Gb  cy_ethif.o [1]
Cy_EthIf_Init::bBufferInitialized
                        0x2800'080c     0x1  Data  Lc  cy_ethif.o [1]
Cy_EthIf_InitializeBuffers
                        0x1000'9093    0x5c  Code  Lc  cy_ethif.o [1]
Cy_EthIf_PhyRegRead     0x1000'8ce7    0x66  Code  Gb  cy_ethif.o [1]
Cy_EthIf_PhyRegWrite    0x1000'8d4d    0x56  Code  Gb  cy_ethif.o [1]
Cy_EthIf_SetCopyAllFrames
                        0x1000'932d    0x32  Code  Gb  cy_ethif.o [1]
Cy_EthIf_SetFilterAddress
                        0x1000'936d    0x44  Code  Gb  cy_ethif.o [1]
Cy_EthIf_SetNoBroadCast
                        0x1000'92f5    0x32  Code  Gb  cy_ethif.o [1]
Cy_EthIf_TSUInit        0x1000'895d    0x7c  Code  Lc  cy_ethif.o [1]
Cy_EthIf_TransmitFrame  0x1000'9229    0xc2  Code  Gb  cy_ethif.o [1]
Cy_EthIf_WaitUsec       0x1000'8da3    0x1c  Code  Gb  cy_ethif.o [1]
Cy_EthIf_WrapperConfig  0x1000'87f7    0x82  Code  Lc  cy_ethif.o [1]
Cy_Ethx_InterruptHandler
                        0x1000'9ec9     0x8  Code  Gb  ethernet.o [1]
Cy_FlashHandler         0x1000'bbb7    0x30  Code  Lc  cy_mw_flash.o [1]
Cy_FlashInit            0x1000'bbe7    0x36  Code  Gb  cy_mw_flash.o [1]
Cy_FlashSectorErase     0x1000'bc21    0x68  Code  Gb  cy_mw_flash.o [1]
Cy_FlashWriteCode       0x1000'bd91    0x9a  Code  Gb  cy_mw_flash.o [1]
Cy_FlashWriteWork       0x1000'bcfb    0x92  Code  Gb  cy_mw_flash.o [1]
Cy_Flash_BlankCheck     0x1000'b625    0xa4  Code  Gb  cy_flash.o [1]
Cy_Flash_BoundsCheck    0x1000'b491    0x20  Code  Gb  cy_flash.o [1]
Cy_Flash_CallSromApiForFlashWrite
                        0x1000'b2af    0x54  Code  Lc  cy_flash.o [1]
Cy_Flash_EraseSector    0x1000'b555    0x74  Code  Gb  cy_flash.o [1]
Cy_Flash_IsWorkSmallSector
                        0x1000'b3ed    0x34  Code  Gb  cy_flash.o [1]
Cy_Flash_MainBoundsCheck
                        0x1000'b431    0x54  Code  Gb  cy_flash.o [1]
Cy_Flash_ProcessOpcode  0x1000'b4b1    0x9a  Code  Gb  cy_flash.o [1]
Cy_Flash_ProgramRow     0x1000'b303    0x90  Code  Gb  cy_flash.o [1]
Cy_Flash_Sectors_Erase  0x1000'bebd    0x48  Code  Gb  eeprom.o [1]
Cy_Flash_WorkBoundsCheck
                        0x1000'b393    0x54  Code  Gb  cy_flash.o [1]
Cy_Flashc_GetMainBankMode
                        0x1000'b293     0xe  Code  Lc  cy_flash.o [1]
Cy_Flashc_GetWorkBankMode
                        0x1000'b285     0xe  Code  Lc  cy_flash.o [1]
Cy_Flashc_InvalidateFlashCacheBuffer
                        0x1000'b2a1     0xe  Code  Lc  cy_flash.o [1]
Cy_Flashc_InvalidateFlashCacheBuffer
                        0x1000'bb91     0xe  Code  Lc  cy_mw_flash.o [1]
Cy_Flashc_MainWriteEnable
                        0x1000'bb9f     0xc  Code  Lc  cy_mw_flash.o [1]
Cy_Flashc_WorkWriteEnable
                        0x1000'bbab     0xc  Code  Lc  cy_mw_flash.o [1]
Cy_GPIO_ClearInterrupt  0x1000'a5fd     0xc  Code  Lc  cy_gpio.o [1]
Cy_GPIO_Clr             0x1000'9ec1     0x8  Code  Lc  ethernet.o [1]
Cy_GPIO_Pin_Init        0x1000'a63f    0x6c  Code  Gb  cy_gpio.o [1]
Cy_GPIO_Read            0x1000'cc5d     0xc  Code  Lc  bsp.o [1]
Cy_GPIO_Set             0x1000'9eb9     0x8  Code  Lc  ethernet.o [1]
Cy_GPIO_SetDriveSel     0x1000'a5df    0x1e  Code  Lc  cy_gpio.o [1]
Cy_GPIO_SetDrivemode    0x1000'a58f    0x1c  Code  Lc  cy_gpio.o [1]
Cy_GPIO_SetHSIOM        0x1000'a545    0x3a  Code  Lc  cy_gpio.o [1]
Cy_GPIO_SetInterruptEdge
                        0x1000'a623    0x1c  Code  Lc  cy_gpio.o [1]
Cy_GPIO_SetInterruptMask
                        0x1000'a609    0x1a  Code  Lc  cy_gpio.o [1]
Cy_GPIO_SetSlewRate     0x1000'a5c5    0x1a  Code  Lc  cy_gpio.o [1]
Cy_GPIO_SetVtrip        0x1000'a5ab    0x1a  Code  Lc  cy_gpio.o [1]
Cy_GPIO_Write           0x1000'a57f    0x10  Code  Lc  cy_gpio.o [1]
Cy_IPC_Drv_AcquireNotify
                        0x1000'b231    0x10  Code  Lc  cy_ipc_drv.o [1]
Cy_IPC_Drv_ClearInterrupt
                        0x1000'afc5    0x18  Code  Lc  cy_srom.o [1]
Cy_IPC_Drv_GetInterruptStatusMasked
                        0x1000'afc1     0x4  Code  Lc  cy_srom.o [1]
Cy_IPC_Drv_GetIntrBaseAddr
                        0x1000'af81    0x24  Code  Lc  cy_srom.o [1]
Cy_IPC_Drv_IsLockAcquired
                        0x1000'afe1     0x6  Code  Lc  cy_srom.o [1]
Cy_IPC_Drv_LockAcquire  0x1000'b245     0xe  Code  Gb  cy_ipc_drv.o [1]
Cy_IPC_Drv_SendMsgWord  0x1000'b253    0x28  Code  Gb  cy_ipc_drv.o [1]
Cy_IPC_Drv_SetInterruptMask
                        0x1000'afa5    0x16  Code  Lc  cy_srom.o [1]
Cy_IPC_Drv_WriteDataValue
                        0x1000'b241     0x4  Code  Lc  cy_ipc_drv.o [1]
Cy_PDMA_Chnl_Enable     0x1000'c875    0x16  Code  Lc  uart.o [1]
Cy_PDMA_Descr_SetSrcAddr
                        0x1000'c871     0x4  Code  Lc  uart.o [1]
Cy_Power_SwitchToPmic   0x1000'ae4b    0x12  Code  Gb  cy_power.o [1]
Cy_RestoreIRQ           0x1000'ae71          Code  Gb  startup_cm0plus.o [1]
Cy_SaveIRQ              0x1000'ae69          Code  Gb  startup_cm0plus.o [1]
Cy_Srom_CallApi         0x1000'afe7    0x94  Code  Gb  cy_srom.o [1]
Cy_Srom_CallApi_NonBlock
                        0x1000'b07b    0x54  Code  Gb  cy_srom.o [1]
Cy_Srom_ConvertRespToStatus
                        0x1000'b145    0x20  Code  Gb  cy_srom.o [1]
Cy_Srom_GetApiResponse  0x1000'b105    0x2e  Code  Gb  cy_srom.o [1]
Cy_Srom_GetResponseType
                        0x1000'b0cf    0x28  Code  Gb  cy_srom.o [1]
Cy_Srom_ISR_ResponseIPC
                        0x1000'b1c5    0x4e  Code  Lc  cy_srom.o [1]
Cy_Srom_SetResponseHandler
                        0x1000'b165    0x5a  Code  Gb  cy_srom.o [1]
Cy_SysClk_ClkPathGetSource
                        0x1000'9861    0x3e  Code  Gb  cy_sysclk.o [1]
Cy_SysClk_EcoGetStatus  0x1000'9715    0x16  Code  Lc  cy_sysclk.o [1]
Cy_SysClk_FllGetConfiguration
                        0x1000'98b5    0x6a  Code  Gb  cy_sysclk.o [1]
Cy_SysClk_FllGetLockStatus
                        0x1000'972b     0xc  Code  Lc  cy_sysclk.o [1]
Cy_SysClk_GetClkMemFrequency
                        0x1000'9d9d    0x2a  Code  Gb  cy_sysclk.o [1]
Cy_SysClk_GetClkSlowFrequency
                        0x1000'9dc7    0x22  Code  Gb  cy_sysclk.o [1]
Cy_SysClk_GetCoreFrequency
                        0x1000'9de9     0x8  Code  Gb  cy_sysclk.o [1]
Cy_SysClk_GetEcoFrequency
                        0x1000'9a1b    0x24  Code  Gb  cy_sysclk.o [1]
Cy_SysClk_GetExtFrequency
                        0x1000'9a3f    0x18  Code  Gb  cy_sysclk.o [1]
Cy_SysClk_GetFllInputFrequency
                        0x1000'9b19     0xc  Code  Gb  cy_sysclk.o [1]
Cy_SysClk_GetFllOutputFrequency
                        0x1000'9b3d    0x60  Code  Gb  cy_sysclk.o [1]
Cy_SysClk_GetHfClkFrequency
                        0x1000'9d21    0x66  Code  Gb  cy_sysclk.o [1]
Cy_SysClk_GetIlo0Frequency
                        0x1000'9a57    0x20  Code  Gb  cy_sysclk.o [1]
Cy_SysClk_GetIlo1Frequency
                        0x1000'9a77    0x20  Code  Gb  cy_sysclk.o [1]
Cy_SysClk_GetImoFrequency
                        0x1000'99fb    0x20  Code  Gb  cy_sysclk.o [1]
Cy_SysClk_GetPathFrequency
                        0x1000'9cf9    0x28  Code  Gb  cy_sysclk.o [1]
Cy_SysClk_GetPathSourceFrequency
                        0x1000'9abb    0x5e  Code  Gb  cy_sysclk.o [1]
Cy_SysClk_GetPll400MNo  0x1000'9767    0x14  Code  Lc  cy_sysclk.o [1]
Cy_SysClk_GetPllInputFrequency
                        0x1000'9b25    0x18  Code  Gb  cy_sysclk.o [1]
Cy_SysClk_GetPllNo      0x1000'9737    0x10  Code  Lc  cy_sysclk.o [1]
Cy_SysClk_GetPllOutputFrequency
                        0x1000'9bad   0x13a  Code  Gb  cy_sysclk.o [1]
Cy_SysClk_GetWcoFrequency
                        0x1000'9a97    0x24  Code  Gb  cy_sysclk.o [1]
Cy_SysClk_HfClockGetDivider
                        0x1000'97f1    0x2c  Code  Lc  cy_sysclk.o [1]
Cy_SysClk_HfClockGetSource
                        0x1000'97b1    0x3a  Code  Lc  cy_sysclk.o [1]
Cy_SysClk_InitGetFreqParams
                        0x1000'99e5    0x16  Code  Gb  cy_sysclk.o [1]
Cy_SysClk_MemClkGetDivider
                        0x1000'981d     0xa  Code  Lc  cy_sysclk.o [1]
Cy_SysClk_Pll400MGetConfiguration
                        0x1000'9969    0x76  Code  Gb  cy_sysclk.o [1]
Cy_SysClk_Pll400MGetLockStatus
                        0x1000'977b    0x22  Code  Lc  cy_sysclk.o [1]
Cy_SysClk_PllGetConfiguration
                        0x1000'9925    0x40  Code  Gb  cy_sysclk.o [1]
Cy_SysClk_PllGetLockStatus
                        0x1000'9747    0x20  Code  Lc  cy_sysclk.o [1]
Cy_SysClk_SlowClkGetDivider
                        0x1000'9831     0xa  Code  Lc  cy_sysclk.o [1]
Cy_SysClk_WcoOkay       0x1000'979f     0xe  Code  Lc  cy_sysclk.o [1]
Cy_SysEnableApplCore    0x1000'abd5    0x88  Code  Gb  system_tviibh8m_cm0plus.o [1]
Cy_SysGetApplCoreStatus
                        0x1000'ab8d    0x3e  Code  Gb  system_tviibh8m_cm0plus.o [1]
Cy_SysInt_InitIRQ       0x1000'a6b9    0x42  Code  Gb  cy_sysint.o [1]
Cy_SysInt_SetSystemIrqVector
                        0x1000'a6fb     0xe  Code  Gb  cy_sysint.o [1]
Cy_SysInt_SystemIrqUserTableRamPointer
                        0x2800'23a0     0x4  Data  Gb  cy_interrupt_map.o [1]
Cy_SysLib_DelayCycles   0x1000'ae81          Code  Gb  cy_syslib_iar.o [1]
Cy_SysLib_EnterCriticalSection
                        0x1000'ae91          Code  Gb  cy_syslib_iar.o [1]
Cy_SysLib_ExitCriticalSection
                        0x1000'ae99          Code  Gb  cy_syslib_iar.o [1]
Cy_SysLib_FaultHandler  0x1000'96a1    0x34  Code  Gb  cy_syslib.o [1]
Cy_SysLib_Halt          0x1000'969d     0x4  Code  Gb  cy_syslib.o [1]
Cy_SysReghc_AdjustOutputVoltage
                        0x1000'aeb5    0x16  Code  Gb  cy_sysreghc.o [1]
Cy_SysReghc_Enable      0x1000'af3d     0xe  Code  Gb  cy_sysreghc.o [1]
Cy_SysReghc_EnablePmicEnableOutput
                        0x1000'aecb    0x24  Code  Gb  cy_sysreghc.o [1]
Cy_SysReghc_EnablePmicStatusInput
                        0x1000'aeef    0x24  Code  Gb  cy_sysreghc.o [1]
Cy_SysReghc_IsConfigured
                        0x1000'af27     0x8  Code  Gb  cy_sysreghc.o [1]
Cy_SysReghc_IsEnabled   0x1000'af4b     0xc  Code  Gb  cy_sysreghc.o [1]
Cy_SysReghc_IsSequencerBusy
                        0x1000'af57     0x8  Code  Gb  cy_sysreghc.o [1]
Cy_SysReghc_SelectMode  0x1000'aea1    0x14  Code  Gb  cy_sysreghc.o [1]
Cy_SysReghc_SetConfigured
                        0x1000'af2f     0xe  Code  Gb  cy_sysreghc.o [1]
Cy_SysReghc_SetPmicStatusWaitTime
                        0x1000'af13    0x14  Code  Gb  cy_sysreghc.o [1]
Cy_SysResetApplCore     0x1000'ac65    0x42  Code  Gb  system_tviibh8m_cm0plus.o [1]
Cy_SysTick_Callbacks    0x2801'87b4    0x14  Data  Lc  cy_systick.o [1]
Cy_SysTick_Clear        0x1000'9493     0x8  Code  Gb  cy_systick.o [1]
Cy_SysTick_DelayCoreCycle
                        0x1000'94bd    0x6a  Code  Gb  cy_systick.o [1]
Cy_SysTick_DelayCoreCycle::isThisBeingCalled
                        0x2801'879b     0x1  Data  Lc  cy_systick.o [1]
Cy_SysTick_DelayInMs    0x1000'9563    0x3e  Code  Gb  cy_systick.o [1]
Cy_SysTick_DelayInUs    0x1000'9527    0x3c  Code  Gb  cy_systick.o [1]
Cy_SysTick_Disable      0x1000'9407    0x12  Code  Gb  cy_systick.o [1]
Cy_SysTick_DisableInterrupt
                        0x1000'9425     0xc  Code  Gb  cy_systick.o [1]
Cy_SysTick_Enable       0x1000'93f5    0x12  Code  Gb  cy_systick.o [1]
Cy_SysTick_EnableInterrupt
                        0x1000'9419     0xc  Code  Gb  cy_systick.o [1]
Cy_SysTick_GetCountFlag
                        0x1000'9487     0xc  Code  Gb  cy_systick.o [1]
Cy_SysTick_GetValue     0x1000'943b     0x6  Code  Gb  cy_systick.o [1]
Cy_SysTick_Init         0x1000'93c5    0x30  Code  Gb  cy_systick.o [1]
Cy_SysTick_ServiceCallbacks
                        0x1000'949b    0x22  Code  Lc  cy_systick.o [1]
Cy_SysTick_SetClockSource
                        0x1000'9441    0x46  Code  Gb  cy_systick.o [1]
Cy_SysTick_SetReload    0x1000'9431     0xa  Code  Gb  cy_systick.o [1]
Cy_SystemIrqUserTable   0x2800'1ac4   0x8dc  Data  Gb  cy_interrupt_map.o [1]
Cy_WDT_Disable          0x1000'ad45    0x16  Code  Gb  cy_syswdt.o [1]
Cy_WDT_Lock             0x1000'ad09    0x16  Code  Gb  cy_syswdt.o [1]
Cy_WDT_Unlock           0x1000'ad1f    0x26  Code  Gb  cy_syswdt.o [1]
Cy_WorkFlashBlankCheck  0x1000'bc89    0x72  Code  Gb  cy_mw_flash.o [1]
Cy_WorkFlash_Blanks_Check
                        0x1000'bf05    0x5e  Code  Gb  eeprom.o [1]
Cy_WorkFlash_Write_Check
                        0x1000'bf63    0x30  Code  Gb  eeprom.o [1]
Cy_u32StartupStackEndAddress
                        0x1000'cd60          Data  Gb  startup_cm0plus.o [1]
Cy_u32StartupStackStartAddress
                        0x1000'cd5c          Data  Gb  startup_cm0plus.o [1]
EEPROM_PrepareToEnteApp
                        0x1000'bfff     0xa  Code  Gb  eeprom.o [1]
EEPROM_PrepareToEnterBootloader
                        0x1000'bff5     0xa  Code  Gb  eeprom.o [1]
EEPROM_WriteApp         0x1000'c009    0x76  Code  Gb  eeprom.o [1]
EEPROM_WriteApp::write_buff_to_check
                        0x2801'80ac   0x400  Data  Lc  eeprom.o [1]
EmacDrv                 0x2800'23a4   0x348  Data  Gb  edd.o [1]
HEAP_STACK$$Base        0x2801'fc00           --   Gb  - Linker created -
HEAP_STACK$$Limit       0x2802'0000           --   Gb  - Linker created -
HW_EnforceBootMode      0x1000'c081    0x1e  Code  Gb  eeprom.o [1]
HW_EnforceBootMode::serialBootSig
                        0x1000'c0c8    0x10  Data  Lc  eeprom.o [1]
HandleUcbPacket         0x1000'c29d    0x4c  Code  Gb  handle_packet.o [1]
HandleUcbTx             0x1000'c801    0x5e  Code  Gb  send_packet.o [1]
InitPHY_LAN8770M        0x1000'a0f9    0xb4  Code  Lc  ethernet.o [1]
InitPHY_LAN8770M::init  0x1000'cdc0    0x58  Data  Lc  ethernet.o [1]
InitRamEcc              0x1000'c96d    0x90  Code  Lc  startup.o [1]
InitRamEccClearArea     0x1000'c9fd    0x12  Code  Lc  startup.o [1]
IsNeedToUpdateApp       0x1000'cbc5    0x10  Code  Gb  main_cm0.o [1]
Phy_LAN8770M_MDIO_validation
                        0x1000'a1d5    0x34  Code  Lc  ethernet.o [1]
PrepareSystemCallInfrastructure
                        0x1000'ca35    0x2e  Code  Lc  startup.o [1]
Region$$Table$$Base     0x1000'cfc8           --   Gb  - Linker created -
Region$$Table$$Limit    0x1000'cff0           --   Gb  - Linker created -
Startup_Init            0x1000'c945    0x28  Code  Gb  startup.o [1]
SwitchToExternal        0x1000'ad65    0xe6  Code  Lc  cy_power.o [1]
SystemCoreClock         0x2801'87cc     0x4  Data  Gb  system_tviibh8m_cm0plus.o [1]
SystemCoreClockUpdate   0x1000'aafd    0x7c  Code  Gb  system_tviibh8m_cm0plus.o [1]
SystemInit              0x1000'a719   0x3a8  Code  Gb  system_tviibh8m_cm0plus.o [1]
UcbPacketTypeToPacketBytes
                        0x1000'c7d5    0x26  Code  Lc  send_packet.o [1]
_PrintfTiny             0x1000'c483   0x158  Code  Gb  xprintftiny.o [2]
_RAM_SHARE_ADDR {Abs}   0x2802'0000          Data  Gb  <internal module>
_RAM_SHARE_ADDR_END {Abs}
                        0x2802'4fff          Data  Gb  <internal module>
_SNProut                0x1000'd059    0x1c  Code  Gb  xsnprout.o [2]
_SetNak                 0x1000'c0eb     0xa  Code  Lc  handle_packet.o [1]
_UcbError               0x1000'c285    0x10  Code  Lc  handle_packet.o [1]
__NVIC_ClearPendingIRQ  0x1000'ca99    0x12  Code  Lc  cy_interrupt_map.o [1]
__NVIC_EnableIRQ        0x1000'bb39    0x12  Code  Lc  cy_mw_flash.o [1]
__NVIC_EnableIRQ        0x1000'9e61    0x12  Code  Lc  ethernet.o [1]
__NVIC_EnableIRQ        0x1000'c8ed    0x12  Code  Lc  startup.o [1]
__NVIC_SetPriority      0x1000'bb4b    0x46  Code  Lc  cy_mw_flash.o [1]
__NVIC_SetPriority      0x1000'9e73    0x46  Code  Lc  ethernet.o [1]
__NVIC_SetPriority      0x1000'c8ff    0x46  Code  Lc  startup.o [1]
__NVIC_SystemReset      0x1000'b6e1    0x12  Code  Lc  eth_process.o [1]
__NVIC_SystemReset      0x1000'c0d9    0x12  Code  Lc  handle_packet.o [1]
__Vectors               0x1000'0000           --   Gb  startup_cm0plus.o [1]
__Vectors_End           0x1000'0080          Data  Gb  startup_cm0plus.o [1]
__Vectors_Size {Abs}           0x80           --   Gb  startup_cm0plus.o [1]
__aeabi_d2uiz           0x1000'c7a5          Code  Gb  DblToI32.o [3]
__aeabi_dadd            0x1000'c5fd          Code  Gb  DblAddSub.o [3]
__aeabi_idiv            0x1000'856b          Code  Gb  I32DivModFast.o [4]
__aeabi_idiv0           0x1000'8621          Code  Gb  IntDivZer.o [4]
__aeabi_idivmod         0x1000'856b          Code  Gb  I32DivModFast.o [4]
__aeabi_ldiv0           0x1000'9e5d          Code  Gb  I64DivZer.o [4]
__aeabi_lmul            0x1000'96e1          Code  Gb  I64Mul.o [4]
__aeabi_memclr4         0x1000'84b1          Code  Gb  ABImemset.o [4]
__aeabi_memclr8         0x1000'84b1          Code  Gb  ABImemset.o [4]
__aeabi_memcpy          0x1000'8525          Code  Gb  ABImemcpy.o [4]
__aeabi_memcpy4         0x1000'84f1          Code  Gb  ABImemcpy.o [4]
__aeabi_memcpy8         0x1000'84f1          Code  Gb  ABImemcpy.o [4]
__aeabi_memset          0x1000'8491          Code  Gb  ABImemset.o [4]
__aeabi_memset4         0x1000'84b5          Code  Gb  ABImemset.o [4]
__aeabi_memset8         0x1000'84b5          Code  Gb  ABImemset.o [4]
__aeabi_ui2d            0x1000'c5dd          Code  Gb  IxxToDbl.o [3]
__aeabi_uidiv           0x1000'8571          Code  Gb  I32DivModFast.o [4]
__aeabi_uidivmod        0x1000'8571          Code  Gb  I32DivModFast.o [4]
__aeabi_uldivmod        0x1000'9df1          Code  Gb  I64DivMod.o [4]
__cm7_0_vector_base_linker_symbol {Abs}
                        0x1008'0000          Data  Gb  <internal module>
__cm7_1_vector_base_linker_symbol {Abs}
                        0x1028'0000          Data  Gb  <internal module>
__cmain                 0x1000'cff1          Code  Gb  cmain.o [4]
__ecc_init_sram_end_address {Abs}
                        0x2801'ffff          Data  Gb  <internal module>
__ecc_init_sram_start_address {Abs}
                        0x2800'0800          Data  Gb  <internal module>
__exit                  0x1000'd029    0x14  Code  Gb  exit.o [5]
__iar_Memcpy            0x1000'8531          Code  Gb  ABImemcpy.o [4]
__iar_Memset4_word      0x1000'84c1          Code  Gb  ABImemset.o [4]
__iar_Memset_word       0x1000'849d          Code  Gb  ABImemset.o [4]
__iar_d2uiz             0x1000'c7a9          Code  Gb  DblToI32.o [3]
__iar_data_init3        0x1000'cfa1    0x28  Code  Gb  data_init.o [4]
__iar_lz77_init_single3
                        0x1000'5067    0x7e  Code  Gb  lz77_init_single.o [4]
__iar_program_start     0x1000'd075          Code  Gb  cstartup_M.o [4]
__iar_zero_init3        0x1000'cf65    0x3c  Code  Gb  zero_init3.o [4]
__low_level_init        0x1000'd011          Code  Gb  startup_cm0plus.o [1]
__ramVectors            0x2801'8800          Data  Gb  startup_cm0plus.o [1]
__vector_table          0x1000'0000          Data  Gb  startup_cm0plus.o [1]
__vector_table_0x1c     0x1000'001c          Data  Gb  startup_cm0plus.o [1]
_call_main              0x1000'cffd          Code  Gb  cmain.o [4]
_eth_rx_frame_callback  0x1000'9ed1    0x98  Code  Lc  ethernet.o [1]
_eth_rx_packet_handler  0x1000'b8f1    0x44  Code  Lc  eth_process.o [1]
_eth_rx_request_cs_handler
                        0x1000'b8dd    0x14  Code  Lc  eth_process.o [1]
_eth_rx_request_deviceinfo_handler
                        0x1000'b725    0x2a  Code  Lc  eth_process.o [1]
_eth_rx_request_ja_handler
                        0x1000'b79f    0x9c  Code  Lc  eth_process.o [1]
_eth_rx_request_ji_handler
                        0x1000'b779    0x26  Code  Lc  eth_process.o [1]
_eth_tx_binary_packet   0x1000'b6f3    0x30  Code  Gb  eth_process.o [1]
_ethernet_filter_init   0x1000'a0cd    0x22  Code  Lc  ethernet.o [1]
_ethernet_io_init       0x1000'9fd9    0xda  Code  Lc  ethernet.o [1]
_ethernet_struct_init   0x1000'9f71    0x68  Code  Lc  ethernet.o [1]
_exit                   0x1000'd01d          Code  Gb  cexit.o [4]
_main                   0x1000'd00b          Code  Gb  cmain.o [4]
_ucb_get_appversion     0x1000'c135    0x1a  Code  Lc  handle_packet.o [1]
_ucb_jump2app           0x1000'c18b    0x16  Code  Lc  handle_packet.o [1]
_ucb_jump2boot          0x1000'c165    0x26  Code  Lc  handle_packet.o [1]
_ucb_ping_product       0x1000'c0f5    0x2a  Code  Lc  handle_packet.o [1]
_ucb_set_core           0x1000'c1a1    0x44  Code  Gb  handle_packet.o [1]
_ucb_write_app          0x1000'c1e5    0x4e  Code  Lc  handle_packet.o [1]
access_ereg             0x1000'a20d    0xac  Code  Lc  ethernet.o [1]
access_ereg_modify_changed
                        0x1000'a2bd    0x38  Code  Lc  ethernet.o [1]
boot_switch_port_pin_cfg
                        0x2800'1a90    0x34  Data  Gb  bsp.o [1]
bootloader_version      0x2802'0000    0x64  Data  Gb  main_cm0.o [1]
bsp_boot_mode_read      0x1000'cc77     0xc  Code  Gb  bsp.o [1]
bsp_init                0x1000'cc69     0xe  Code  Gb  bsp.o [1]
cal_get_unit_serialnum  0x1000'a529    0x16  Code  Gb  platform.o [1]
calcDescriptorSizes     0x1000'0089    0x36  Code  Lc  edd.o [1]
callbacksNullCheck      0x1000'05d1   0x210  Code  Lc  edd.o [1]
clearAllInterrupts      0x1000'02d7    0xa2  Code  Lc  edd.o [1]
core_to_upgrade         0x2800'45f4     0x1  Data  Gb  handle_packet.o [1]
cy_assertFileName       0x2801'879c    0x18  Data  Gb  cy_syslib.o [1]
cy_assertLine           0x2801'87f8     0x4  Data  Gb  cy_syslib.o [1]
cy_delay32kMs           0x2801'87d8     0x4  Data  Gb  system_tviibh8m_cm0plus.o [1]
cy_delayFreqHz          0x2801'87d0     0x4  Data  Gb  system_tviibh8m_cm0plus.o [1]
cy_delayFreqKhz         0x2801'87d4     0x4  Data  Gb  system_tviibh8m_cm0plus.o [1]
cy_delayFreqMhz         0x2801'87c8     0x1  Data  Gb  system_tviibh8m_cm0plus.o [1]
cy_ethif_cfg            0x2801'862c   0x130  Data  Lc  cy_ethif.o [1]
cy_ethif_privatedata    0x2800'0854   0xe10  Data  Gb  cy_ethif.o [1]
cy_ethif_rx_desc_list   0x2800'1910   0x180  Data  Gb  cy_ethif.o [1]
cy_ethif_statistic      0x2800'1664   0x140  Data  Gb  cy_ethif.o [1]
cy_ethif_sysreq         0x2800'0830    0x10  Data  Lc  cy_ethif.o [1]
cy_ethif_tx_desc_list   0x2800'17f0   0x120  Data  Gb  cy_ethif.o [1]
cy_faultFrame           0x2801'875c    0x24  Data  Gb  cy_syslib.o [1]
cy_str_rxBufStatus      0x2801'84ac   0x180  Data  Gb  cy_ethif.o [1]
cy_str_txBufStatus      0x2800'6800    0x90  Data  Gb  cy_ethif.o [1]
cyp_ethif_gemgxlobj     0x2800'0848     0x4  Data  Lc  cy_ethif.o [1]
cyp_ethif_pd            0x2800'0840     0x8  Data  Lc  cy_ethif.o [1]
cyp_ethif_statistic     0x2800'084c     0x8  Data  Lc  cy_ethif.o [1]
debug_tx_data           0x2800'469c    0x80  Data  Lc  uart.o [1]
dec_txbd                0x1000'421b    0x34  Code  Lc  edd_tx.o [1]
disableAllInterrupts    0x1000'0283    0x54  Code  Lc  edd.o [1]
dw1ch_uart7_tx_config   0x2800'471c    0x48  Data  Lc  uart.o [1]
dw_uart7_tx_descr       0x2800'4600    0x18  Data  Lc  uart.o [1]
emacAbortTx             0x1000'4ca1    0x1a  Code  Gb  edd_tx.o [1]
emacAddRxBuf            0x1000'517f    0xfc  Code  Gb  edd_rx.o [1]
emacAdjust1588Timer     0x1000'2d6f    0x4a  Code  Gb  edd.o [1]
emacCalcMaxRxFrameSize  0x1000'50e5    0x9a  Code  Gb  edd_rx.o [1]
emacCalcMaxTxFrameSize  0x1000'424f   0x16a  Code  Gb  edd_tx.o [1]
emacClearRxStatus       0x1000'5a03    0x42  Code  Gb  edd_rx.o [1]
emacClearStats          0x1000'3c49    0x2a  Code  Gb  edd.o [1]
emacClearTxStatus       0x1000'4d61    0x76  Code  Gb  edd_tx.o [1]
emacDeQTxBuf            0x1000'467d    0x90  Code  Gb  edd_tx.o [1]
emacDestroy             0x1000'134f    0x18  Code  Gb  edd.o [1]
emacDisableCbs          0x1000'4ef7    0x3e  Code  Gb  edd_tx.o [1]
emacDisableRx           0x1000'568d    0x1a  Code  Gb  edd_rx.o [1]
emacDisableSpecAddr     0x1000'6d81   0x262  Code  Gb  edd_rx.o [1]
emacEnableCbs           0x1000'4e71    0x86  Code  Gb  edd_tx.o [1]
emacEnableRx            0x1000'5675    0x18  Code  Gb  edd_rx.o [1]
emacEnableTx            0x1000'4cd3    0x18  Code  Gb  edd_tx.o [1]
emacFindQBaseAddr       0x1000'5733    0x5a  Code  Gb  edd_rx.o [1]
emacFreeTxDesc          0x1000'4739   0x146  Code  Gb  edd_tx.o [1]
emacGet1536ByteFramesRx
                        0x1000'23a9    0x26  Code  Gb  edd.o [1]
emacGet1588OneStepTxSyncEnable
                        0x1000'3165    0x32  Code  Gb  edd.o [1]
emacGet1588SyncStrobeTime
                        0x1000'3053    0x52  Code  Gb  edd.o [1]
emacGet1588Timer        0x1000'2ced    0x82  Code  Gb  edd.o [1]
emacGet1588TimerInc     0x1000'2e1b    0x5c  Code  Gb  edd.o [1]
emacGetAnAdvPage        0x1000'360d    0x52  Code  Gb  edd.o [1]
emacGetAnComplete       0x1000'3545    0x2e  Code  Gb  edd.o [1]
emacGetAnRemoteFault    0x1000'3517    0x28  Code  Gb  edd.o [1]
emacGetAutoNegEnable    0x1000'348d    0x36  Code  Gb  edd.o [1]
emacGetCbsQSetting      0x1000'4f35    0x70  Code  Gb  edd_tx.o [1]
emacGetCollisionTest    0x1000'3fd7    0x3a  Code  Gb  edd.o [1]
emacGetCopyAllFrames    0x1000'72c9    0x26  Code  Gb  edd_rx.o [1]
emacGetCopyPauseDisable
                        0x1000'2939    0x26  Code  Gb  edd.o [1]
emacGetDescTimeStampMode
                        0x1000'3219    0x4e  Code  Gb  edd.o [1]
emacGetDesignConfig     0x1000'3e79    0x20  Code  Gb  edd.o [1]
emacGetEnableMultiPfcPauseQuantum
                        0x1000'2a7f    0x24  Code  Gb  edd.o [1]
emacGetEventEnable      0x1000'1e61   0x210  Code  Gb  edd.o [1]
emacGetExtTsuPortEnable
                        0x1000'30e7    0x36  Code  Gb  edd.o [1]
emacGetFcsRemove        0x1000'2461    0x26  Code  Gb  edd.o [1]
emacGetFullDuplex       0x1000'2569    0x26  Code  Gb  edd.o [1]
emacGetHashAddr         0x1000'7315    0x2a  Code  Gb  edd_rx.o [1]
emacGetHdrDataSplit     0x1000'5a8d    0x34  Code  Gb  edd_rx.o [1]
emacGetIfCapabilities   0x1000'264b    0x18  Code  Gb  edd.o [1]
emacGetIfSpeed          0x1000'2145    0x36  Code  Gb  edd.o [1]
emacGetIgnoreFcsRx      0x1000'25c5    0x26  Code  Gb  edd.o [1]
emacGetIntrptModerate   0x1000'20bd    0x3a  Code  Gb  edd.o [1]
emacGetIpgStretch       0x1000'5015    0x52  Code  Gb  edd_tx.o [1]
emacGetJumboFrameRxMaxLen
                        0x1000'2233    0x22  Code  Gb  edd.o [1]
emacGetJumboFramesRx    0x1000'21af    0x26  Code  Gb  edd.o [1]
emacGetLenErrDiscard    0x1000'7371    0x26  Code  Gb  edd_rx.o [1]
emacGetLinkStatus       0x1000'34ef    0x28  Code  Gb  edd.o [1]
emacGetLoopback         0x1000'2b41    0x42  Code  Gb  edd.o [1]
emacGetLpAbilityPage    0x1000'365f    0xa8  Code  Gb  edd.o [1]
emacGetLpNextPage       0x1000'37df    0x46  Code  Gb  edd.o [1]
emacGetLpiStats         0x1000'3e23    0x56  Code  Gb  edd.o [1]
emacGetLpiTxEnable      0x1000'3dff    0x24  Code  Gb  edd.o [1]
emacGetMdioEnable       0x1000'3865    0x16  Code  Gb  edd.o [1]
emacGetMdioIdle         0x1000'394f    0x18  Code  Gb  edd.o [1]
emacGetMdioInState      0x1000'4175    0x26  Code  Gb  edd.o [1]
emacGetMdioReadData     0x1000'3931    0x1e  Code  Gb  edd.o [1]
emacGetMulticastEnable  0x1000'7167    0x26  Code  Gb  edd_rx.o [1]
emacGetNextPageTx       0x1000'37a5    0x3a  Code  Gb  edd.o [1]
emacGetNoBroadcast      0x1000'71bb    0x26  Code  Gb  edd_rx.o [1]
emacGetNumScreenRegs    0x1000'7397    0x26  Code  Gb  edd_rx.o [1]
emacGetPageRx           0x1000'3707    0x28  Code  Gb  edd.o [1]
emacGetPauseEnable      0x1000'26a5    0x26  Code  Gb  edd.o [1]
emacGetPcsReady         0x1000'3329    0x3a  Code  Gb  edd.o [1]
emacGetPfcPriorityBasedPauseRx
                        0x1000'2991    0x24  Code  Gb  edd.o [1]
emacGetPhyId            0x1000'3825    0x10  Code  Gb  edd.o [1]
emacGetPtpFrameRxTime   0x1000'2f69    0x4e  Code  Gb  edd.o [1]
emacGetPtpFrameTxTime   0x1000'2f1b    0x4e  Code  Gb  edd.o [1]
emacGetPtpPeerFrameRxTime
                        0x1000'3005    0x4e  Code  Gb  edd.o [1]
emacGetPtpPeerFrameTxTime
                        0x1000'2fb7    0x4e  Code  Gb  edd.o [1]
emacGetPtpRxUnicastIpAddr
                        0x1000'2c0d    0x1e  Code  Gb  edd.o [1]
emacGetPtpTxUnicastIpAddr
                        0x1000'2c5b    0x1e  Code  Gb  edd.o [1]
emacGetReadSnapshot     0x1000'3ced    0x38  Code  Gb  edd.o [1]
emacGetRetryTest        0x1000'4049    0x26  Code  Gb  edd.o [1]
emacGetRscEnable        0x1000'5b2d    0x4a  Code  Gb  edd_rx.o [1]
emacGetRxBackPressure   0x1000'3f65    0x24  Code  Gb  edd.o [1]
emacGetRxBadPreamble    0x1000'250f    0x26  Code  Gb  edd.o [1]
emacGetRxBufOffset      0x1000'234d    0x24  Code  Gb  edd.o [1]
emacGetRxChecksumOffload
                        0x1000'2409    0x26  Code  Gb  edd.o [1]
emacGetRxDescSize       0x1000'564f    0x10  Code  Gb  edd_rx.o [1]
emacGetRxDescStat       0x1000'5505   0x14a  Code  Gb  edd_rx.o [1]
emacGetRxDmaDataAddrMask
                        0x1000'24b1    0x2c  Code  Gb  edd.o [1]
emacGetRxHalfDuplexInTx
                        0x1000'2625    0x26  Code  Gb  edd.o [1]
emacGetRxPartialStFwd   0x1000'5c3d    0x3a  Code  Gb  edd_rx.o [1]
emacGetRxPauseQuantum   0x1000'26ff    0x1e  Code  Gb  edd.o [1]
emacGetRxStatus         0x1000'59c3    0x40  Code  Gb  edd_rx.o [1]
emacGetSpecificAddr     0x1000'6621   0x6c6  Code  Gb  edd_rx.o [1]
emacGetSpecificAddr1Mask
                        0x1000'6d35    0x4c  Code  Gb  edd_rx.o [1]
emacGetStackedVlanReg   0x1000'7275    0x20  Code  Gb  edd_rx.o [1]
emacGetStoreRxTimeStamp
                        0x1000'32a9    0x36  Code  Gb  edd.o [1]
emacGetTsuTimerCompVal  0x1000'2ed5    0x46  Code  Gb  edd.o [1]
emacGetTxChecksumOffload
                        0x1000'22ed    0x26  Code  Gb  edd.o [1]
emacGetTxDescSize       0x1000'48b9    0x10  Code  Gb  edd_tx.o [1]
emacGetTxDescStat       0x1000'487f    0x3a  Code  Gb  edd_tx.o [1]
emacGetTxEnabled        0x1000'4ceb    0x16  Code  Gb  edd_tx.o [1]
emacGetTxPartialStFwd   0x1000'4e37    0x3a  Code  Gb  edd_tx.o [1]
emacGetTxPauseQuantum   0x1000'2849    0xbe  Code  Gb  edd.o [1]
emacGetTxPfcPauseFrameFields
                        0x1000'2a11    0x28  Code  Gb  edd.o [1]
emacGetTxStatus         0x1000'4d01    0x60  Code  Gb  edd_tx.o [1]
emacGetType1ScreenReg   0x1000'7509   0x132  Code  Gb  edd_rx.o [1]
emacGetType2CompareReg  0x1000'8029   0x3f8  Code  Gb  edd_rx.o [1]
emacGetType2EthertypeReg
                        0x1000'7af1    0xac  Code  Gb  edd_rx.o [1]
emacGetType2ScreenReg   0x1000'78b9   0x166  Code  Gb  edd_rx.o [1]
emacGetTypeIdMatch      0x1000'7063    0x76  Code  Gb  edd_rx.o [1]
emacGetUniDirEnable     0x1000'2287    0x20  Code  Gb  edd.o [1]
emacGetUnicastEnable    0x1000'710d    0x26  Code  Gb  edd_rx.o [1]
emacGetUnicastPtpDetect
                        0x1000'2bb9    0x24  Code  Gb  edd.o [1]
emacGetUserInPin        0x1000'4135    0x40  Code  Gb  edd.o [1]
emacGetVlanOnly         0x1000'7215    0x26  Code  Gb  edd_rx.o [1]
emacGetWakeOnLanReg     0x1000'3d91    0x3a  Code  Gb  edd.o [1]
emacGetWriteStatsEnable
                        0x1000'3ed7    0x30  Code  Gb  edd.o [1]
emacIncStatsRegs        0x1000'3f07    0x2a  Code  Gb  edd.o [1]
emacInit                0x1000'0f91   0x3be  Code  Gb  edd.o [1]
emacIsr                 0x1000'13cd   0x676  Code  Gb  edd.o [1]
emacNumRxBufs           0x1000'527b    0x2a  Code  Gb  edd_rx.o [1]
emacNumRxUsed           0x1000'52a5    0x52  Code  Gb  edd_rx.o [1]
emacPhyStartMdioRead    0x1000'38cd    0x5c  Code  Gb  edd.o [1]
emacPhyStartMdioWrite   0x1000'387b    0x4e  Code  Gb  edd.o [1]
emacProbe               0x1000'0e67   0x126  Code  Gb  edd.o [1]
emacQTxBuf              0x1000'44f1   0x184  Code  Gb  edd_tx.o [1]
emacQueueTxBuf          0x1000'43bd   0x134  Code  Gb  edd_tx.o [1]
emacReadReg             0x1000'419b    0x24  Code  Gb  edd.o [1]
emacReadRxBuf           0x1000'52fd   0x1fa  Code  Gb  edd_rx.o [1]
emacReadStats           0x1000'3967   0x2e2  Code  Gb  edd.o [1]
emacReadUserInputs      0x1000'4109    0x2c  Code  Gb  edd.o [1]
emacReadUserOutputs     0x1000'4091    0x2a  Code  Gb  edd.o [1]
emacRemoveRxBuf         0x1000'56a7    0x8c  Code  Gb  edd_rx.o [1]
emacResetPcs            0x1000'32df    0x44  Code  Gb  edd.o [1]
emacResetRxQ            0x1000'5795   0x22e  Code  Gb  edd_rx.o [1]
emacResetTxQ            0x1000'48c9   0x33e  Code  Gb  edd_tx.o [1]
emacRxEnabled           0x1000'565f    0x16  Code  Gb  edd_rx.o [1]
emacSet1536ByteFramesRx
                        0x1000'2371    0x32  Code  Gb  edd.o [1]
emacSet1588OneStepTxSyncEnable
                        0x1000'311d    0x42  Code  Gb  edd.o [1]
emacSet1588Timer        0x1000'2c79    0x70  Code  Gb  edd.o [1]
emacSet1588TimerInc     0x1000'2dbd    0x5e  Code  Gb  edd.o [1]
emacSetAnAdvPage        0x1000'3573    0x88  Code  Gb  edd.o [1]
emacSetAutoNegEnable    0x1000'3415    0x72  Code  Gb  edd.o [1]
emacSetCollisionTest    0x1000'3f89    0x4e  Code  Gb  edd.o [1]
emacSetCopyAllFrames    0x1000'7295    0x34  Code  Gb  edd_rx.o [1]
emacSetCopyPauseDisable
                        0x1000'2907    0x2c  Code  Gb  edd.o [1]
emacSetDescTimeStampMode
                        0x1000'3197    0x82  Code  Gb  edd.o [1]
emacSetEnableMultiPfcPauseQuantum
                        0x1000'2a39    0x46  Code  Gb  edd.o [1]
emacSetEventEnable      0x1000'1a51   0x40a  Code  Gb  edd.o [1]
emacSetExtTsuPortEnable
                        0x1000'30a5    0x42  Code  Gb  edd.o [1]
emacSetFcsRemove        0x1000'242f    0x32  Code  Gb  edd.o [1]
emacSetFullDuplex       0x1000'2535    0x34  Code  Gb  edd.o [1]
emacSetHashAddr         0x1000'72ef    0x26  Code  Gb  edd_rx.o [1]
emacSetHdrDataSplit     0x1000'5a45    0x48  Code  Gb  edd_rx.o [1]
emacSetIfSpeed          0x1000'20f7    0x4e  Code  Gb  edd.o [1]
emacSetIgnoreFcsRx      0x1000'258f    0x32  Code  Gb  edd.o [1]
emacSetIntrptModerate   0x1000'2071    0x46  Code  Gb  edd.o [1]
emacSetIpgStretch       0x1000'4fa5    0x62  Code  Gb  edd_tx.o [1]
emacSetJumboFrameRxMaxLen
                        0x1000'21d5    0x5e  Code  Gb  edd.o [1]
emacSetJumboFramesRx    0x1000'217b    0x34  Code  Gb  edd.o [1]
emacSetLenErrDiscard    0x1000'733f    0x32  Code  Gb  edd_rx.o [1]
emacSetLoopback         0x1000'2aa3    0x9e  Code  Gb  edd.o [1]
emacSetLpiTxEnable      0x1000'3dcb    0x34  Code  Gb  edd.o [1]
emacSetMdioEnable       0x1000'3835    0x30  Code  Gb  edd.o [1]
emacSetMulticastEnable  0x1000'7133    0x34  Code  Gb  edd_rx.o [1]
emacSetNextPageTx       0x1000'372f    0x76  Code  Gb  edd.o [1]
emacSetNoBroadcast      0x1000'718d    0x2e  Code  Gb  edd_rx.o [1]
emacSetPauseEnable      0x1000'2663    0x32  Code  Gb  edd.o [1]
emacSetPfcPriorityBasedPauseRx
                        0x1000'295f    0x2e  Code  Gb  edd.o [1]
emacSetPtpRxUnicastIpAddr
                        0x1000'2bdd    0x30  Code  Gb  edd.o [1]
emacSetPtpTxUnicastIpAddr
                        0x1000'2c2b    0x30  Code  Gb  edd.o [1]
emacSetReadSnapshot     0x1000'3ca5    0x48  Code  Gb  edd.o [1]
emacSetRetryTest        0x1000'4011    0x32  Code  Gb  edd.o [1]
emacSetRscClearMask     0x1000'5b77    0x46  Code  Gb  edd_rx.o [1]
emacSetRscEnable        0x1000'5ac1    0x64  Code  Gb  edd_rx.o [1]
emacSetRxBackPressure   0x1000'3f31    0x2e  Code  Gb  edd.o [1]
emacSetRxBadPreamble    0x1000'24dd    0x32  Code  Gb  edd.o [1]
emacSetRxBufOffset      0x1000'2313    0x3a  Code  Gb  edd.o [1]
emacSetRxChecksumOffload
                        0x1000'23cf    0x32  Code  Gb  edd.o [1]
emacSetRxDmaDataAddrMask
                        0x1000'2487    0x2a  Code  Gb  edd.o [1]
emacSetRxHalfDuplexInTx
                        0x1000'25eb    0x32  Code  Gb  edd.o [1]
emacSetRxPartialStFwd   0x1000'5be5    0x58  Code  Gb  edd_rx.o [1]
emacSetSpecificAddr     0x1000'5c79   0x9a8  Code  Gb  edd_rx.o [1]
emacSetSpecificAddr1Mask
                        0x1000'6ce7    0x4e  Code  Gb  edd_rx.o [1]
emacSetStackedVlanReg   0x1000'723b    0x3a  Code  Gb  edd_rx.o [1]
emacSetStoreRxTimeStamp
                        0x1000'3267    0x42  Code  Gb  edd.o [1]
emacSetTsuTimerCompVal  0x1000'2e77    0x50  Code  Gb  edd.o [1]
emacSetTxChecksumOffload
                        0x1000'22a7    0x40  Code  Gb  edd.o [1]
emacSetTxPartialStFwd   0x1000'4dd7    0x60  Code  Gb  edd_tx.o [1]
emacSetTxPauseQuantum   0x1000'271d   0x12a  Code  Gb  edd.o [1]
emacSetTxPfcPauseFrameFields
                        0x1000'29f5    0x1c  Code  Gb  edd.o [1]
emacSetType1ScreenReg   0x1000'73bd   0x14a  Code  Gb  edd_rx.o [1]
emacSetType2CompareReg  0x1000'7bb1   0x404  Code  Gb  edd_rx.o [1]
emacSetType2EthertypeReg
                        0x1000'7a2d    0xa6  Code  Gb  edd_rx.o [1]
emacSetType2ScreenReg   0x1000'7665   0x252  Code  Gb  edd_rx.o [1]
emacSetTypeIdMatch      0x1000'6fe3    0x80  Code  Gb  edd_rx.o [1]
emacSetUniDirEnable     0x1000'2255    0x32  Code  Gb  edd.o [1]
emacSetUnicastEnable    0x1000'70d9    0x34  Code  Gb  edd_rx.o [1]
emacSetUnicastPtpDetect
                        0x1000'2b83    0x2e  Code  Gb  edd.o [1]
emacSetUserOutPin       0x1000'40bb    0x4e  Code  Gb  edd.o [1]
emacSetVlanOnly         0x1000'71e1    0x34  Code  Gb  edd_rx.o [1]
emacSetWakeOnLanReg     0x1000'3d25    0x6c  Code  Gb  edd.o [1]
emacSetWriteStatsEnable
                        0x1000'3e99    0x3e  Code  Gb  edd.o [1]
emacStart               0x1000'1367    0x1e  Code  Gb  edd.o [1]
emacStartAutoNegotiation
                        0x1000'3363    0xac  Code  Gb  edd.o [1]
emacStartTx             0x1000'4c29    0x5e  Code  Gb  edd_tx.o [1]
emacStop                0x1000'1385    0x3c  Code  Gb  edd.o [1]
emacStopTx              0x1000'4c87    0x1a  Code  Gb  edd_tx.o [1]
emacTakeSnapshot        0x1000'3c73    0x32  Code  Gb  edd.o [1]
emacTransmitting        0x1000'4cbb    0x18  Code  Gb  edd_tx.o [1]
emacTxDescFree          0x1000'470d    0x2c  Code  Gb  edd_tx.o [1]
emacTxPauseFrame        0x1000'26cb    0x1a  Code  Gb  edd.o [1]
emacTxPfcPriorityBasedPause
                        0x1000'29b5    0x40  Code  Gb  edd.o [1]
emacTxZeroQPause        0x1000'26e5    0x1a  Code  Gb  edd.o [1]
emacWriteReg            0x1000'41bf    0x20  Code  Gb  edd.o [1]
emacWriteUserOutputs    0x1000'406f    0x22  Code  Gb  edd.o [1]
eth_input_mesgid        0x1000'ba84    0x18  Data  Gb  eth_process.o [1]
eth_recieve_process     0x1000'b941   0x10a  Code  Gb  eth_process.o [1]
eth_recieve_process::binary_packet_rx
                        0x2801'7090   0x808  Data  Lc  eth_process.o [1]
eth_recieve_process::bytesInBuffer
                        0x2801'809c     0x2  Data  Lc  eth_process.o [1]
eth_recieve_process::dataBuffer
                        0x2801'789c   0x800  Data  Lc  eth_process.o [1]
eth_recieve_process::len
                        0x2801'80a8     0x4  Data  Lc  eth_process.o [1]
eth_recieve_process::length
                        0x2801'80a4     0x4  Data  Lc  eth_process.o [1]
eth_recieve_process::pos
                        0x2801'809e     0x2  Data  Lc  eth_process.o [1]
eth_recieve_process::state
                        0x2801'7898     0x1  Data  Lc  eth_process.o [1]
eth_recieve_process::sync
                        0x2801'80a0     0x4  Data  Lc  eth_process.o [1]
eth_rx_buff             0x2800'2cec  0x1000  Data  Lc  ethernet.o [1]
eth_rx_fifo             0x2800'3cec     0xc  Data  Lc  ethernet.o [1]
eth_tx_frame            0x2800'2700   0x5ec  Data  Lc  ethernet.o [1]
ethernet_check_link     0x1000'a391    0x2c  Code  Gb  ethernet.o [1]
ethernet_dev            0x2800'26fc     0x4  Data  Gb  ethernet.o [1]
ethernet_get_data       0x1000'a449     0xe  Code  Gb  ethernet.o [1]
ethernet_init           0x1000'a301    0x86  Code  Gb  ethernet.o [1]
ethernet_send_data      0x1000'a3c9    0x80  Code  Gb  ethernet.o [1]
ethernet_srcMacAddr     0x2800'26f4     0x8  Data  Gb  ethernet.o [1]
exit                    0x1000'd015     0x8  Code  Gb  exit.o [2]
fifo_get                0x1000'a4db    0x4e  Code  Gb  fifo.o [1]
fifo_init               0x1000'a49b     0xc  Code  Gb  fifo.o [1]
fifo_push               0x1000'a4a7    0x34  Code  Gb  fifo.o [1]
fileter1Config          0x2800'26ec     0x8  Data  Gb  ethernet.o [1]
g_EthConfigTbl          0x2800'3dbc    0x78  Data  Gb  ethernet.o [1]
g_EthLanEnTbl           0x2800'3e34    0x3c  Data  Gb  ethernet.o [1]
g_EthModeConfigTbl      0x2800'3d44    0x78  Data  Gb  ethernet.o [1]
g_EtherPortConfigTbl    0x2800'3e70   0x438  Data  Gb  ethernet.o [1]
g_NB_ModeEnabled        0x2801'87fd     0x1  Data  Lc  cy_mw_flash.o [1]
g_completeFlag          0x2801'87fc     0x1  Data  Lc  cy_mw_flash.o [1]
g_scratch               0x2801'87dc    0x10  Data  Lc  cy_srom.o [1]
g_stc_uart_config_uart7
                        0x2800'4650    0x4c  Data  Lc  uart.o [1]
g_stc_uart_context_uart7
                        0x2800'4618    0x38  Data  Lc  uart.o [1]
g_uart7_in_data         0x2800'4764    0x80  Data  Lc  uart.o [1]
get_bin_size            0x1000'c295     0x6  Code  Gb  handle_packet.o [1]
get_ucb_packet          0x1000'c2f1   0x158  Code  Lc  handle_packet.o [1]
get_ucb_packet::bytesInBuffer
                        0x2800'45bc     0x4  Data  Lc  handle_packet.o [1]
get_ucb_packet::code    0x2800'45ba     0x2  Data  Lc  handle_packet.o [1]
get_ucb_packet::crcError
                        0x2800'45c4     0x4  Data  Lc  handle_packet.o [1]
get_ucb_packet::crcMsg  0x2800'45b8     0x2  Data  Lc  handle_packet.o [1]
get_ucb_packet::dataBuffer
                        0x2800'43b8   0x200  Data  Lc  handle_packet.o [1]
get_ucb_packet::len     0x2800'45c8     0x4  Data  Lc  handle_packet.o [1]
get_ucb_packet::loop_count
                        0x2800'45d4     0x4  Data  Lc  handle_packet.o [1]
get_ucb_packet::ptr     0x2800'45cc     0x4  Data  Lc  handle_packet.o [1]
get_ucb_packet::state   0x2800'45c0     0x4  Data  Lc  handle_packet.o [1]
get_ucb_packet::sync    0x2800'45d0     0x4  Data  Lc  handle_packet.o [1]
get_ucb_packet::ucbPacket
                        0x2800'42ac   0x10c  Data  Lc  handle_packet.o [1]
gp_srom_resp_handler    0x2801'87f4     0x4  Data  Lc  cy_srom.o [1]
inc_txbd                0x1000'41f5    0x26  Code  Lc  edd_tx.o [1]
initAllRegs             0x1000'0381   0x246  Code  Lc  edd.o [1]
initAxiMaxPipelineReg   0x1000'0809    0x6e  Code  Lc  edd.o [1]
initDmaConfigReg        0x1000'0903    0xcc  Code  Lc  edd.o [1]
initNetConfigReg        0x1000'09ed   0x124  Code  Lc  edd.o [1]
initNetControlReg       0x1000'0899    0x6a  Code  Lc  edd.o [1]
initRxDescLists         0x1000'0149    0xac  Code  Gb  edd.o [1]
initTxDescLists         0x1000'0113    0x36  Code  Lc  edd.o [1]
initUpper32BuffQAddr    0x1000'07e5    0x20  Code  Lc  edd.o [1]
insBinSize              0x2801'87f0     0x4  Data  Lc  eth_process.o [1]
intFreqInitialized      0x2801'8798     0x1  Data  Gb  cy_sysclk.o [1]
internalBaseFreqInfo    0x2801'8780    0x18  Data  Gb  cy_sysclk.o [1]
irq_cfg_ethx_q0         0x1000'a0b4     0x8  Data  Gb  ethernet.o [1]
irq_cfg_ethx_q1         0x1000'a0bc     0x8  Data  Gb  ethernet.o [1]
irq_cfg_ethx_q2         0x1000'a0c4     0x8  Data  Gb  ethernet.o [1]
is_uart7_tx_Complete    0x2800'45fc     0x1  Data  Lc  uart.o [1]
main                    0x1000'cbd5    0x5e  Code  Gb  main_cm0.o [1]
maxHwQs                 0x1000'01f5    0x8e  Code  Lc  edd.o [1]
memcmp                  0x1000'a47d          Code  Gb  memcmp.o [4]
numRxDescriptors        0x1000'00e9    0x2a  Code  Lc  edd.o [1]
numTxDescriptors        0x1000'00bf    0x2a  Code  Lc  edd.o [1]
offloadsSupport         0x1000'0b81    0x28  Code  Gb  edd.o [1]
out                     0x1000'c469    0x1a  Code  Lc  xprintftiny.o [2]
process_user_commands   0x1000'c461     0x8  Code  Gb  handle_packet.o [1]
readDesignConfig        0x1000'0be3   0x284  Code  Gb  edd.o [1]
readPcsStatus           0x1000'34c3    0x2c  Code  Gb  edd.o [1]
rtkBinSize              0x2801'87ec     0x4  Data  Lc  eth_process.o [1]
setJumpFlag             0x1000'bf93    0x62  Code  Lc  eeprom.o [1]
setRxQBufferSizes       0x1000'0b15    0x56  Code  Lc  edd.o [1]
size_to_erase           0x2800'45f8     0x4  Data  Gb  handle_packet.o [1]
snprintf                0x1000'baed    0x4c  Code  Gb  snprintf.o [2]
stcENETConfig           0x2800'3cf8    0x20  Data  Gb  ethernet.o [1]
stcInterruptConfig      0x2800'3d18    0x2c  Data  Gb  ethernet.o [1]
stcQueueDisStatus       0x2800'0800     0xc  Data  Lc  cy_ethif.o [1]
stcWrapperConfig        0x2800'42a8     0x4  Data  Gb  ethernet.o [1]
stccallbackfunctions    0x2800'0810    0x20  Data  Lc  cy_ethif.o [1]
strlen                  0x1000'c861          Code  Gb  strlen.o [4]
strncpy                 0x1000'95dd          Code  Gb  strncpy.o [4]
subNsTsuInc24bSupport   0x1000'0ba9    0x3a  Code  Gb  edd.o [1]
u8RxBuf                 0x2800'b090  0xc000  Data  Gb  cy_ethif.o [1]
u8TxBuf                 0x2800'6890  0x4800  Data  Gb  cy_ethif.o [1]
uart7_tx_buff           0x2800'57fc  0x1000  Data  Gb  uart.o [1]
uart7_write_dma         0x1000'c88b    0x56  Code  Gb  uart.o [1]
uart_user_rx_buff       0x2800'47fc  0x1000  Data  Gb  uart.o [1]
uart_user_rx_fifo       0x2800'47e4     0xc  Data  Gb  uart.o [1]
uart_user_tx_fifo       0x2800'47f0     0xc  Data  Gb  uart.o [1]
ucbPackets              0x2800'45d8    0x1c  Data  Gb  handle_packet.o [1]
ucb_set_core_by_ethernet
                        0x1000'b83b    0xa2  Code  Gb  eth_process.o [1]
ucb_write_app_by_ethernet
                        0x1000'c233    0x52  Code  Gb  handle_packet.o [1]


[1] = D:\Develop\INS402\ins402\bootloader\iar_8.4\bootloader\Debug\Obj
[2] = dl6M_tln.a
[3] = m6M_tl.a
[4] = rt6M_tl.a
[5] = shb_l.a

  52'762 bytes of readonly  code memory
   1'942 bytes of readonly  data memory
  99'554 bytes of readwrite data memory

Errors: none
Warnings: none
