###############################################################################
#
# IAR ELF Linker V8.40.3.228/W32 for ARM                  21/Jun/2022  14:03:05
# Copyright 2007-2019 IAR Systems AB.
#
#    Output file  =
#        C:\Users\lihuan\Desktop\ublox-dual-0614\ins402\RTK330LA_BF_m7_1\iar_8.4\ins_m7_1\Debug\Exe\ins.hex
#    Map file     =
#        C:\Users\lihuan\Desktop\ublox-dual-0614\ins402\RTK330LA_BF_m7_1\iar_8.4\ins_m7_1\Debug\List\ins.map
#    Command line =
#        -f C:\Users\lihuan\AppData\Local\Temp\EW82DF.tmp
#        (C:\Users\lihuan\Desktop\ublox-dual-0614\ins402\RTK330LA_BF_m7_1\iar_8.4\ins_m7_1\Debug\Obj\can.o
#        C:\Users\lihuan\Desktop\ublox-dual-0614\ins402\RTK330LA_BF_m7_1\iar_8.4\ins_m7_1\Debug\Obj\car_data.o
#        C:\Users\lihuan\Desktop\ublox-dual-0614\ins402\RTK330LA_BF_m7_1\iar_8.4\ins_m7_1\Debug\Obj\crc.o
#        C:\Users\lihuan\Desktop\ublox-dual-0614\ins402\RTK330LA_BF_m7_1\iar_8.4\ins_m7_1\Debug\Obj\crc16.o
#        C:\Users\lihuan\Desktop\ublox-dual-0614\ins402\RTK330LA_BF_m7_1\iar_8.4\ins_m7_1\Debug\Obj\cy_adc.o
#        C:\Users\lihuan\Desktop\ublox-dual-0614\ins402\RTK330LA_BF_m7_1\iar_8.4\ins_m7_1\Debug\Obj\cy_canfd.o
#        C:\Users\lihuan\Desktop\ublox-dual-0614\ins402\RTK330LA_BF_m7_1\iar_8.4\ins_m7_1\Debug\Obj\cy_cpu.o
#        C:\Users\lihuan\Desktop\ublox-dual-0614\ins402\RTK330LA_BF_m7_1\iar_8.4\ins_m7_1\Debug\Obj\cy_crypto_config.o
#        C:\Users\lihuan\Desktop\ublox-dual-0614\ins402\RTK330LA_BF_m7_1\iar_8.4\ins_m7_1\Debug\Obj\cy_ethif.o
#        C:\Users\lihuan\Desktop\ublox-dual-0614\ins402\RTK330LA_BF_m7_1\iar_8.4\ins_m7_1\Debug\Obj\cy_evtgen.o
#        C:\Users\lihuan\Desktop\ublox-dual-0614\ins402\RTK330LA_BF_m7_1\iar_8.4\ins_m7_1\Debug\Obj\cy_flash.o
#        C:\Users\lihuan\Desktop\ublox-dual-0614\ins402\RTK330LA_BF_m7_1\iar_8.4\ins_m7_1\Debug\Obj\cy_fr_api_control_service.o
#        C:\Users\lihuan\Desktop\ublox-dual-0614\ins402\RTK330LA_BF_m7_1\iar_8.4\ins_m7_1\Debug\Obj\cy_fr_api_init.o
#        C:\Users\lihuan\Desktop\ublox-dual-0614\ins402\RTK330LA_BF_m7_1\iar_8.4\ins_m7_1\Debug\Obj\cy_fr_api_interrupt_service.o
#        C:\Users\lihuan\Desktop\ublox-dual-0614\ins402\RTK330LA_BF_m7_1\iar_8.4\ins_m7_1\Debug\Obj\cy_fr_api_rx_handler.o
#        C:\Users\lihuan\Desktop\ublox-dual-0614\ins402\RTK330LA_BF_m7_1\iar_8.4\ins_m7_1\Debug\Obj\cy_fr_api_status_service.o
#        C:\Users\lihuan\Desktop\ublox-dual-0614\ins402\RTK330LA_BF_m7_1\iar_8.4\ins_m7_1\Debug\Obj\cy_fr_api_time_service.o
#        C:\Users\lihuan\Desktop\ublox-dual-0614\ins402\RTK330LA_BF_m7_1\iar_8.4\ins_m7_1\Debug\Obj\cy_fr_api_timer_service.o
#        C:\Users\lihuan\Desktop\ublox-dual-0614\ins402\RTK330LA_BF_m7_1\iar_8.4\ins_m7_1\Debug\Obj\cy_fr_api_tx_handler.o
#        C:\Users\lihuan\Desktop\ublox-dual-0614\ins402\RTK330LA_BF_m7_1\iar_8.4\ins_m7_1\Debug\Obj\cy_fr_ccal_control_service.o
#        C:\Users\lihuan\Desktop\ublox-dual-0614\ins402\RTK330LA_BF_m7_1\iar_8.4\ins_m7_1\Debug\Obj\cy_fr_ccal_init.o
#        C:\Users\lihuan\Desktop\ublox-dual-0614\ins402\RTK330LA_BF_m7_1\iar_8.4\ins_m7_1\Debug\Obj\cy_fr_ccal_interrupt_service.o
#        C:\Users\lihuan\Desktop\ublox-dual-0614\ins402\RTK330LA_BF_m7_1\iar_8.4\ins_m7_1\Debug\Obj\cy_fr_ccal_rx_handler.o
#        C:\Users\lihuan\Desktop\ublox-dual-0614\ins402\RTK330LA_BF_m7_1\iar_8.4\ins_m7_1\Debug\Obj\cy_fr_ccal_status_service.o
#        C:\Users\lihuan\Desktop\ublox-dual-0614\ins402\RTK330LA_BF_m7_1\iar_8.4\ins_m7_1\Debug\Obj\cy_fr_ccal_time_service.o
#        C:\Users\lihuan\Desktop\ublox-dual-0614\ins402\RTK330LA_BF_m7_1\iar_8.4\ins_m7_1\Debug\Obj\cy_fr_ccal_timer_service.o
#        C:\Users\lihuan\Desktop\ublox-dual-0614\ins402\RTK330LA_BF_m7_1\iar_8.4\ins_m7_1\Debug\Obj\cy_fr_ccal_tx_handler.o
#        C:\Users\lihuan\Desktop\ublox-dual-0614\ins402\RTK330LA_BF_m7_1\iar_8.4\ins_m7_1\Debug\Obj\cy_gpio.o
#        C:\Users\lihuan\Desktop\ublox-dual-0614\ins402\RTK330LA_BF_m7_1\iar_8.4\ins_m7_1\Debug\Obj\cy_i2s.o
#        C:\Users\lihuan\Desktop\ublox-dual-0614\ins402\RTK330LA_BF_m7_1\iar_8.4\ins_m7_1\Debug\Obj\cy_interrupt_map.o
#        C:\Users\lihuan\Desktop\ublox-dual-0614\ins402\RTK330LA_BF_m7_1\iar_8.4\ins_m7_1\Debug\Obj\cy_ipc_drv.o
#        C:\Users\lihuan\Desktop\ublox-dual-0614\ins402\RTK330LA_BF_m7_1\iar_8.4\ins_m7_1\Debug\Obj\cy_ipc_pipe.o
#        C:\Users\lihuan\Desktop\ublox-dual-0614\ins402\RTK330LA_BF_m7_1\iar_8.4\ins_m7_1\Debug\Obj\cy_ipc_sema.o
#        C:\Users\lihuan\Desktop\ublox-dual-0614\ins402\RTK330LA_BF_m7_1\iar_8.4\ins_m7_1\Debug\Obj\cy_lin.o
#        C:\Users\lihuan\Desktop\ublox-dual-0614\ins402\RTK330LA_BF_m7_1\iar_8.4\ins_m7_1\Debug\Obj\cy_lvd.o
#        C:\Users\lihuan\Desktop\ublox-dual-0614\ins402\RTK330LA_BF_m7_1\iar_8.4\ins_m7_1\Debug\Obj\cy_mcwdt.o
#        C:\Users\lihuan\Desktop\ublox-dual-0614\ins402\RTK330LA_BF_m7_1\iar_8.4\ins_m7_1\Debug\Obj\cy_mdma.o
#        C:\Users\lihuan\Desktop\ublox-dual-0614\ins402\RTK330LA_BF_m7_1\iar_8.4\ins_m7_1\Debug\Obj\cy_mpu.o
#        C:\Users\lihuan\Desktop\ublox-dual-0614\ins402\RTK330LA_BF_m7_1\iar_8.4\ins_m7_1\Debug\Obj\cy_mw_flash.o
#        C:\Users\lihuan\Desktop\ublox-dual-0614\ins402\RTK330LA_BF_m7_1\iar_8.4\ins_m7_1\Debug\Obj\cy_pdma.o
#        C:\Users\lihuan\Desktop\ublox-dual-0614\ins402\RTK330LA_BF_m7_1\iar_8.4\ins_m7_1\Debug\Obj\cy_power.o
#        C:\Users\lihuan\Desktop\ublox-dual-0614\ins402\RTK330LA_BF_m7_1\iar_8.4\ins_m7_1\Debug\Obj\cy_prot.o
#        C:\Users\lihuan\Desktop\ublox-dual-0614\ins402\RTK330LA_BF_m7_1\iar_8.4\ins_m7_1\Debug\Obj\cy_scb_common.o
#        C:\Users\lihuan\Desktop\ublox-dual-0614\ins402\RTK330LA_BF_m7_1\iar_8.4\ins_m7_1\Debug\Obj\cy_scb_ezi2c.o
#        C:\Users\lihuan\Desktop\ublox-dual-0614\ins402\RTK330LA_BF_m7_1\iar_8.4\ins_m7_1\Debug\Obj\cy_scb_i2c.o
#        C:\Users\lihuan\Desktop\ublox-dual-0614\ins402\RTK330LA_BF_m7_1\iar_8.4\ins_m7_1\Debug\Obj\cy_scb_spi.o
#        C:\Users\lihuan\Desktop\ublox-dual-0614\ins402\RTK330LA_BF_m7_1\iar_8.4\ins_m7_1\Debug\Obj\cy_scb_uart.o
#        C:\Users\lihuan\Desktop\ublox-dual-0614\ins402\RTK330LA_BF_m7_1\iar_8.4\ins_m7_1\Debug\Obj\cy_sd_host.o
#        C:\Users\lihuan\Desktop\ublox-dual-0614\ins402\RTK330LA_BF_m7_1\iar_8.4\ins_m7_1\Debug\Obj\cy_smartio.o
#        C:\Users\lihuan\Desktop\ublox-dual-0614\ins402\RTK330LA_BF_m7_1\iar_8.4\ins_m7_1\Debug\Obj\cy_smif.o
#        C:\Users\lihuan\Desktop\ublox-dual-0614\ins402\RTK330LA_BF_m7_1\iar_8.4\ins_m7_1\Debug\Obj\cy_smif_memslot.o
#        C:\Users\lihuan\Desktop\ublox-dual-0614\ins402\RTK330LA_BF_m7_1\iar_8.4\ins_m7_1\Debug\Obj\cy_srom.o
#        C:\Users\lihuan\Desktop\ublox-dual-0614\ins402\RTK330LA_BF_m7_1\iar_8.4\ins_m7_1\Debug\Obj\cy_sw_tmr.o
#        C:\Users\lihuan\Desktop\ublox-dual-0614\ins402\RTK330LA_BF_m7_1\iar_8.4\ins_m7_1\Debug\Obj\cy_sysclk.o
#        C:\Users\lihuan\Desktop\ublox-dual-0614\ins402\RTK330LA_BF_m7_1\iar_8.4\ins_m7_1\Debug\Obj\cy_sysflt.o
#        C:\Users\lihuan\Desktop\ublox-dual-0614\ins402\RTK330LA_BF_m7_1\iar_8.4\ins_m7_1\Debug\Obj\cy_sysint.o
#        C:\Users\lihuan\Desktop\ublox-dual-0614\ins402\RTK330LA_BF_m7_1\iar_8.4\ins_m7_1\Debug\Obj\cy_syslib.o
#        C:\Users\lihuan\Desktop\ublox-dual-0614\ins402\RTK330LA_BF_m7_1\iar_8.4\ins_m7_1\Debug\Obj\cy_syslib_iar.o
#        C:\Users\lihuan\Desktop\ublox-dual-0614\ins402\RTK330LA_BF_m7_1\iar_8.4\ins_m7_1\Debug\Obj\cy_syspm.o
#        C:\Users\lihuan\Desktop\ublox-dual-0614\ins402\RTK330LA_BF_m7_1\iar_8.4\ins_m7_1\Debug\Obj\cy_sysreghc.o
#        C:\Users\lihuan\Desktop\ublox-dual-0614\ins402\RTK330LA_BF_m7_1\iar_8.4\ins_m7_1\Debug\Obj\cy_sysreset.o
#        C:\Users\lihuan\Desktop\ublox-dual-0614\ins402\RTK330LA_BF_m7_1\iar_8.4\ins_m7_1\Debug\Obj\cy_sysrtc.o
#        C:\Users\lihuan\Desktop\ublox-dual-0614\ins402\RTK330LA_BF_m7_1\iar_8.4\ins_m7_1\Debug\Obj\cy_systick.o
#        C:\Users\lihuan\Desktop\ublox-dual-0614\ins402\RTK330LA_BF_m7_1\iar_8.4\ins_m7_1\Debug\Obj\cy_syswdt.o
#        C:\Users\lihuan\Desktop\ublox-dual-0614\ins402\RTK330LA_BF_m7_1\iar_8.4\ins_m7_1\Debug\Obj\cy_tcpwm.o
#        C:\Users\lihuan\Desktop\ublox-dual-0614\ins402\RTK330LA_BF_m7_1\iar_8.4\ins_m7_1\Debug\Obj\cy_tcpwm_counter.o
#        C:\Users\lihuan\Desktop\ublox-dual-0614\ins402\RTK330LA_BF_m7_1\iar_8.4\ins_m7_1\Debug\Obj\cy_tcpwm_pwm.o
#        C:\Users\lihuan\Desktop\ublox-dual-0614\ins402\RTK330LA_BF_m7_1\iar_8.4\ins_m7_1\Debug\Obj\cy_tcpwm_quaddec.o
#        C:\Users\lihuan\Desktop\ublox-dual-0614\ins402\RTK330LA_BF_m7_1\iar_8.4\ins_m7_1\Debug\Obj\cy_tcpwm_sr.o
#        C:\Users\lihuan\Desktop\ublox-dual-0614\ins402\RTK330LA_BF_m7_1\iar_8.4\ins_m7_1\Debug\Obj\cy_trigmux.o
#        C:\Users\lihuan\Desktop\ublox-dual-0614\ins402\RTK330LA_BF_m7_1\iar_8.4\ins_m7_1\Debug\Obj\edd.o
#        C:\Users\lihuan\Desktop\ublox-dual-0614\ins402\RTK330LA_BF_m7_1\iar_8.4\ins_m7_1\Debug\Obj\edd_rx.o
#        C:\Users\lihuan\Desktop\ublox-dual-0614\ins402\RTK330LA_BF_m7_1\iar_8.4\ins_m7_1\Debug\Obj\edd_tx.o
#        C:\Users\lihuan\Desktop\ublox-dual-0614\ins402\RTK330LA_BF_m7_1\iar_8.4\ins_m7_1\Debug\Obj\eeprom.o
#        C:\Users\lihuan\Desktop\ublox-dual-0614\ins402\RTK330LA_BF_m7_1\iar_8.4\ins_m7_1\Debug\Obj\eth_process.o
#        C:\Users\lihuan\Desktop\ublox-dual-0614\ins402\RTK330LA_BF_m7_1\iar_8.4\ins_m7_1\Debug\Obj\ethernet.o
#        C:\Users\lihuan\Desktop\ublox-dual-0614\ins402\RTK330LA_BF_m7_1\iar_8.4\ins_m7_1\Debug\Obj\fd_adc.o
#        C:\Users\lihuan\Desktop\ublox-dual-0614\ins402\RTK330LA_BF_m7_1\iar_8.4\ins_m7_1\Debug\Obj\fd_clock.o
#        C:\Users\lihuan\Desktop\ublox-dual-0614\ins402\RTK330LA_BF_m7_1\iar_8.4\ins_m7_1\Debug\Obj\fd_flash.o
#        C:\Users\lihuan\Desktop\ublox-dual-0614\ins402\RTK330LA_BF_m7_1\iar_8.4\ins_m7_1\Debug\Obj\fd_power.o
#        C:\Users\lihuan\Desktop\ublox-dual-0614\ins402\RTK330LA_BF_m7_1\iar_8.4\ins_m7_1\Debug\Obj\fd_ram.o
#        C:\Users\lihuan\Desktop\ublox-dual-0614\ins402\RTK330LA_BF_m7_1\iar_8.4\ins_m7_1\Debug\Obj\fd_wdg.o
#        C:\Users\lihuan\Desktop\ublox-dual-0614\ins402\RTK330LA_BF_m7_1\iar_8.4\ins_m7_1\Debug\Obj\fw_ins.o
#        C:\Users\lihuan\Desktop\ublox-dual-0614\ins402\RTK330LA_BF_m7_1\iar_8.4\ins_m7_1\Debug\Obj\gnss.o
#        C:\Users\lihuan\Desktop\ublox-dual-0614\ins402\RTK330LA_BF_m7_1\iar_8.4\ins_m7_1\Debug\Obj\Imu330Eth.o
#        C:\Users\lihuan\Desktop\ublox-dual-0614\ins402\RTK330LA_BF_m7_1\iar_8.4\ins_m7_1\Debug\Obj\imu330za.o
#        C:\Users\lihuan\Desktop\ublox-dual-0614\ins402\RTK330LA_BF_m7_1\platform\CYT4BF\hal_drivers\crypto\libs\libcrypto_client_cm7_0_iar.a
#        C:\Users\lihuan\Desktop\ublox-dual-0614\ins402\RTK330LA_BF_m7_1\platform\CYT4BF\hal_drivers\crypto\libs\libcrypto_client_cm7_1_iar.a
#        C:\Users\lihuan\Desktop\ublox-dual-0614\ins402\RTK330LA_BF_m7_1\platform\CYT4BF\hal_drivers\crypto\libs\libcrypto_server_cm0plus_iar.a
#        C:\Users\lihuan\Desktop\ublox-dual-0614\ins402\RTK330LA_BF_m7_1\iar_8.4\ins_m7_1\Debug\Obj\m7_ipc.o
#        C:\Users\lihuan\Desktop\ublox-dual-0614\ins402\RTK330LA_BF_m7_1\iar_8.4\ins_m7_1\Debug\Obj\main_cm7_1.o
#        C:\Users\lihuan\Desktop\ublox-dual-0614\ins402\RTK330LA_BF_m7_1\iar_8.4\ins_m7_1\Debug\Obj\maintain_ins.o
#        C:\Users\lihuan\Desktop\ublox-dual-0614\ins402\RTK330LA_BF_m7_1\iar_8.4\ins_m7_1\Debug\Obj\mcu_temperature.o
#        C:\Users\lihuan\Desktop\ublox-dual-0614\ins402\RTK330LA_BF_m7_1\iar_8.4\ins_m7_1\Debug\Obj\nav_math.o
#        C:\Users\lihuan\Desktop\ublox-dual-0614\ins402\RTK330LA_BF_m7_1\iar_8.4\ins_m7_1\Debug\Obj\rs232.o
#        C:\Users\lihuan\Desktop\ublox-dual-0614\ins402\RTK330LA_BF_m7_1\iar_8.4\ins_m7_1\Debug\Obj\rtkcmn.o
#        C:\Users\lihuan\Desktop\ublox-dual-0614\ins402\RTK330LA_BF_m7_1\iar_8.4\ins_m7_1\Debug\Obj\run_status.o
#        C:\Users\lihuan\Desktop\ublox-dual-0614\ins402\RTK330LA_BF_m7_1\iar_8.4\ins_m7_1\Debug\Obj\sta9100_control.o
#        C:\Users\lihuan\Desktop\ublox-dual-0614\ins402\RTK330LA_BF_m7_1\iar_8.4\ins_m7_1\Debug\Obj\sta9100_upgrade.o
#        C:\Users\lihuan\Desktop\ublox-dual-0614\ins402\RTK330LA_BF_m7_1\iar_8.4\ins_m7_1\Debug\Obj\startup.o
#        C:\Users\lihuan\Desktop\ublox-dual-0614\ins402\RTK330LA_BF_m7_1\iar_8.4\ins_m7_1\Debug\Obj\startup_cm7.o
#        C:\Users\lihuan\Desktop\ublox-dual-0614\ins402\RTK330LA_BF_m7_1\iar_8.4\ins_m7_1\Debug\Obj\system_tviibh8m_cm7.o
#        C:\Users\lihuan\Desktop\ublox-dual-0614\ins402\RTK330LA_BF_m7_1\iar_8.4\ins_m7_1\Debug\Obj\taskINS.o
#        C:\Users\lihuan\Desktop\ublox-dual-0614\ins402\RTK330LA_BF_m7_1\iar_8.4\ins_m7_1\Debug\Obj\timer.o
#        C:\Users\lihuan\Desktop\ublox-dual-0614\ins402\RTK330LA_BF_m7_1\iar_8.4\ins_m7_1\Debug\Obj\uart.o
#        C:\Users\lihuan\Desktop\ublox-dual-0614\ins402\RTK330LA_BF_m7_1\iar_8.4\ins_m7_1\Debug\Obj\ublox_decoder.o
#        C:\Users\lihuan\Desktop\ublox-dual-0614\ins402\RTK330LA_BF_m7_1\iar_8.4\ins_m7_1\Debug\Obj\ucb_packet.o
#        C:\Users\lihuan\Desktop\ublox-dual-0614\ins402\RTK330LA_BF_m7_1\iar_8.4\ins_m7_1\Debug\Obj\user_config.o
#        C:\Users\lihuan\Desktop\ublox-dual-0614\ins402\RTK330LA_BF_m7_1\iar_8.4\ins_m7_1\Debug\Obj\utils.o
#        C:\Users\lihuan\Desktop\ublox-dual-0614\ins402\RTK330LA_BF_m7_1\iar_8.4\ins_m7_1\Debug\Obj\watchdog.o
#        --no_out_extension -o
#        C:\Users\lihuan\Desktop\ublox-dual-0614\ins402\RTK330LA_BF_m7_1\iar_8.4\ins_m7_1\Debug\Exe\ins.hex
#        --config_def _CORE_cm7_1_=0 --config_def _LINK_flash_=0 --map
#        C:\Users\lihuan\Desktop\ublox-dual-0614\ins402\RTK330LA_BF_m7_1\iar_8.4\ins_m7_1\Debug\List\ins.map
#        --config
#        C:\Users\lihuan\Desktop\ublox-dual-0614\ins402\RTK330LA_BF_m7_1\iar_8.4\ins_m7_1\..\..\..\linker\linker_directives_tviibh.icf
#        --semihosting
#        C:\Users\lihuan\Desktop\ublox-dual-0614\ins402\RTK330LA_BF_m7_1\iar_8.4\ins_m7_1\..\..\ins\ins_lib.a
#        --entry __iar_program_start --vfe --text_out locale)
#
###############################################################################

*******************************************************************************
*** RUNTIME MODEL ATTRIBUTES
***

CppFlavor       = *
__SystemLibrary = DLib
__dlib_version  = 6


*******************************************************************************
*** HEAP SELECTION
***

The basic heap was selected because no calls to memory allocation
functions were found in the application outside of system library
functions, and there are calls to deallocation functions in the
application.


*******************************************************************************
*** PLACEMENT SUMMARY
***

"A0":  place at start of [from 0x1028'0000 to 0x1082'ffff] { section .intvec };
"P1":  place in [from 0x1028'0000 to 0x1082'ffff] { ro };
"P2":  place in [from 0x2808'9000 to 0x280f'ffff] { rw };
define block HEAP with size = 1K, alignment = 8 { };
define block CSTACK with size = 2K, alignment = 8 { };
define block HEAP_STACK { block HEAP, last block CSTACK };
"A1":  place at end of [from 0x2808'9000 to 0x280f'ffff] { block HEAP_STACK };
do not initialize { section .intvec_ram };
initialize by copy { rw };

No sections matched the following patterns:

  section .share_region  in "P3"


  Section            Kind         Address      Size  Object
  -------            ----         -------      ----  ------
"A0":                                          0x80
  .intvec            ro code  0x1028'0000      0x80  startup_cm7.o [1]
                            - 0x1028'0080      0x80

"P1":                                      0x2'cc93
  .text              ro code  0x1028'0080    0x4200  edd.o [1]
  .text              ro code  0x1028'4280     0xebc  edd_tx.o [1]
  .text              ro code  0x1028'513c    0x3368  edd_rx.o [1]
  .text              ro code  0x1028'84a4      0x66  ABImemset.o [5]
  .text              ro code  0x1028'850a      0x3a  zero_init3.o [5]
  .text              ro code  0x1028'8544      0xa6  ABImemcpy.o [5]
  .text              ro code  0x1028'85ea      0x1a  xsnprout.o [2]
  .text              ro code  0x1028'8604    0x3ec4  lcgnssupdate.o [3]
  .text              ro code  0x1028'c4c8     0x2f4  cos_sin64.o [4]
  .text              ro code  0x1028'c7bc      0x1e  sqrt.o [4]
  .text              ro code  0x1028'c7da       0xa  xsprout.o [2]
  .text              ro code  0x1028'c7e4       0x6  ABImemclr4.o [5]
  .text              ro code  0x1028'c7ec     0x160  earth.o [3]
  .text              ro code  0x1028'c94c    0x3aca  zuptdetect.o [3]
  .text              ro code  0x1029'0418      0x7e  atan2.o [4]
  .text              ro code  0x1029'0498     0x5c2  orientation.o [3]
  .text              ro code  0x1029'0a5c     0xe78  cmatrix.o [3]
  .text              ro code  0x1029'18d4    0x1c7c  lcsystem.o [3]
  .text              ro code  0x1029'3550    0x21da  insoutmsg.o [3]
  .text              ro code  0x1029'572c      0x32  ABImemset48.o [5]
  .text              ro code  0x1029'575e       0x8  abs.o [2]
  .text              ro code  0x1029'5768      0x68  floor.o [4]
  .text              ro code  0x1029'57d0      0x52  S64ToDbl.o [4]
  .rodata            const    0x1029'5824      0x74  system_tviibh8m_cm7.o [1]
  .text              ro code  0x1029'5898      0x88  asin.o [4]
  .text              ro code  0x1029'5920      0x80  acos.o [4]
  .text              ro code  0x1029'59a0     0x118  xatan.o [4]
  .text              ro code  0x1029'5ab8      0x60  atan.o [4]
  .text              ro code  0x1029'5b18      0x58  exp.o [4]
  .text              ro code  0x1029'5b70     0x388  positionfilter.o [3]
  .text              ro code  0x1029'5ef8     0x274  I64DivMod.o [5]
  .text              ro code  0x1029'616c     0x56c  pow64.o [4]
  .text              ro code  0x1029'66d8      0x52  DblToU64.o [4]
  .text              ro code  0x1029'672c      0x18  strcpy.o [5]
  .text              ro code  0x1029'6744      0x1e  strcat.o [2]
  .text              ro code  0x1029'6764      0x36  strlen.o [5]
  .text              ro code  0x1029'679c      0x40  sprintf.o [2]
  .text              ro code  0x1029'67dc      0x62  round.o [4]
  .text              ro code  0x1029'6840      0xe2  xexp.o [4]
  .text              ro code  0x1029'6924       0x2  I64DivZer.o [5]
  .text              ro code  0x1029'6928      0x88  frexp.o [4]
  .text              ro code  0x1029'69b0     0x368  iar_Exp64.o [4]
  .text              ro code  0x1029'6d18     0xfaa  xprintffull_nomb.o [2]
  .text              ro code  0x1029'7cc4     0x104  ldexp.o [4]
  .text              ro code  0x1029'7dc8      0x16  strchr.o [5]
  .text              ro code  0x1029'7de0      0x40  xfail_s.o [2]
  .text              ro code  0x1029'7e20      0x58  memchr.o [5]
  .text              ro code  0x1029'7e78      0x2e  DblCmpLe.o [4]
  .text              ro code  0x1029'7ea8      0x2e  DblCmpGe.o [4]
  .text              ro code  0x1029'7ed6       0xe  DblToS32.o [4]
  .text              ro code  0x1029'7ee4       0xe  S32ToDbl.o [4]
  .text              ro code  0x1029'7ef2      0x12  DblSub.o [4]
  .text              ro code  0x1029'7f04      0x12  DblDiv.o [4]
  .text              ro code  0x1029'7f16       0xe  DblToU32.o [4]
  .text              ro code  0x1029'7f24       0xe  U32ToDbl.o [4]
  .text              ro code  0x1029'7f32      0x12  DblMul.o [4]
  .text              ro code  0x1029'7f44       0x6  abort.o [2]
  .text              ro code  0x1029'7f4c      0x14  exit.o [6]
  .text              ro code  0x1029'7f60    0x24a4  lcinsupdate.o [3]
  .text              ro code  0x1029'a404    0x1032  insmech.o [3]
  .text              ro code  0x1029'b438     0x27c  tan64.o [4]
  .text              ro code  0x1029'b6b4    0x14d8  ins_interface.o [3]
  .text              ro code  0x1029'cb8c      0x2c  strstr.o [2]
  .text              ro code  0x1029'cbb8     0x150  iar_Stoulx.o [2]
  .text              ro code  0x1029'cd08     0x454  strto64.o [4]
  .text              ro code  0x1029'd15c     0x860  loosecoupleset.o [3]
  .text              ro code  0x1029'd9bc      0x46  U64ToDbl.o [4]
  .text              ro code  0x1029'da04     0x1bc  fmod.o [4]
  .text              ro code  0x1029'dbc0     0x120  iar_Stopfx.o [2]
  .text              ro code  0x1029'dce0     0x1a8  iar_Stoflt.o [2]
  .text              ro code  0x1029'de88     0x20c  iar_Stoxflt.o [2]
  .text              ro code  0x1029'e094       0xc  memcpy.o [5]
  .text              ro code  0x1029'e0a0    0x12bc  cy_ethif.o [1]
  .text              ro code  0x1029'f35c     0x264  cy_systick.o [1]
  .text              ro code  0x1029'f5c0      0x70  strncpy.o [5]
  .text              ro code  0x1029'f630      0xaa  cy_syslib.o [1]
  .text              ro code  0x1029'f6dc    0x10b4  eth_process.o [1]
  .text              ro code  0x102a'0790      0x44  crc16.o [1]
  .text              ro code  0x102a'07d4     0x750  ethernet.o [1]
  .text              ro code  0x102a'0f24     0x834  timer.o [1]
  .text              ro code  0x102a'1758     0x35c  fw_ins.o [1]
  .text              ro code  0x102a'1ab4    0x1094  uart.o [1]
  .text              ro code  0x102a'2b48     0x2a0  cy_mw_flash.o [1]
  .text              ro code  0x102a'2de8     0x300  eeprom.o [1]
  .text              ro code  0x102a'30e8     0x588  rs232.o [1]
  .text              ro code  0x102a'3670     0x5bc  gnss.o [1]
  .text              ro code  0x102a'3c2c      0x44  snprintf.o [2]
  .text              ro code  0x102a'3c70     0x118  user_config.o [1]
  .text              ro code  0x102a'3d88     0x1e4  maintain_ins.o [1]
  .text              ro code  0x102a'3f6c     0xc8c  imu330za.o [1]
  .text              ro code  0x102a'4bf8     0x298  Imu330Eth.o [1]
  .text              ro code  0x102a'4e90      0xd6  utils.o [1]
  .text              ro code  0x102a'4f68      0x20  ins_compile.o [3]
  .text              ro code  0x102a'4f88      0x68  memcmp.o [5]
  .text              ro code  0x102a'4ff0     0x1a8  cy_gpio.o [1]
  .text              ro code  0x102a'5198      0x98  cy_sysint.o [1]
  .text              ro code  0x102a'5230     0x164  cy_tcpwm_counter.o [1]
  .text              ro code  0x102a'5394       0xa  cy_tcpwm.o [1]
  .text              ro code  0x102a'53a0     0x168  car_data.o [1]
  .text              ro code  0x102a'5508     0x12a  cy_scb_common.o [1]
  .text              ro code  0x102a'5634     0x878  cy_scb_uart.o [1]
  .text              ro code  0x102a'5eac     0x226  cy_pdma.o [1]
  .text              ro code  0x102a'60d4      0x8c  cy_trigmux.o [1]
  .text              ro code  0x102a'6160      0x34  vsprintf.o [2]
  .text              ro code  0x102a'6194     0x2b8  cy_srom.o [1]
  .text              ro code  0x102a'644c     0x490  cy_flash.o [1]
  .text              ro code  0x102a'68dc     0x566  ucb_packet.o [1]
  .text              ro code  0x102a'6e44     0xfa0  ublox_decoder.o [1]
  .text              ro code  0x102a'7de4     0x30c  can.o [1]
  .text              ro code  0x102a'80f0      0x1e  cy_syslib_iar.o [1]
  .text              ro code  0x102a'8110      0x54  cy_ipc_drv.o [1]
  .text              ro code  0x102a'8164      0x38  roundf.o [4]
  .text              ro code  0x102a'819c     0xbe8  cy_canfd.o [1]
  .text              ro code  0x102a'8d84     0x8e4  cy_adc.o [1]
  .text              ro code  0x102a'9668      0x1e  sqrtf.o [4]
  .text              ro code  0x102a'9688     0x8c0  cy_sysclk.o [1]
  .rodata            const    0x102a'9f48     0x420  pow64.o [4]
  .text              ro code  0x102a'a368     0x3c8  mcu_temperature.o [1]
  .text              ro code  0x102a'a730     0x20c  startup.o [1]
  .text              ro code  0x102a'a93c     0x154  system_tviibh8m_cm7.o [1]
  .text              ro code  0x102a'aa90       0x8  startup_cm7.o [1]
  .text              ro code  0x102a'aa98       0x6  startup_cm7.o [1]
  .text              ro code  0x102a'aaa0     0x1ec  run_status.o [1]
  .text              ro code  0x102a'ac8c     0x198  cy_interrupt_map.o [1]
  .text              ro code  0x102a'ae24     0x184  sta9100_control.o [1]
  .text              ro code  0x102a'afa8     0x180  taskINS.o [1]
  .text              ro code  0x102a'b128      0x30  fd_adc.o [1]
  .rodata            const    0x102a'b158      0xf0  can.o [1]
  .text              ro code  0x102a'b248      0xf0  main_cm7_1.o [1]
  .text              ro code  0x102a'b338      0xc8  cy_syspm.o [1]
  .text              ro code  0x102a'b400       0xc  cy_sysreset.o [1]
  .rodata            const    0x102a'b40c      0x6c  cy_mw_flash.o [1]
  .rodata            const    0x102a'b478      0xe0  insoutmsg.o [3]
  .rodata            const    0x102a'b558      0xc0  insoutmsg.o [3]
  .rodata            const    0x102a'b618      0xa8  xexp.o [4]
  .rodata            const    0x102a'b6c0      0x94  insoutmsg.o [3]
  .text              ro code  0x102a'b754      0x94  startup_cm7.o [1]
  .rodata            const    0x102a'b7e8      0x84  cy_srom.o [1]
  .text              ro code  0x102a'b86c      0x78  lz77_init_single.o [5]
  .rodata            const    0x102a'b8e4      0x70  cy_scb_uart.o [1]
  .rodata            const    0x102a'b954      0x70  cy_sysclk.o [1]
  .rodata            const    0x102a'b9c4      0x70  cy_sysclk.o [1]
  .rodata            const    0x102a'ba34      0x70  cy_systick.o [1]
  .rodata            const    0x102a'baa4      0x6c  fw_ins.o [1]
  .rodata            const    0x102a'bb10      0x68  timer.o [1]
  .rodata            const    0x102a'bb78      0x68  timer.o [1]
  .rodata            const    0x102a'bbe0      0x68  insoutmsg.o [3]
  .rodata            const    0x102a'bc48      0x58  ethernet.o [1]
  .rodata            const    0x102a'bca0      0x50  iar_Stoulx.o [2]
  .rodata            const    0x102a'bcf0      0x48  strto64.o [4]
  .rodata            const    0x102a'bd38      0x38  user_config.o [1]
  .rodata            const    0x102a'bd70      0x38  earth.o [3]
  .rodata            const    0x102a'bda8      0x34  eth_process.o [1]
  .rodata            const    0x102a'bddc      0x34  timer.o [1]
  .rodata            const    0x102a'be10      0x30  insoutmsg.o [3]
  .rodata            const    0x102a'be40      0x30  insoutmsg.o [3]
  .rodata            const    0x102a'be70      0x30  earth.o [3]
  .rodata            const    0x102a'bea0      0x28  eth_process.o [1]
  .rodata            const    0x102a'bec8      0x28  imu330za.o [1]
  .text              ro code  0x102a'bef0      0x28  data_init.o [5]
  .rodata            const    0x102a'bf18      0x24  eth_process.o [1]
  .rodata            const    0x102a'bf3c      0x24  rs232.o [1]
  .rodata            const    0x102a'bf60      0x24  insoutmsg.o [3]
  .text              ro code  0x102a'bf84      0x22  fpinit_M.o [4]
  .iar.init_table    const    0x102a'bfa8      0x20  - Linker created -
  .rodata            const    0x102a'bfc8      0x20  uart.o [1]
  .rodata            const    0x102a'bfe8      0x20  uart.o [1]
  .rodata            const    0x102a'c008      0x20  uart.o [1]
  .rodata            const    0x102a'c028      0x20  uart.o [1]
  .text              ro code  0x102a'c048      0x1e  cmain.o [5]
  .text              ro code  0x102a'c068       0x4  startup_cm7.o [1]
  .text              ro code  0x102a'c06c       0x4  exit.o [2]
  .text              ro code  0x102a'c070       0xa  cexit.o [5]
  .text              ro code  0x102a'c07c      0x1c  startup_cm7.o [1]
  .rodata            const    0x102a'c098      0x18  ethernet.o [1]
  .rodata            const    0x102a'c0b0      0x18  main_cm7_1.o [1]
  .rodata            const    0x102a'c0c8      0x18  main_cm7_1.o [1]
  .rodata            const    0x102a'c0e0      0x18  startup.o [1]
  .rodata            const    0x102a'c0f8      0x18  system_tviibh8m_cm7.o [1]
  .rodata            const    0x102a'c110      0x18  lcinsupdate.o [3]
  .rodata            const    0x102a'c128      0x18  lcinsupdate.o [3]
  .rodata            const    0x102a'c140      0x18  insoutmsg.o [3]
  .rodata            const    0x102a'c158      0x14  eth_process.o [1]
  .rodata            const    0x102a'c16c      0x14  main_cm7_1.o [1]
  .rodata            const    0x102a'c180      0x14  insoutmsg.o [3]
  .rodata            const    0x102a'c194      0x14  insoutmsg.o [3]
  .rodata            const    0x102a'c1a8      0x10  eeprom.o [1]
  .rodata            const    0x102a'c1b8      0x10  eth_process.o [1]
  .rodata            const    0x102a'c1c8      0x10  eth_process.o [1]
  .rodata            const    0x102a'c1d8      0x10  rs232.o [1]
  .rodata            const    0x102a'c1e8       0xc  eth_process.o [1]
  .rodata            const    0x102a'c1f4       0xc  eth_process.o [1]
  .rodata            const    0x102a'c200       0xc  eth_process.o [1]
  .rodata            const    0x102a'c20c       0xc  eth_process.o [1]
  .rodata            const    0x102a'c218       0xc  eth_process.o [1]
  .rodata            const    0x102a'c224       0xc  imu330za.o [1]
  .rodata            const    0x102a'c230       0xc  rs232.o [1]
  .rodata            const    0x102a'c23c       0xc  rs232.o [1]
  .rodata            const    0x102a'c248       0xc  ins_interface.o [3]
  .rodata            const    0x102a'c254       0xc  insoutmsg.o [3]
  .text              ro code  0x102a'c260       0xc  cstartup_M.o [5]
  .rodata            const    0x102a'c26c       0x8  cy_canfd.o [1]
  .rodata            const    0x102a'c274       0x8  cy_mw_flash.o [1]
  .rodata            const    0x102a'c27c       0x8  cy_srom.o [1]
  .rodata            const    0x102a'c284       0x8  cy_sysclk.o [1]
  .rodata            const    0x102a'c28c       0x8  eth_process.o [1]
  .rodata            const    0x102a'c294       0x8  eth_process.o [1]
  .rodata            const    0x102a'c29c       0x8  eth_process.o [1]
  .rodata            const    0x102a'c2a4       0x8  ethernet.o [1]
  .rodata            const    0x102a'c2ac       0x8  ethernet.o [1]
  .rodata            const    0x102a'c2b4       0x8  ethernet.o [1]
  .rodata            const    0x102a'c2bc       0x8  ethernet.o [1]
  .rodata            const    0x102a'c2c4       0x8  rs232.o [1]
  .rodata            const    0x102a'c2cc       0x8  timer.o [1]
  .rodata            const    0x102a'c2d4       0x8  timer.o [1]
  .rodata            const    0x102a'c2dc       0x8  ublox_decoder.o [1]
  .rodata            const    0x102a'c2e4       0x8  ublox_decoder.o [1]
  .rodata            const    0x102a'c2ec       0x8  ublox_decoder.o [1]
  .rodata            const    0x102a'c2f4       0x8  ublox_decoder.o [1]
  .rodata            const    0x102a'c2fc       0x8  insoutmsg.o [3]
  .rodata            const    0x102a'c304       0x8  insoutmsg.o [3]
  .rodata            const    0x102a'c30c       0x8  insoutmsg.o [3]
  .rodata            const    0x102a'c314       0x8  xprintffull_nomb.o [2]
  .rodata            const    0x102a'c31c       0x4  can.o [1]
  .rodata            const    0x102a'c320       0x4  cy_adc.o [1]
  .rodata            const    0x102a'c324       0x4  cy_adc.o [1]
  .rodata            const    0x102a'c328       0x4  cy_adc.o [1]
  .rodata            const    0x102a'c32c       0x4  cy_adc.o [1]
  .rodata            const    0x102a'c330       0x4  cy_adc.o [1]
  .rodata            const    0x102a'c334       0x4  cy_adc.o [1]
  .rodata            const    0x102a'c338       0x4  cy_adc.o [1]
  .rodata            const    0x102a'c33c       0x4  cy_adc.o [1]
  .rodata            const    0x102a'c340       0x4  cy_canfd.o [1]
  .rodata            const    0x102a'c344       0x4  cy_canfd.o [1]
  .rodata            const    0x102a'c348       0x4  cy_canfd.o [1]
  .rodata            const    0x102a'c34c       0x4  cy_canfd.o [1]
  .rodata            const    0x102a'c350       0x4  cy_canfd.o [1]
  .rodata            const    0x102a'c354       0x4  cy_canfd.o [1]
  .rodata            const    0x102a'c358       0x4  cy_canfd.o [1]
  .rodata            const    0x102a'c35c       0x4  cy_canfd.o [1]
  .rodata            const    0x102a'c360       0x4  cy_canfd.o [1]
  .rodata            const    0x102a'c364       0x4  cy_canfd.o [1]
  .rodata            const    0x102a'c368       0x4  cy_canfd.o [1]
  .rodata            const    0x102a'c36c       0x4  cy_canfd.o [1]
  .rodata            const    0x102a'c370       0x4  cy_canfd.o [1]
  .rodata            const    0x102a'c374       0x4  cy_canfd.o [1]
  .rodata            const    0x102a'c378       0x4  cy_canfd.o [1]
  .rodata            const    0x102a'c37c       0x4  cy_canfd.o [1]
  .rodata            const    0x102a'c380       0x4  cy_canfd.o [1]
  .rodata            const    0x102a'c384       0x4  cy_canfd.o [1]
  .rodata            const    0x102a'c388       0x4  cy_canfd.o [1]
  .rodata            const    0x102a'c38c       0x4  cy_interrupt_map.o [1]
  .rodata            const    0x102a'c390       0x4  cy_interrupt_map.o [1]
  .rodata            const    0x102a'c394       0x4  cy_interrupt_map.o [1]
  .rodata            const    0x102a'c398       0x4  cy_interrupt_map.o [1]
  .rodata            const    0x102a'c39c       0x4  cy_interrupt_map.o [1]
  .rodata            const    0x102a'c3a0       0x4  cy_interrupt_map.o [1]
  .rodata            const    0x102a'c3a4       0x4  cy_interrupt_map.o [1]
  .rodata            const    0x102a'c3a8       0x4  cy_interrupt_map.o [1]
  .rodata            const    0x102a'c3ac       0x4  cy_ipc_drv.o [1]
  .rodata            const    0x102a'c3b0       0x4  cy_scb_uart.o [1]
  .rodata            const    0x102a'c3b4       0x4  cy_scb_uart.o [1]
  .rodata            const    0x102a'c3b8       0x4  cy_scb_uart.o [1]
  .rodata            const    0x102a'c3bc       0x4  cy_scb_uart.o [1]
  .rodata            const    0x102a'c3c0       0x4  cy_scb_uart.o [1]
  .rodata            const    0x102a'c3c4       0x4  cy_scb_uart.o [1]
  .rodata            const    0x102a'c3c8       0x4  cy_scb_uart.o [1]
  .rodata            const    0x102a'c3cc       0x4  cy_scb_uart.o [1]
  .rodata            const    0x102a'c3d0       0x4  cy_scb_uart.o [1]
  .rodata            const    0x102a'c3d4       0x4  cy_scb_uart.o [1]
  .rodata            const    0x102a'c3d8       0x4  cy_srom.o [1]
  .rodata            const    0x102a'c3dc       0x4  cy_srom.o [1]
  .rodata            const    0x102a'c3e0       0x4  cy_sysint.o [1]
  .rodata            const    0x102a'c3e4       0x4  cy_sysint.o [1]
  .rodata            const    0x102a'c3e8       0x4  cy_tcpwm_counter.o [1]
  .rodata            const    0x102a'c3ec       0x4  cy_tcpwm_counter.o [1]
  .rodata            const    0x102a'c3f0       0x4  cy_tcpwm_counter.o [1]
  .rodata            const    0x102a'c3f4       0x4  cy_tcpwm_counter.o [1]
  .rodata            const    0x102a'c3f8       0x4  cy_tcpwm_counter.o [1]
  .text              ro code  0x102a'c3fc       0x4  startup_cm7.o [1]
  .text              ro code  0x102a'c400       0x4  startup_cm7.o [1]
  .text              ro code  0x102a'c404       0x4  startup_cm7.o [1]
  .text              ro code  0x102a'c408       0x4  startup_cm7.o [1]
  .text              ro code  0x102a'c40c       0x4  startup_cm7.o [1]
  .text              ro code  0x102a'c410       0x4  startup_cm7.o [1]
  .text              ro code  0x102a'c414       0x4  startup_cm7.o [1]
  .text              ro code  0x102a'c418       0x4  startup_cm7.o [1]
  .text              ro code  0x102a'c41c       0x4  startup_cm7.o [1]
  .text              ro code  0x102a'c420       0x4  startup_cm7.o [1]
  .text              ro code  0x102a'c424       0x4  startup_cm7.o [1]
  .text              ro code  0x102a'c428       0x4  startup_cm7.o [1]
  .text              ro code  0x102a'c42c       0x4  startup_cm7.o [1]
  .text              ro code  0x102a'c430       0x4  startup_cm7.o [1]
  .text              ro code  0x102a'c434       0x4  startup_cm7.o [1]
  .text              ro code  0x102a'c438       0x4  startup_cm7.o [1]
  .rodata            const    0x102a'c43c       0x0  zero_init3.o [5]
  .rodata            const    0x102a'c43c       0x0  lz77_init_single.o [5]
  Initializer bytes  const    0x102a'c43c     0x8d7  <for P2-1>
                            - 0x102a'cd13  0x2'cc93

"P2", part 1 of 3:                           0x31d9
  P2-1                        0x2808'9000    0x31d9  <Init block>
    .data            inited   0x2808'9000       0x8  gnss.o [1]
    .data            inited   0x2808'9008     0x178  ins_interface.o [3]
    .data            inited   0x2808'9180      0x48  lcgnssupdate.o [3]
    .data            inited   0x2808'91c8     0xe38  insoutmsg.o [3]
    .data            inited   0x2808'a000     0x2c8  loosecoupleset.o [3]
    .data            inited   0x2808'a2c8       0x8  zuptdetect.o [3]
    .data            inited   0x2808'a2d0       0x8  zuptdetect.o [3]
    .data            inited   0x2808'a2d8       0x8  zuptdetect.o [3]
    .data            inited   0x2808'a2e0      0x18  zuptdetect.o [3]
    .data            inited   0x2808'a2f8       0x8  zuptdetect.o [3]
    .data            inited   0x2808'a300      0x18  zuptdetect.o [3]
    .data            inited   0x2808'a318       0x8  zuptdetect.o [3]
    .data            inited   0x2808'a320      0x48  insmech.o [3]
    .data            inited   0x2808'a368      0x50  can.o [1]
    .data            inited   0x2808'a3b8       0x8  can.o [1]
    .data            inited   0x2808'a3c0      0xf0  cy_canfd.o [1]
    .data            inited   0x2808'a4b0      0x48  cy_ethif.o [1]
    .data            inited   0x2808'a4f8     0x8dc  cy_interrupt_map.o [1]
    .data            inited   0x2808'add4       0x4  cy_interrupt_map.o [1]
    .data            inited   0x2808'add8     0x348  edd.o [1]
    .data            inited   0x2808'b120      0x10  eth_process.o [1]
    .data            inited   0x2808'b130      0x14  eth_process.o [1]
    .data            inited   0x2808'b144      0x10  eth_process.o [1]
    .data            inited   0x2808'b154       0x8  eth_process.o [1]
    .data            inited   0x2808'b15c      0x78  ethernet.o [1]
    .data            inited   0x2808'b1d4      0x78  ethernet.o [1]
    .data            inited   0x2808'b24c      0x3c  ethernet.o [1]
    .data            inited   0x2808'b288     0x474  ethernet.o [1]
    .data            inited   0x2808'b6fc       0x4  ethernet.o [1]
    .data            inited   0x2808'b700      0x20  ethernet.o [1]
    .data            inited   0x2808'b720      0x2c  ethernet.o [1]
    .data            inited   0x2808'b74c       0x8  ethernet.o [1]
    .data            inited   0x2808'b754      0x14  fd_adc.o [1]
    .data            inited   0x2808'b768      0x9c  fw_ins.o [1]
    .data            inited   0x2808'b804       0x4  gnss.o [1]
    .data            inited   0x2808'b808      0x1c  imu330za.o [1]
    .data            inited   0x2808'b824     0x100  imu330za.o [1]
    .data            inited   0x2808'b924       0x4  imu330za.o [1]
    .data            inited   0x2808'b928       0xc  m7_ipc.o [1]
    .data            inited   0x2808'b934       0x8  mcu_temperature.o [1]
    .data            inited   0x2808'b93c      0x20  mcu_temperature.o [1]
    .data            inited   0x2808'b95c       0x8  mcu_temperature.o [1]
    .data            inited   0x2808'b964      0x20  rs232.o [1]
    .data            inited   0x2808'b984       0x4  rs232.o [1]
    .data            inited   0x2808'b988       0x4  rs232.o [1]
    .data            inited   0x2808'b98c      0x34  sta9100_control.o [1]
    .data            inited   0x2808'b9c0      0x34  sta9100_control.o [1]
    .data            inited   0x2808'b9f4      0x34  sta9100_control.o [1]
    .data            inited   0x2808'ba28      0x34  sta9100_control.o [1]
    .data            inited   0x2808'ba5c      0x34  sta9100_control.o [1]
    .data            inited   0x2808'ba90      0x34  sta9100_control.o [1]
    .data            inited   0x2808'bac4      0x34  sta9100_control.o [1]
    .data            inited   0x2808'baf8      0x34  sta9100_control.o [1]
    .data            inited   0x2808'bb2c      0x34  sta9100_control.o [1]
    .data            inited   0x2808'bb60      0x34  sta9100_control.o [1]
    .data            inited   0x2808'bb94      0x4c  uart.o [1]
    .data            inited   0x2808'bbe0      0x48  uart.o [1]
    .data            inited   0x2808'bc28      0x4c  uart.o [1]
    .data            inited   0x2808'bc74      0x48  uart.o [1]
    .data            inited   0x2808'bcbc      0x4c  uart.o [1]
    .data            inited   0x2808'bd08      0x48  uart.o [1]
    .data            inited   0x2808'bd50      0x4c  uart.o [1]
    .data            inited   0x2808'bd9c      0x48  uart.o [1]
    .data            inited   0x2808'bde4      0x4c  uart.o [1]
    .data            inited   0x2808'be30      0x34  uart.o [1]
    .data            inited   0x2808'be64      0x34  uart.o [1]
    .data            inited   0x2808'be98      0x18  ublox_decoder.o [1]
    .data            inited   0x2808'beb0       0xc  ublox_decoder.o [1]
    .data            inited   0x2808'bebc       0xc  ublox_decoder.o [1]
    .data            inited   0x2808'bec8       0xc  ublox_decoder.o [1]
    .data            inited   0x2808'bed4       0xc  ublox_decoder.o [1]
    .data            inited   0x2808'bee0       0xc  ublox_decoder.o [1]
    .data            inited   0x2808'beec       0xc  ublox_decoder.o [1]
    .data            inited   0x2808'bef8       0xc  ublox_decoder.o [1]
    .data            inited   0x2808'bf04       0xc  ublox_decoder.o [1]
    .data            inited   0x2808'bf10       0xc  ublox_decoder.o [1]
    .data            inited   0x2808'bf1c       0xc  ublox_decoder.o [1]
    .data            inited   0x2808'bf28       0xc  ublox_decoder.o [1]
    .data            inited   0x2808'bf34       0xc  ublox_decoder.o [1]
    .data            inited   0x2808'bf40       0xc  ublox_decoder.o [1]
    .data            inited   0x2808'bf4c      0x14  ublox_decoder.o [1]
    .data            inited   0x2808'bf60      0x14  ublox_decoder.o [1]
    .data            inited   0x2808'bf74      0x14  ublox_decoder.o [1]
    .data            inited   0x2808'bf88      0x14  ublox_decoder.o [1]
    .data            inited   0x2808'bf9c      0x14  ublox_decoder.o [1]
    .data            inited   0x2808'bfb0      0x14  ublox_decoder.o [1]
    .data            inited   0x2808'bfc4      0x14  ublox_decoder.o [1]
    .data            inited   0x2808'bfd8      0x14  ublox_decoder.o [1]
    .data            inited   0x2808'bfec      0x14  ublox_decoder.o [1]
    .data            inited   0x2808'c000      0x14  ublox_decoder.o [1]
    .data            inited   0x2808'c014      0x14  ublox_decoder.o [1]
    .data            inited   0x2808'c028      0x14  ublox_decoder.o [1]
    .data            inited   0x2808'c03c      0x14  ublox_decoder.o [1]
    .data            inited   0x2808'c050      0x14  ublox_decoder.o [1]
    .data            inited   0x2808'c064      0x14  ublox_decoder.o [1]
    .data            inited   0x2808'c078      0x14  ublox_decoder.o [1]
    .data            inited   0x2808'c08c      0x14  ublox_decoder.o [1]
    .data            inited   0x2808'c0a0      0x14  ublox_decoder.o [1]
    .data            inited   0x2808'c0b4      0x14  ublox_decoder.o [1]
    .data            inited   0x2808'c0c8      0x14  ublox_decoder.o [1]
    .data            inited   0x2808'c0dc      0x1c  ublox_decoder.o [1]
    .data            inited   0x2808'c0f8      0x1c  ublox_decoder.o [1]
    .data            inited   0x2808'c114      0x1c  ublox_decoder.o [1]
    .data            inited   0x2808'c130      0x14  ublox_decoder.o [1]
    .data            inited   0x2808'c144      0x10  ins_compile.o [3]
    .data            inited   0x2808'c154      0x14  ins_compile.o [3]
    .data            inited   0x2808'c168      0x14  ins_compile.o [3]
    .data            inited   0x2808'c17c       0x8  ins_compile.o [3]
    .data            inited   0x2808'c184       0x4  lcinsupdate.o [3]
    .data            inited   0x2808'c188      0x18  lcinsupdate.o [3]
    .data            inited   0x2808'c1a0       0x4  insoutmsg.o [3]
    .data            inited   0x2808'c1a4       0x4  zuptdetect.o [3]
    .data            inited   0x2808'c1a8       0x4  zuptdetect.o [3]
    .data            inited   0x2808'c1ac       0x4  zuptdetect.o [3]
    .data            inited   0x2808'c1b0       0xc  zuptdetect.o [3]
    .data            inited   0x2808'c1bc       0xc  zuptdetect.o [3]
    .data            inited   0x2808'c1c8       0x2  imu330za.o [1]
    .data            inited   0x2808'c1ca       0x2  imu330za.o [1]
    .data            inited   0x2808'c1cc       0x2  imu330za.o [1]
    .data            inited   0x2808'c1ce       0x2  imu330za.o [1]
    .data            inited   0x2808'c1d0       0x1  eth_process.o [1]
    .data            inited   0x2808'c1d1       0x1  fw_ins.o [1]
    .data            inited   0x2808'c1d2       0x1  gnss.o [1]
    .data            inited   0x2808'c1d3       0x1  imu330za.o [1]
    .data            inited   0x2808'c1d4       0x1  uart.o [1]
    .data            inited   0x2808'c1d5       0x1  uart.o [1]
    .data            inited   0x2808'c1d6       0x1  uart.o [1]
    .data            inited   0x2808'c1d7       0x1  uart.o [1]
    .data            inited   0x2808'c1d8       0x1  zuptdetect.o [3]
                            - 0x2808'c1d9    0x31d9

"P2", part 2 of 3:                         0x2'dab0
  .bss               zero     0x2808'c1e0    0xc000  cy_ethif.o [1]
  .bss               zero     0x2809'81e0    0x4800  cy_ethif.o [1]
  .bss               zero     0x2809'c9e0    0x2800  uart.o [1]
  .bss               zero     0x2809'f1e0    0x1260  lcsystem.o [3]
  .bss               zero     0x280a'0440    0x1160  lcsystem.o [3]
  .bss               zero     0x280a'15a0    0x1000  ethernet.o [1]
  .bss               zero     0x280a'25a0    0x1000  gnss.o [1]
  .bss               zero     0x280a'35a0    0x1000  gnss.o [1]
  .bss               zero     0x280a'45a0    0x1000  gnss.o [1]
  .bss               zero     0x280a'55a0    0x1000  gnss.o [1]
  .bss               zero     0x280a'65a0    0x1000  gnss.o [1]
  .bss               zero     0x280a'75a0    0x1000  gnss.o [1]
  .bss               zero     0x280a'85a0    0x1000  uart.o [1]
  .bss               zero     0x280a'95a0    0x1000  uart.o [1]
  .bss               zero     0x280a'a5a0    0x1000  uart.o [1]
  .bss               zero     0x280a'b5a0    0x1000  uart.o [1]
  .bss               zero     0x280a'c5a0    0x1000  uart.o [1]
  .bss               zero     0x280a'd5a0    0x1000  uart.o [1]
  .bss               zero     0x280a'e5a0    0x1000  uart.o [1]
  .bss               zero     0x280a'f5a0     0xe10  cy_ethif.o [1]
  .bss               zero     0x280b'03b0     0x960  zuptdetect.o [3]
  .bss               zero     0x280b'0d10     0x808  eth_process.o [1]
  .bss               zero     0x280b'1518     0x808  eth_process.o [1]
  .bss               zero     0x280b'1d20     0x808  Imu330Eth.o [1]
  .bss               zero     0x280b'2528     0x800  eth_process.o [1]
  .bss               zero     0x280b'2d28     0x710  taskINS.o [1]
  .bss               zero     0x280b'3438     0x710  ins_interface.o [3]
  .bss               zero     0x280b'3b48     0x5ec  ethernet.o [1]
  .bss               zero     0x280b'4134      0x3c  zuptdetect.o [3]
  .bss               zero     0x280b'4170     0x5a0  zuptdetect.o [3]
  .bss               zero     0x280b'4710     0x5a0  zuptdetect.o [3]
  .bss               zero     0x280b'4cb0     0x400  eth_process.o [1]
  .bss               zero     0x280b'50b0     0x400  eth_process.o [1]
  .bss               zero     0x280b'54b0     0x400  fw_ins.o [1]
  .bss               zero     0x280b'58b0     0x400  imu330za.o [1]
  .bss               zero     0x280b'5cb0     0x400  uart.o [1]
  .bss               zero     0x280b'60b0     0x2d0  zuptdetect.o [3]
  .bss               zero     0x280b'6380     0x230  zuptdetect.o [3]
  .bss               zero     0x280b'65b0     0x200  imu330za.o [1]
  .bss               zero     0x280b'67b0     0x200  rs232.o [1]
  .bss               zero     0x280b'69b0     0x1f4  ublox_decoder.o [1]
  .bss               zero     0x280b'6ba4     0x1e0  lcinsupdate.o [3]
  .bss               zero     0x280b'6d84      0x34  imu330za.o [1]
  .bss               zero     0x280b'6db8     0x1b0  lcinsupdate.o [3]
  .bss               zero     0x280b'6f68     0x1a0  gnss.o [1]
  .bss               zero     0x280b'7108     0x180  cy_ethif.o [1]
  .bss               zero     0x280b'7288     0x180  cy_ethif.o [1]
  .bss               zero     0x280b'7408     0x180  zuptdetect.o [3]
  .bss               zero     0x280b'7588     0x140  cy_ethif.o [1]
  .bss               zero     0x280b'76c8     0x130  cy_ethif.o [1]
  .bss               zero     0x280b'77f8     0x120  cy_ethif.o [1]
  .bss               zero     0x280b'7918     0x10c  imu330za.o [1]
  .bss               zero     0x280b'7a24     0x10c  imu330za.o [1]
  .bss               zero     0x280b'7b30     0x10c  imu330za.o [1]
  .bss               zero     0x280b'7c3c     0x10c  imu330za.o [1]
  .bss               zero     0x280b'7d48     0x10c  imu330za.o [1]
  .bss               zero     0x280b'7e54     0x10c  imu330za.o [1]
  .bss               zero     0x280b'7f60     0x10c  imu330za.o [1]
  .bss               zero     0x280b'806c     0x10c  imu330za.o [1]
  .bss               zero     0x280b'8178     0x10c  imu330za.o [1]
  .bss               zero     0x280b'8284     0x10c  rs232.o [1]
  .bss               zero     0x280b'8390     0x10c  rs232.o [1]
  .bss               zero     0x280b'849c     0x10c  ublox_decoder.o [1]
  .bss               zero     0x280b'85a8     0x108  Imu330Eth.o [1]
  .bss               zero     0x280b'86b0     0x108  Imu330Eth.o [1]
  .bss               zero     0x280b'87b8      0x9c  fw_ins.o [1]
  .bss               zero     0x280b'8854      0x90  cy_ethif.o [1]
  .bss               zero     0x280b'88e4      0x34  imu330za.o [1]
  .bss               zero     0x280b'8918      0x90  fw_ins.o [1]
  .bss               zero     0x280b'89a8      0x88  insoutmsg.o [3]
  .bss               zero     0x280b'8a30      0x80  uart.o [1]
  .bss               zero     0x280b'8ab0      0x80  uart.o [1]
  .bss               zero     0x280b'8b30      0x80  uart.o [1]
  .bss               zero     0x280b'8bb0      0x80  uart.o [1]
  .bss               zero     0x280b'8c30      0x80  uart.o [1]
  .bss               zero     0x280b'8cb0      0x80  uart.o [1]
  .bss               zero     0x280b'8d30      0x80  uart.o [1]
  .bss               zero     0x280b'8db0      0x80  uart.o [1]
  .bss               zero     0x280b'8e30      0x80  uart.o [1]
  .bss               zero     0x280b'8eb0      0x78  insoutmsg.o [3]
  .bss               zero     0x280b'8f28      0x70  cy_syslib.o [1]
  .bss               zero     0x280b'8f98      0x68  mcu_temperature.o [1]
  .bss               zero     0x280b'9000      0x60  zuptdetect.o [3]
  .bss               zero     0x280b'9060      0x58  fw_ins.o [1]
  .bss               zero     0x280b'90b8      0x48  insmech.o [3]
  .bss               zero     0x280b'9100      0x48  insmech.o [3]
  .bss               zero     0x280b'9148      0x48  insmech.o [3]
  .bss               zero     0x280b'9190      0x40  fw_ins.o [1]
  .bss               zero     0x280b'91d0      0x40  zuptdetect.o [3]
  .bss               zero     0x280b'9210      0x38  uart.o [1]
  .bss               zero     0x280b'9248      0x38  uart.o [1]
  .bss               zero     0x280b'9280      0x38  uart.o [1]
  .bss               zero     0x280b'92b8      0x38  uart.o [1]
  .bss               zero     0x280b'92f0      0x38  uart.o [1]
  .bss               zero     0x280b'9328      0x38  user_config.o [1]
  .bss               zero     0x280b'9360      0x34  imu330za.o [1]
  .bss               zero     0x280b'9394      0x1c  maintain_ins.o [1]
  .bss               zero     0x280b'93b0      0x30  zuptdetect.o [3]
  .bss               zero     0x280b'93e0      0x30  zuptdetect.o [3]
  .bss               zero     0x280b'9410      0x30  zuptdetect.o [3]
  .bss               zero     0x280b'9440      0x30  zuptdetect.o [3]
  .bss               zero     0x280b'9470      0x30  zuptdetect.o [3]
  .bss               zero     0x280b'94a0      0x30  zuptdetect.o [3]
  .bss               zero     0x280b'94d0      0x30  zuptdetect.o [3]
  .bss               zero     0x280b'9500      0x30  zuptdetect.o [3]
  .bss               zero     0x280b'9530      0x30  zuptdetect.o [3]
  .bss               zero     0x280b'9560      0x30  zuptdetect.o [3]
  .bss               zero     0x280b'9590      0x30  zuptdetect.o [3]
  .bss               zero     0x280b'95c0      0x30  zuptdetect.o [3]
  .bss               zero     0x280b'95f0      0x30  zuptdetect.o [3]
  .bss               zero     0x280b'9620      0x30  zuptdetect.o [3]
  .bss               zero     0x280b'9650      0x30  zuptdetect.o [3]
  .bss               zero     0x280b'9680      0x30  zuptdetect.o [3]
  .bss               zero     0x280b'96b0      0x28  car_data.o [1]
  .bss               zero     0x280b'96d8      0x28  imu330za.o [1]
  .bss               zero     0x280b'9700      0x20  cy_ethif.o [1]
  .bss               zero     0x280b'9720      0x20  timer.o [1]
  .bss               zero     0x280b'9740      0x20  insmech.o [3]
  .bss               zero     0x280b'9760      0x20  insmech.o [3]
  .bss               zero     0x280b'9780      0x20  insmech.o [3]
  .bss               zero     0x280b'97a0      0x18  cy_sysclk.o [1]
  .bss               zero     0x280b'97b8      0x18  cy_syslib.o [1]
  .bss               zero     0x280b'97d0      0x18  uart.o [1]
  .bss               zero     0x280b'97e8      0x18  uart.o [1]
  .bss               zero     0x280b'9800      0x18  uart.o [1]
  .bss               zero     0x280b'9818      0x18  uart.o [1]
  .bss               zero     0x280b'9830      0x18  lcinsupdate.o [3]
  .bss               zero     0x280b'9848      0x18  lcinsupdate.o [3]
  .bss               zero     0x280b'9860      0x18  lcinsupdate.o [3]
  .bss               zero     0x280b'9878      0x18  lcinsupdate.o [3]
  .bss               zero     0x280b'9890      0x18  insmech.o [3]
  .bss               zero     0x280b'98a8      0x18  insmech.o [3]
  .bss               zero     0x280b'98c0      0x18  insmech.o [3]
  .bss               zero     0x280b'98d8      0x18  insmech.o [3]
  .bss               zero     0x280b'98f0      0x18  insmech.o [3]
  .bss               zero     0x280b'9908      0x18  insmech.o [3]
  .bss               zero     0x280b'9920      0x18  insmech.o [3]
  .bss               zero     0x280b'9938      0x18  insmech.o [3]
  .bss               zero     0x280b'9950      0x18  insmech.o [3]
  .bss               zero     0x280b'9968      0x18  insmech.o [3]
  .bss               zero     0x280b'9980      0x18  insmech.o [3]
  .bss               zero     0x280b'9998      0x14  cy_canfd.o [1]
  .bss               zero     0x280b'99ac      0x14  cy_systick.o [1]
  .bss               zero     0x280b'99c0      0x10  cy_ethif.o [1]
  .bss               zero     0x280b'99d0      0x10  cy_srom.o [1]
  .bss               zero     0x280b'99e0      0x10  mcu_temperature.o [1]
  .bss               zero     0x280b'99f0      0x10  run_status.o [1]
  .bss               zero     0x280b'9a00      0x10  timer.o [1]
  .bss               zero     0x280b'9a10       0xc  cy_ethif.o [1]
  .bss               zero     0x280b'9a1c       0xc  ethernet.o [1]
  .bss               zero     0x280b'9a28       0xc  gnss.o [1]
  .bss               zero     0x280b'9a34       0xc  gnss.o [1]
  .bss               zero     0x280b'9a40       0xc  uart.o [1]
  .bss               zero     0x280b'9a4c       0xc  uart.o [1]
  .bss               zero     0x280b'9a58       0xc  uart.o [1]
  .bss               zero     0x280b'9a64       0xc  uart.o [1]
  .bss               zero     0x280b'9a70       0xc  uart.o [1]
  .bss               zero     0x280b'9a7c       0xc  uart.o [1]
  .bss               zero     0x280b'9a88       0xc  uart.o [1]
  .bss               zero     0x280b'9a94       0xc  uart.o [1]
  .bss               zero     0x280b'9aa0       0xc  uart.o [1]
  .bss               zero     0x280b'9aac       0xc  uart.o [1]
  .bss               zero     0x280b'9ab8       0xc  zuptdetect.o [3]
  .bss               zero     0x280b'9ac4       0xc  zuptdetect.o [3]
  .bss               zero     0x280b'9ad0       0xc  zuptdetect.o [3]
  .bss               zero     0x280b'9adc       0xc  zuptdetect.o [3]
  .bss               zero     0x280b'9ae8       0x8  cy_ethif.o [1]
  .bss               zero     0x280b'9af0       0x8  cy_ethif.o [1]
  .bss               zero     0x280b'9af8       0x8  ethernet.o [1]
  .bss               zero     0x280b'9b00       0x8  fw_ins.o [1]
  .bss               zero     0x280b'9b08       0x8  mcu_temperature.o [1]
  .bss               zero     0x280b'9b10       0x8  mcu_temperature.o [1]
  .bss               zero     0x280b'9b18       0x8  timer.o [1]
  .bss               zero     0x280b'9b20       0x8  timer.o [1]
  .bss               zero     0x280b'9b28       0x8  timer.o [1]
  .bss               zero     0x280b'9b30       0x8  timer.o [1]
  .bss               zero     0x280b'9b38       0x8  timer.o [1]
  .bss               zero     0x280b'9b40       0x8  ins_interface.o [3]
  .bss               zero     0x280b'9b48       0x8  ins_interface.o [3]
  .bss               zero     0x280b'9b50       0x8  lcinsupdate.o [3]
  .bss               zero     0x280b'9b58       0x8  zuptdetect.o [3]
  .bss               zero     0x280b'9b60       0x4  cy_ethif.o [1]
  .bss               zero     0x280b'9b64       0x4  cy_srom.o [1]
  .bss               zero     0x280b'9b68       0x4  cy_syslib.o [1]
  .bss               zero     0x280b'9b6c       0x4  eeprom.o [1]
  .bss               zero     0x280b'9b70       0x4  eeprom.o [1]
  .bss               zero     0x280b'9b74       0x4  eth_process.o [1]
  .bss               zero     0x280b'9b78       0x4  eth_process.o [1]
  .bss               zero     0x280b'9b7c       0x4  eth_process.o [1]
  .bss               zero     0x280b'9b80       0x4  eth_process.o [1]
  .bss               zero     0x280b'9b84       0x4  ethernet.o [1]
  .bss               zero     0x280b'9b88       0x4  fw_ins.o [1]
  .bss               zero     0x280b'9b8c       0x4  gnss.o [1]
  .bss               zero     0x280b'9b90       0x4  Imu330Eth.o [1]
  .bss               zero     0x280b'9b94       0x4  imu330za.o [1]
  .bss               zero     0x280b'9b98       0x4  imu330za.o [1]
  .bss               zero     0x280b'9b9c       0x4  imu330za.o [1]
  .bss               zero     0x280b'9ba0       0x4  imu330za.o [1]
  .bss               zero     0x280b'9ba4       0x4  imu330za.o [1]
  .bss               zero     0x280b'9ba8       0x4  imu330za.o [1]
  .bss               zero     0x280b'9bac       0x4  imu330za.o [1]
  .bss               zero     0x280b'9bb0       0x4  mcu_temperature.o [1]
  .bss               zero     0x280b'9bb4       0x4  rs232.o [1]
  .bss               zero     0x280b'9bb8       0x4  rs232.o [1]
  .bss               zero     0x280b'9bbc       0x4  rs232.o [1]
  .bss               zero     0x280b'9bc0       0x4  rs232.o [1]
  .bss               zero     0x280b'9bc4       0x4  rs232.o [1]
  .bss               zero     0x280b'9bc8       0x4  rs232.o [1]
  .bss               zero     0x280b'9bcc       0x4  rs232.o [1]
  .bss               zero     0x280b'9bd0       0x4  rs232.o [1]
  .bss               zero     0x280b'9bd4       0x4  system_tviibh8m_cm7.o [1]
  .bss               zero     0x280b'9bd8       0x4  system_tviibh8m_cm7.o [1]
  .bss               zero     0x280b'9bdc       0x4  system_tviibh8m_cm7.o [1]
  .bss               zero     0x280b'9be0       0x4  system_tviibh8m_cm7.o [1]
  .bss               zero     0x280b'9be4       0x4  taskINS.o [1]
  .bss               zero     0x280b'9be8       0x4  taskINS.o [1]
  .bss               zero     0x280b'9bec       0x4  taskINS.o [1]
  .bss               zero     0x280b'9bf0       0x4  taskINS.o [1]
  .bss               zero     0x280b'9bf4       0x4  timer.o [1]
  .bss               zero     0x280b'9bf8       0x4  timer.o [1]
  .bss               zero     0x280b'9bfc       0x4  timer.o [1]
  .bss               zero     0x280b'9c00       0x4  timer.o [1]
  .bss               zero     0x280b'9c04       0x4  timer.o [1]
  .bss               zero     0x280b'9c08       0x4  timer.o [1]
  .bss               zero     0x280b'9c0c       0x4  timer.o [1]
  .bss               zero     0x280b'9c10       0x4  timer.o [1]
  .bss               zero     0x280b'9c14       0x4  timer.o [1]
  .bss               zero     0x280b'9c18       0x4  ublox_decoder.o [1]
  .bss               zero     0x280b'9c1c       0x4  ublox_decoder.o [1]
  .bss               zero     0x280b'9c20       0x4  ins_interface.o [3]
  .bss               zero     0x280b'9c24       0x4  lcgnssupdate.o [3]
  .bss               zero     0x280b'9c28       0x4  lcinsupdate.o [3]
  .bss               zero     0x280b'9c2c       0x4  lcsystem.o [3]
  .bss               zero     0x280b'9c30       0x4  zuptdetect.o [3]
  .bss               zero     0x280b'9c34       0x4  xfail_s.o [2]
  .bss               zero     0x280b'9c38       0x2  eth_process.o [1]
  .bss               zero     0x280b'9c3a       0x2  eth_process.o [1]
  .bss               zero     0x280b'9c3c       0x2  eth_process.o [1]
  .bss               zero     0x280b'9c3e       0x2  eth_process.o [1]
  .bss               zero     0x280b'9c40       0x2  fw_ins.o [1]
  .bss               zero     0x280b'9c42       0x2  Imu330Eth.o [1]
  .bss               zero     0x280b'9c44       0x2  Imu330Eth.o [1]
  .bss               zero     0x280b'9c46       0x2  imu330za.o [1]
  .bss               zero     0x280b'9c48       0x2  imu330za.o [1]
  .bss               zero     0x280b'9c4a       0x2  imu330za.o [1]
  .bss               zero     0x280b'9c4c       0x2  imu330za.o [1]
  .bss               zero     0x280b'9c4e       0x2  rs232.o [1]
  .bss               zero     0x280b'9c50       0x2  timer.o [1]
  .bss               zero     0x280b'9c52       0x2  zuptdetect.o [3]
  .bss               zero     0x280b'9c54       0x2  zuptdetect.o [3]
  .bss               zero     0x280b'9c56       0x2  zuptdetect.o [3]
  .bss               zero     0x280b'9c58       0x2  zuptdetect.o [3]
  .bss               zero     0x280b'9c5a       0x2  zuptdetect.o [3]
  .bss               zero     0x280b'9c5c       0x2  zuptdetect.o [3]
  .bss               zero     0x280b'9c5e       0x2  zuptdetect.o [3]
  .bss               zero     0x280b'9c60       0x2  zuptdetect.o [3]
  .bss               zero     0x280b'9c62       0x2  zuptdetect.o [3]
  .bss               zero     0x280b'9c64       0x2  zuptdetect.o [3]
  .bss               zero     0x280b'9c66       0x1  car_data.o [1]
  .bss               zero     0x280b'9c67       0x1  cy_ethif.o [1]
  .bss               zero     0x280b'9c68       0x1  cy_ethif.o [1]
  .bss               zero     0x280b'9c69       0x1  cy_ethif.o [1]
  .bss               zero     0x280b'9c6a       0x1  cy_mw_flash.o [1]
  .bss               zero     0x280b'9c6b       0x1  cy_mw_flash.o [1]
  .bss               zero     0x280b'9c6c       0x1  cy_sysclk.o [1]
  .bss               zero     0x280b'9c6d       0x1  cy_systick.o [1]
  .bss               zero     0x280b'9c6e       0x1  eth_process.o [1]
  .bss               zero     0x280b'9c6f       0x1  gnss.o [1]
  .bss               zero     0x280b'9c70       0x1  gnss.o [1]
  .bss               zero     0x280b'9c71       0x1  gnss.o [1]
  .bss               zero     0x280b'9c72       0x1  Imu330Eth.o [1]
  .bss               zero     0x280b'9c73       0x1  Imu330Eth.o [1]
  .bss               zero     0x280b'9c74       0x1  Imu330Eth.o [1]
  .bss               zero     0x280b'9c75       0x1  imu330za.o [1]
  .bss               zero     0x280b'9c76       0x1  imu330za.o [1]
  .bss               zero     0x280b'9c77       0x1  imu330za.o [1]
  .bss               zero     0x280b'9c78       0x1  maintain_ins.o [1]
  .bss               zero     0x280b'9c79       0x1  mcu_temperature.o [1]
  .bss               zero     0x280b'9c7a       0x1  rs232.o [1]
  .bss               zero     0x280b'9c7b       0x1  system_tviibh8m_cm7.o [1]
  .bss               zero     0x280b'9c7c       0x1  timer.o [1]
  .bss               zero     0x280b'9c7d       0x1  timer.o [1]
  .bss               zero     0x280b'9c7e       0x1  timer.o [1]
  .bss               zero     0x280b'9c7f       0x1  timer.o [1]
  .bss               zero     0x280b'9c80       0x1  timer.o [1]
  .bss               zero     0x280b'9c81       0x1  timer.o [1]
  .bss               zero     0x280b'9c82       0x1  timer.o [1]
  .bss               zero     0x280b'9c83       0x1  ublox_decoder.o [1]
  .bss               zero     0x280b'9c84       0x1  user_config.o [1]
  .bss               zero     0x280b'9c85       0x1  lcsystem.o [3]
  .bss               zero     0x280b'9c86       0x1  lcsystem.o [3]
  .bss               zero     0x280b'9c87       0x1  lcsystem.o [3]
  .bss               zero     0x280b'9c88       0x1  zuptdetect.o [3]
  .bss               zero     0x280b'9c89       0x1  zuptdetect.o [3]
                            - 0x280b'9c8a  0x2'daae

"P2", part 3 of 3:                             0x88
  .intvec_ram        uninit   0x280b'9d00      0x80  startup_cm7.o [1]
  .noinit            uninit   0x280b'9d80       0x8  fd_adc.o [1]
                            - 0x280b'9d88      0x88

"A1":                                         0x800
  HEAP_STACK                  0x280f'f800     0x800  <Block>
    CSTACK                    0x280f'f800     0x800  <Block>
      CSTACK         uninit   0x280f'f800     0x800  <Block tail>
                            - 0x2810'0000     0x800

Unused ranges:

         From           To       Size
         ----           --       ----
  0x102a'cd13  0x1082'ffff  0x58'32ed
  0x2808'c1d9  0x2808'c1db        0x3
  0x280b'9c8c  0x280b'9cff       0x74
  0x280b'9d88  0x280f'f7ff   0x4'5a78


*******************************************************************************
*** INIT TABLE
***

          Address      Size
          -------      ----
Zero (__iar_zero_init3)
    1 destination range, total size 0x2'daaa:
          0x2808'c1e0  0x2'daaa

Copy/lz77 (__iar_lz77_init_single3)
    1 source range, total size 0x8d7 (17% of destination):
          0x102a'c43c     0x8d7
    1 destination range, total size 0x31d9:
          0x2808'9000    0x31d9



*******************************************************************************
*** MODULE SUMMARY
***

    Module                 ro code  ro data  rw data
    ------                 -------  -------  -------
command line/config:
    ------------------------------------------------
    Total:

C:\Users\lihuan\Desktop\ublox-dual-0614\ins402\RTK330LA_BF_m7_1\iar_8.4\ins_m7_1\Debug\Obj: [1]
    Imu330Eth.o                664             2'595
    can.o                      780      259       88
    car_data.o                 360                41
    crc16.o                     68
    cy_adc.o                 2'276       32
    cy_canfd.o               3'048      127      260
    cy_ethif.o               4'796       12   73'163
    cy_flash.o               1'168
    cy_gpio.o                  424
    cy_interrupt_map.o         408      435    2'272
    cy_ipc_drv.o                84        4
    cy_mw_flash.o              672      116        2
    cy_pdma.o                  550
    cy_scb_common.o            298
    cy_scb_uart.o            2'168      152
    cy_srom.o                  696      148       20
    cy_sysclk.o              2'240      232       25
    cy_sysint.o                152        8
    cy_syslib.o                170               140
    cy_syslib_iar.o             30
    cy_syspm.o                 200
    cy_sysreset.o               12
    cy_systick.o               612      112       21
    cy_tcpwm.o                  10
    cy_tcpwm_counter.o         356       20
    cy_trigmux.o               140
    edd.o                   16'896      149      840
    edd_rx.o                13'160
    edd_tx.o                 3'772
    eeprom.o                   768       16        8
    eth_process.o            4'276      275    8'294
    ethernet.o               1'872      415    7'164
    fd_adc.o                    48        3       28
    fw_ins.o                   860      136    1'647
    gnss.o                   1'468        2   25'036
    imu330za.o               3'212      106    4'480
    m7_ipc.o                              2       12
    main_cm7_1.o               240       68
    maintain_ins.o             484                29
    mcu_temperature.o          968        9      189
    rs232.o                  1'416       91    1'123
    run_status.o               492                16
    sta9100_control.o          388       92      520
    startup.o                  524       24
    startup_cm7.o              386               128
    system_tviibh8m_cm7.o      340      140       17
    taskINS.o                  384             1'824
    timer.o                  2'100      276      133
    uart.o                   4'244      265   42'360
    ublox_decoder.o          4'000      153    1'461
    ucb_packet.o             1'382
    user_config.o              280       56       57
    utils.o                    214
    ------------------------------------------------
    Total:                  86'556    3'935  173'993

dl7M_tln.a: [2]
    abort.o                      6
    abs.o                        8
    exit.o                       4
    iar_Stoflt.o               424
    iar_Stopfx.o               288
    iar_Stoulx.o               336       80
    iar_Stoxflt.o              524
    snprintf.o                  68
    sprintf.o                   64
    strcat.o                    30
    strstr.o                    44
    vsprintf.o                  52
    xfail_s.o                   64                 4
    xprintffull_nomb.o       4'010        8
    xsnprout.o                  26
    xsprout.o                   10
    ------------------------------------------------
    Total:                   5'958       88        4

ins_lib.a: [3]
    cmatrix.o                3'704
    earth.o                    352      104
    ins_compile.o               32       11       64
    ins_interface.o          5'336       79    2'204
    insmech.o                4'146       13      648
    insoutmsg.o              8'666    1'547    3'900
    lcgnssupdate.o          16'068       12       76
    lcinsupdate.o            9'380       53    1'048
    lcsystem.o               7'292             9'159
    loosecoupleset.o         2'144      126      712
    orientation.o            1'474
    positionfilter.o           904
    zuptdetect.o            15'050       23    8'139
    ------------------------------------------------
    Total:                  74'548    1'968   25'950

m7M_tlv.a: [4]
    DblCmpGe.o                  46
    DblCmpLe.o                  46
    DblDiv.o                    18
    DblMul.o                    18
    DblSub.o                    18
    DblToS32.o                  14
    DblToU32.o                  14
    DblToU64.o                  82
    S32ToDbl.o                  14
    S64ToDbl.o                  82
    U32ToDbl.o                  14
    U64ToDbl.o                  70
    acos.o                     128
    asin.o                     136
    atan.o                      96
    atan2.o                    126
    cos_sin64.o                756
    exp.o                       88
    floor.o                    104
    fmod.o                     444
    fpinit_M.o                  34
    frexp.o                    136
    iar_Exp64.o                872
    ldexp.o                    260
    pow64.o                  1'388    1'056
    round.o                     98
    roundf.o                    56
    sqrt.o                      30
    sqrtf.o                     30
    strto64.o                1'108       72
    tan64.o                    636
    xatan.o                    280
    xexp.o                     226      168
    ------------------------------------------------
    Total:                   7'468    1'296

rt7M_tl.a: [5]
    ABImemclr4.o                 6
    ABImemcpy.o                166
    ABImemset.o                102
    ABImemset48.o               50
    I64DivMod.o                628
    I64DivZer.o                  2
    cexit.o                     10
    cmain.o                     30
    cstartup_M.o                12
    data_init.o                 40
    lz77_init_single.o         120
    memchr.o                    88
    memcmp.o                   104
    memcpy.o                    12
    strchr.o                    22
    strcpy.o                    24
    strlen.o                    54
    strncpy.o                  112
    zero_init3.o                58
    ------------------------------------------------
    Total:                   1'640

shb_l.a: [6]
    exit.o                      20
    ------------------------------------------------
    Total:                      20

    Gaps                        58        4        4
    Linker created                       32    2'048
----------------------------------------------------
    Grand Total:           176'248    7'323  201'999


*******************************************************************************
*** ENTRY LIST
***

Entry                       Address    Size  Type      Object
-----                       -------    ----  ----      ------
.iar.init_table$$Base   0x102a'bfa8           --   Gb  - Linker created -
.iar.init_table$$Limit  0x102a'bfc8           --   Gb  - Linker created -
?main                   0x102a'c049          Code  Gb  cmain.o [5]
ADDGNSSDATA             0x1028'bf99   0x51c  Code  Gb  lcgnssupdate.o [3]
AdcIntHandler           0x102a'a553    0x32  Code  Gb  mcu_temperature.o [1]
AdcReadChannelData      0x102a'a585    0x44  Code  Gb  mcu_temperature.o [1]
AddIMUData              0x1029'99c9   0xa02  Code  Gb  lcinsupdate.o [3]
Amean                   0x280b'9500    0x30  Data  Lc  zuptdetect.o [3]
AttitudeInit            0x1029'2a45     0x6  Code  Gb  lcsystem.o [3]
BiasCheckDataLegth      0x2808'c184     0x4  Data  Lc  lcinsupdate.o [3]
BiasDateLength          0x280b'9c28     0x4  Data  Lc  lcinsupdate.o [3]
BiasInit                0x1029'2a4b    0x30  Code  Gb  lcsystem.o [3]
BiasMax                 0x280b'9830    0x18  Data  Lc  lcinsupdate.o [3]
BiasMean                0x280b'9848    0x18  Data  Lc  lcinsupdate.o [3]
BiasStd                 0x280b'9878    0x18  Data  Lc  lcinsupdate.o [3]
BiasThreShold           0x2808'c188    0x18  Data  Lc  lcinsupdate.o [3]
BiasVar                 0x280b'9860    0x18  Data  Lc  lcinsupdate.o [3]
BiasdetectData          0x280b'6ba4   0x1e0  Data  Lc  lcinsupdate.o [3]
BytesToInt32            0x102a'6e5d    0x18  Code  Gb  ublox_decoder.o [1]
BytesToUint32           0x102a'6e45    0x18  Code  Gb  ublox_decoder.o [1]
C1                      0x280b'90b8    0x48  Data  Lc  insmech.o [3]
C2                      0x280b'9100    0x48  Data  Lc  insmech.o [3]
C3                      0x280b'9148    0x48  Data  Lc  insmech.o [3]
CAN_RxMsgCallback       0x102a'80a5     0xe  Code  Gb  can.o [1]
CEDI_GetInstance        0x1028'4277     0x4  Code  Gb  edd.o [1]
CPS_UncachedRead32      0x1028'0081     0x4  Code  Gb  edd.o [1]
CPS_UncachedWrite32     0x1028'0085     0x4  Code  Gb  edd.o [1]
CRC32Value              0x1029'44ab    0x1e  Code  Lc  insoutmsg.o [3]
CSTACK$$Base            0x280f'f800           --   Gb  - Linker created -
CSTACK$$Limit           0x2810'0000           --   Gb  - Linker created -
CY_FLASH_Program        0x102a'2df3    0x52  Code  Gb  eeprom.o [1]
CalculateBlockCRC32     0x1029'44f9    0x2a  Code  Lc  insoutmsg.o [3]
CalculateCRC            0x102a'0791    0x44  Code  Gb  crc16.o [1]
CanfdInterruptHandler   0x102a'80b5     0xa  Code  Gb  can.o [1]
CheckImuBiasEstStb      0x1029'8d19   0x30e  Code  Lc  lcinsupdate.o [3]
Check_LAN8770M_LinkStatus
                        0x102a'0bb7    0x1e  Code  Lc  ethernet.o [1]
ConvertIMU2USER         0x1029'94ad   0x29a  Code  Gb  lcinsupdate.o [3]
ConvertIMUData          0x1029'8965   0x364  Code  Lc  lcinsupdate.o [3]
CopyVectorTable         0x102a'a8d7    0x34  Code  Lc  startup.o [1]
CpuUserInt0_Handler     0x102a'acab    0x26  Code  Gb  cy_interrupt_map.o [1]
CpuUserInt1_Handler     0x102a'acd1    0x26  Code  Gb  cy_interrupt_map.o [1]
CpuUserInt2_Handler     0x102a'acf7    0x26  Code  Gb  cy_interrupt_map.o [1]
CpuUserInt3_Handler     0x102a'ad1d    0x26  Code  Gb  cy_interrupt_map.o [1]
CpuUserInt4_Handler     0x102a'ad43    0x26  Code  Gb  cy_interrupt_map.o [1]
CpuUserInt5_Handler     0x102a'ad69    0x26  Code  Gb  cy_interrupt_map.o [1]
CpuUserInt6_Handler     0x102a'ad8f    0x26  Code  Gb  cy_interrupt_map.o [1]
CpuUserInt7_Handler     0x102a'adb5    0x26  Code  Gb  cy_interrupt_map.o [1]
CrossProduct            0x1029'14a9    0x58  Code  Gb  cmatrix.o [3]
Cy_Adc_CalculateDieTemperature
                        0x102a'90c5   0x584  Code  Gb  cy_adc.o [1]
Cy_Adc_Channel_ClearInterruptStatus
                        0x102a'8ff1    0x7c  Code  Gb  cy_adc.o [1]
Cy_Adc_Channel_Disable  0x102a'8f27     0xa  Code  Gb  cy_adc.o [1]
Cy_Adc_Channel_Enable   0x102a'8f1d     0xa  Code  Gb  cy_adc.o [1]
Cy_Adc_Channel_GetInterruptMaskedStatus
                        0x102a'906d    0x48  Code  Gb  cy_adc.o [1]
Cy_Adc_Channel_GetResult
                        0x102a'8f3b    0x3a  Code  Gb  cy_adc.o [1]
Cy_Adc_Channel_Init     0x102a'8e07   0x116  Code  Gb  cy_adc.o [1]
Cy_Adc_Channel_SetInterruptMask
                        0x102a'8f75    0x7c  Code  Gb  cy_adc.o [1]
Cy_Adc_Channel_SoftwareTrigger
                        0x102a'8f31     0xa  Code  Gb  cy_adc.o [1]
Cy_Adc_Init             0x102a'8d85    0x82  Code  Gb  cy_adc.o [1]
Cy_Adc_SetReferenceBufferMode
                        0x102a'90b9     0xc  Code  Gb  cy_adc.o [1]
Cy_CANFD_CalcRxBufAdrs  0x102a'82af    0x3a  Code  Lc  cy_canfd.o [1]
Cy_CANFD_CalcRxFifoAdrs
                        0x102a'82e9    0x5e  Code  Lc  cy_canfd.o [1]
Cy_CANFD_CalculateChannelIdx
                        0x102a'8347    0x1a  Code  Lc  cy_canfd.o [1]
Cy_CANFD_DeInit         0x102a'8c0b    0xe8  Code  Gb  cy_canfd.o [1]
Cy_CANFD_ErrorHandling  0x102a'8361    0xa2  Code  Lc  cy_canfd.o [1]
Cy_CANFD_ExtractMsgFromRXBuffer
                        0x102a'8403    0x8a  Code  Gb  cy_canfd.o [1]
Cy_CANFD_GetContext     0x102a'8283    0x2c  Code  Lc  cy_canfd.o [1]
Cy_CANFD_GetMsgramOffset
                        0x102a'819d    0xe6  Code  Lc  cy_canfd.o [1]
Cy_CANFD_Init           0x102a'86d7   0x534  Code  Gb  cy_canfd.o [1]
Cy_CANFD_IrqHandler     0x102a'848d   0x24a  Code  Gb  cy_canfd.o [1]
Cy_DefaultUserHandler   0x102a'aca9     0x2  Code  Gb  cy_interrupt_map.o [1]
Cy_EthIF_ClearReleasedBuf
                        0x1029'f053    0xba  Code  Gb  cy_ethif.o [1]
Cy_EthIF_GetBuf         0x1029'efa1    0xb2  Code  Lc  cy_ethif.o [1]
Cy_EthIF_GetBuf::u8RxBufferPtr
                        0x280b'9c69     0x1  Data  Lc  cy_ethif.o [1]
Cy_EthIF_GetBuf::u8TxBufferPtr
                        0x280b'9c68     0x1  Data  Lc  cy_ethif.o [1]
Cy_EthIF_PrepareConfiguration
                        0x1029'e6d1   0x2fa  Code  Lc  cy_ethif.o [1]
Cy_EthIf00_DecodeEvent  0x1029'eb83    0x14  Code  Gb  cy_ethif.o [1]
Cy_EthIf_AssignMemory   0x1029'eacf    0xb4  Code  Lc  cy_ethif.o [1]
Cy_EthIf_Callbacks      0x2808'a4b0    0x48  Data  Gb  cy_ethif.o [1]
Cy_EthIf_ClearBuffer    0x1029'ef7f    0x1e  Code  Lc  cy_ethif.o [1]
Cy_EthIf_DisableQueues  0x1029'e411   0x120  Code  Lc  cy_ethif.o [1]
Cy_EthIf_EnableInterrupts
                        0x1029'e5c5   0x10c  Code  Lc  cy_ethif.o [1]
[...]
maintain_ins_save_buf_inflash
                        0x102a'3eb9    0x54  Code  Gb  maintain_ins.o [1]
maintain_ins_status     0x280b'9394    0x1c  Data  Gb  maintain_ins.o [1]
maintain_ins_valid      0x280b'9c78     0x1  Data  Gb  maintain_ins.o [1]
maintain_ins_write_inflash
                        0x102a'3e2d    0x8c  Code  Gb  maintain_ins.o [1]
maxHwQs                 0x1028'01fd    0xaa  Code  Lc  edd.o [1]
mcu_buf_ctrl1_port_pin_cfg
                        0x2808'bac4    0x34  Data  Gb  sta9100_control.o [1]
mcu_buf_ctrl2_port_pin_cfg
                        0x2808'baf8    0x34  Data  Gb  sta9100_control.o [1]
mcu_temperature_init    0x102a'a5c9    0xc4  Code  Gb  mcu_temperature.o [1]
memchr                  0x1029'7e21          Code  Gb  memchr.o [5]
memcmp                  0x102a'4f89          Code  Gb  memcmp.o [5]
memcpy                  0x1029'e095     0xc  Code  Gb  memcpy.o [5]
mid_v                   0x280b'9950    0x18  Data  Lc  insmech.o [3]
ndigs                   0x102a'bca0    0x28  Data  Lc  iar_Stoulx.o [2]
norm_quat               0x1029'182d    0x88  Code  Gb  cmatrix.o [3]
normg                   0x102a'be70    0x30  Data  Gb  earth.o [3]
numRxDescriptors        0x1028'00ef    0x2c  Code  Lc  edd.o [1]
numTxDescriptors        0x1028'00c3    0x2c  Code  Lc  edd.o [1]
odospeed_packet_rate    0x2808'c1d1     0x1  Data  Lc  fw_ins.o [1]
offloadsSupport         0x1028'0aff    0x32  Code  Gb  edd.o [1]
p_prcopt                0x2808'a000   0x2c8  Data  Gb  loosecoupleset.o [3]
parse_fields            0x1029'bbf7    0x50  Code  Lc  ins_interface.o [3]
parse_flag              0x280b'9c72     0x1  Data  Gb  Imu330Eth.o [1]
parse_imu330_BL         0x102a'4201    0x1c  Code  Lc  imu330za.o [1]
parse_imu330_s2         0x102a'41e7    0x1a  Code  Lc  imu330za.o [1]
parse_saveconfig        0x1029'4c65    0x7c  Code  Gb  insoutmsg.o [3]
pashrBuff_bt            0x280b'8eb0    0x78  Data  Gb  insoutmsg.o [3]
platform_get_timestamp_ms
                        0x102a'1295    0xac  Code  Gb  timer.o [1]
pos2dcm                 0x1029'08bd    0x92  Code  Gb  orientation.o [3]
pos2ecef                0x1028'86dd    0x9c  Code  Lc  lcgnssupdate.o [3]
pos2ecef                0x1028'e3e5    0x9c  Code  Lc  zuptdetect.o [3]
pos2quat                0x1029'0951    0x82  Code  Gb  orientation.o [3]
positionfilter_compensent
                        0x1029'5d45   0x188  Code  Gb  positionfilter.o [3]
positionfilter_init     0x1029'5b71    0x5c  Code  Gb  positionfilter.o [3]
positionfilter_set      0x1029'5bcd   0x176  Code  Gb  positionfilter.o [3]
pow                     0x1029'616d   0x518  Code  Gb  pow64.o [4]
powl                    0x1029'616d   0x518  Code  Gb  pow64.o [4]
pows                    0x102a'bcf0    0x48  Data  Lc  strto64.o [4]
pps_capture_cfg         0x102a'bb78    0x68  Data  Lc  timer.o [1]
pps_capture_init        0x102a'15e3    0xa0  Code  Gb  timer.o [1]
pps_could_use           0x280b'9c7c     0x1  Data  Lc  timer.o [1]
pps_irq_cfg             0x102a'c2d4     0x8  Data  Lc  timer.o [1]
pps_pin_cfg             0x102a'bddc    0x34  Data  Lc  timer.o [1]
pps_valid               0x280b'9c7d     0x1  Data  Lc  timer.o [1]
prevTstamp              0x280b'9c00     0x4  Data  Lc  timer.o [1]
print_nmea_gga          0x1029'3ced   0x336  Code  Lc  insoutmsg.o [3]
print_nmea_pashr_bt     0x1029'4055   0x1ee  Code  Lc  insoutmsg.o [3]
print_nmea_rmc          0x1029'4279   0x1ac  Code  Lc  insoutmsg.o [3]
print_nmea_vtg          0x1029'444d    0x5e  Code  Lc  insoutmsg.o [3]
printasciisavebuf       0x1029'4aa9   0x154  Code  Gb  insoutmsg.o [3]
printsavebuf            0x1029'4c05    0x60  Code  Gb  insoutmsg.o [3]
process_IMU_cmd         0x102a'4c51    0xa0  Code  Gb  Imu330Eth.o [1]
q1                      0x280b'9740    0x20  Data  Lc  insmech.o [3]
q2                      0x280b'9760    0x20  Data  Lc  insmech.o [3]
q3                      0x280b'9780    0x20  Data  Lc  insmech.o [3]
quat2dcm                0x1029'075b   0x162  Code  Gb  orientation.o [3]
quat2pos                0x1029'17e9    0x42  Code  Gb  cmatrix.o [3]
quatprod                0x1029'1551    0xd4  Code  Gb  cmatrix.o [3]
reSetZUPTThreShold      0x1028'cbad   0x1c0  Code  Gb  zuptdetect.o [3]
readDesignConfig        0x1028'0b7d   0x378  Code  Gb  edd.o [1]
readPcsStatus           0x1028'35ad    0x2c  Code  Gb  edd.o [1]
reinitLCsetting         0x1029'c081    0x76  Code  Lc  ins_interface.o [3]
resultBuff              0x280b'9b08     0x8  Data  Lc  mcu_temperature.o [1]
round                   0x1029'67ed          Code  Gb  round.o [4]
roundf                  0x102a'8175          Code  Gb  roundf.o [4]
roundl                  0x1029'67ed          Code  Gb  round.o [4]
rs232_init              0x102a'30e9    0x10  Code  Gb  rs232.o [1]
rs232_recieve_process   0x102a'33c3   0x192  Code  Gb  rs232.o [1]
rs232_recieve_process::bytesInBuffer
                        0x280b'9bb4     0x4  Data  Lc  rs232.o [1]
rs232_recieve_process::crcError
                        0x280b'9bd0     0x4  Data  Lc  rs232.o [1]
rs232_recieve_process::crcMsg
                        0x280b'9c4e     0x2  Data  Lc  rs232.o [1]
rs232_recieve_process::dataBuffer
                        0x280b'67b0   0x200  Data  Lc  rs232.o [1]
rs232_recieve_process::len
                        0x280b'9bbc     0x4  Data  Lc  rs232.o [1]
rs232_recieve_process::pos
                        0x280b'9bc4     0x4  Data  Lc  rs232.o [1]
rs232_recieve_process::ptr
                        0x2808'b988     0x4  Data  Lc  rs232.o [1]
rs232_recieve_process::state
                        0x280b'9bb8     0x4  Data  Lc  rs232.o [1]
rs232_recieve_process::sync
                        0x280b'9bc0     0x4  Data  Lc  rs232.o [1]
rs232_recieve_process::synced
                        0x280b'9bc8     0x4  Data  Lc  rs232.o [1]
rs232_recieve_process::type
                        0x280b'9bcc     0x4  Data  Lc  rs232.o [1]
rs232_recieve_process::ucbPacket
                        0x280b'8284   0x10c  Data  Lc  rs232.o [1]
rs232_send_ctx_packets  0x102a'3555    0xa2  Code  Gb  rs232.o [1]
rs232_send_ctx_packets::rx232_ctx_packet
                        0x280b'8390   0x10c  Data  Lc  rs232.o [1]
rtcm3_data1             0x280a'65a0  0x1000  Data  Gb  gnss.o [1]
rtcm3_data2             0x280a'75a0  0x1000  Data  Gb  gnss.o [1]
rtcm_test_flag          0x280b'9c7a     0x1  Data  Lc  rs232.o [1]
rtk_data1               0x280a'45a0  0x1000  Data  Gb  gnss.o [1]
rtk_data2               0x280a'55a0  0x1000  Data  Gb  gnss.o [1]
rtk_fifo_init           0x102a'3671    0x24  Code  Gb  gnss.o [1]
rtk_log_init            0x102a'71f5    0x28  Code  Gb  ublox_decoder.o [1]
run_status              0x280b'99f0    0x10  Data  Gb  run_status.o [1]
runstatus_gnss_status_update
                        0x102a'abf5    0x7a  Code  Gb  run_status.o [1]
runstatus_imu_status_update
                        0x102a'ab0d    0xe8  Code  Gb  run_status.o [1]
runstatus_init          0x102a'aaa1    0x10  Code  Gb  run_status.o [1]
runstatus_mcu_temperature_update
                        0x102a'aab1    0x5a  Code  Gb  run_status.o [1]
rvec2quat               0x1029'162d   0x1bc  Code  Gb  cmatrix.o [3]
scalbln                 0x1029'7cd9          Code  Gb  ldexp.o [4]
scalblnl                0x1029'7cd9          Code  Gb  ldexp.o [4]
scalbn                  0x1029'7cd9          Code  Gb  ldexp.o [4]
scalbnl                 0x1029'7cd9          Code  Gb  ldexp.o [4]
scale                   0x1029'7bc7    0x46  Code  Lc  xprintffull_nomb.o [2]
sec_hand                0x280b'9c34     0x4  Data  Lc  xfail_s.o [2]
send_GPID_packet        0x102a'425b    0x46  Code  Gb  imu330za.o [1]
send_GT_packet          0x102a'3f95    0x20  Code  Gb  imu330za.o [1]
sens_GetGnssData_INS    0x102a'3a41    0x32  Code  Gb  gnss.o [1]
setEepromWord           0x102a'2f35    0x4e  Code  Lc  eeprom.o [1]
setJumpFlag             0x102a'3031    0x62  Code  Lc  eeprom.o [1]
setRxQBufferSizes       0x1028'0aa7    0x58  Code  Lc  edd.o [1]
set_gnss_obs_valid      0x1029'c175     0x8  Code  Lc  ins_interface.o [3]
set_gnss_start_week     0x1029'b6b5    0x28  Code  Lc  ins_interface.o [3]
set_imu_GPID_PacketPayload
                        0x102a'42b9    0x40  Code  Gb  imu330za.o [1]
set_imu_gfreg_PacketPayload
                        0x102a'4365    0x28  Code  Gb  imu330za.o [1]
set_imu_rfreg_PacketPayload
                        0x102a'42f9    0x6c  Code  Gb  imu330za.o [1]
set_pps_could_use       0x102a'1261     0x8  Code  Gb  timer.o [1]
set_system_time         0x102a'111d   0x110  Code  Gb  timer.o [1]
set_system_time::gnss_time
                        0x280b'9a00    0x10  Data  Lc  timer.o [1]
set_system_time::gnss_time_tags
                        0x280b'9720    0x20  Data  Lc  timer.o [1]
set_user_register       0x102a'3cf3    0x22  Code  Gb  user_config.o [1]
set_wheel_tick_update_flag
                        0x102a'183f     0x6  Code  Gb  fw_ins.o [1]
setdeveloperSettingA    0x1029'bc49   0x41e  Code  Lc  ins_interface.o [3]
setdeveloperSettingB    0x1029'bbcd    0x2a  Code  Lc  ins_interface.o [3]
sin                     0x1028'c7b9     0x4  Code  Gb  cos_sin64.o [4]
sinl                    0x1028'c7b9     0x4  Code  Gb  cos_sin64.o [4]
snprintf                0x102a'3c2d    0x44  Code  Gb  snprintf.o [2]
sprintf                 0x1029'679d    0x40  Code  Gb  sprintf.o [2]
sqrt                    0x1028'c7bd          Code  Gb  sqrt.o [4]
sqrtf                   0x102a'9669          Code  Gb  sqrtf.o [4]
sqrtl                   0x1028'c7bd          Code  Gb  sqrt.o [4]
sta9100_fault_detection
                        0x102a'aebd    0x9e  Code  Gb  sta9100_control.o [1]
statusBuff              0x280b'99e0    0x10  Data  Gb  mcu_temperature.o [1]
stcENETConfig           0x2808'b700    0x20  Data  Gb  ethernet.o [1]
stcInterruptConfig      0x2808'b720    0x2c  Data  Gb  ethernet.o [1]
stcQueueDisStatus       0x280b'9a10     0xc  Data  Lc  cy_ethif.o [1]
stcWrapperConfig        0x2808'b6fc     0x4  Data  Gb  ethernet.o [1]
stccallbackfunctions    0x280b'9700    0x20  Data  Lc  cy_ethif.o [1]
stdIdFilter             0x102a'c31c     0x4  Data  Lc  can.o [1]
strcat                  0x1029'6745    0x1e  Code  Gb  strcat.o [2]
strchr                  0x1029'7dc9          Code  Gb  strchr.o [5]
strcpy                  0x1029'672d          Code  Gb  strcpy.o [5]
strlen                  0x1029'6765          Code  Gb  strlen.o [5]
strncpy                 0x1029'f5c1          Code  Gb  strncpy.o [5]
strstr                  0x1029'cb8d    0x2c  Code  Gb  strstr.o [2]
subNsTsuInc24bSupport   0x1028'0b31    0x4c  Code  Gb  edd.o [1]
systemTmrHi             0x280b'9b28     0x8  Data  Lc  timer.o [1]
system_time             0x280b'9b30     0x8  Data  Lc  timer.o [1]
tan                     0x1029'b439   0x27c  Code  Gb  tan64.o [4]
tanl                    0x1029'b439   0x27c  Code  Gb  tan64.o [4]
tcount                  0x280b'9bf0     0x4  Data  Lc  taskINS.o [1]
temp1                   0x280b'9890    0x18  Data  Lc  insmech.o [3]
temp2                   0x280b'98a8    0x18  Data  Lc  insmech.o [3]
temp3                   0x280b'98c0    0x18  Data  Lc  insmech.o [3]
tempRawValue            0x280b'9bb0     0x4  Data  Gb  mcu_temperature.o [1]
tempRefValue            0x280b'8f98    0x68  Data  Gb  mcu_temperature.o [1]
temp_aqc_irq_cfg        0x2808'b95c     0x8  Data  Gb  mcu_temperature.o [1]
temperatureData         0x280b'9b10     0x8  Data  Gb  mcu_temperature.o [1]
test_buff               0x280b'54b0   0x400  Data  Gb  fw_ins.o [1]
ticksPerMs              0x280b'9b20     0x8  Data  Lc  timer.o [1]
ticksPerPps             0x280b'9bfc     0x4  Data  Lc  timer.o [1]
ticksPerUs              0x280b'9b18     0x8  Data  Lc  timer.o [1]
time2epoch              0x1029'364f    0xf4  Code  Lc  insoutmsg.o [3]
timeadd                 0x1029'3603    0x4c  Code  Lc  insoutmsg.o [3]
timer_1s_flag           0x280b'9c82     0x1  Data  Gb  timer.o [1]
timer_imu_init          0x102a'13d5    0x62  Code  Gb  timer.o [1]
u8RxBuf                 0x2808'c1e0  0xc000  Data  Gb  cy_ethif.o [1]
u8TxBuf                 0x2809'81e0  0x4800  Data  Gb  cy_ethif.o [1]
uart0_rx_fifo           0x280b'9a58     0xc  Data  Gb  uart.o [1]
uart10_rx_buff          0x280a'c5a0  0x1000  Data  Gb  uart.o [1]
uart10_rx_fifo          0x280b'9a7c     0xc  Data  Gb  uart.o [1]
uart10_tx_buff          0x280a'd5a0  0x1000  Data  Gb  uart.o [1]
uart10_tx_fifo          0x280b'9a88     0xc  Data  Gb  uart.o [1]
uart1_rx_buff           0x280a'85a0  0x1000  Data  Gb  uart.o [1]
uart1_rx_fifo           0x280b'9a40     0xc  Data  Gb  uart.o [1]
uart1_tx_buff           0x280a'95a0  0x1000  Data  Gb  uart.o [1]
uart1_tx_fifo           0x280b'9a4c     0xc  Data  Gb  uart.o [1]
uart1_write_dma         0x102a'2013    0x5a  Code  Gb  uart.o [1]
uart7_rx_buff           0x280a'e5a0  0x1000  Data  Gb  uart.o [1]
uart7_rx_fifo           0x280b'9aa0     0xc  Data  Gb  uart.o [1]
uart7_tx_buff           0x2809'c9e0  0x2800  Data  Gb  uart.o [1]
uart7_tx_fifo           0x280b'9a94     0xc  Data  Gb  uart.o [1]
uart7_write_dma         0x102a'284d    0x56  Code  Gb  uart.o [1]
uart9_rx_buff           0x280a'a5a0  0x1000  Data  Gb  uart.o [1]
uart9_rx_fifo           0x280b'9a64     0xc  Data  Gb  uart.o [1]
uart9_tx_buff           0x280a'b5a0  0x1000  Data  Gb  uart.o [1]
uart9_tx_fifo           0x280b'9a70     0xc  Data  Gb  uart.o [1]
uart9_write_dma         0x102a'22db    0x5a  Code  Gb  uart.o [1]
uart_imu_rx_buff        0x280b'5cb0   0x400  Data  Gb  uart.o [1]
uart_imu_rx_fifo        0x280b'9aac     0xc  Data  Gb  uart.o [1]
uart_imu_write_bytes    0x102a'2a6d    0x16  Code  Gb  uart.o [1]
ublox1_d_sel_port_pin_cfg
                        0x2808'b9f4    0x34  Data  Gb  sta9100_control.o [1]
ublox1_power_port_pin_cfg
                        0x2808'b98c    0x34  Data  Gb  sta9100_control.o [1]
ublox1_reset_port_pin_cfg
                        0x2808'ba5c    0x34  Data  Gb  sta9100_control.o [1]
ublox2_d_sel_port_pin_cfg
                        0x2808'ba28    0x34  Data  Gb  sta9100_control.o [1]
ublox2_power_port_pin_cfg
                        0x2808'b9c0    0x34  Data  Gb  sta9100_control.o [1]
ublox2_reset_port_pin_cfg
                        0x2808'ba90    0x34  Data  Gb  sta9100_control.o [1]
ucGxDTM_Enable_CMD      0x2808'bec8     0xc  Data  Gb  ublox_decoder.o [1]
ucGxGGA_Disable_CMD     0x2808'bf04     0xc  Data  Gb  ublox_decoder.o [1]
ucGxGLL_Disable_CMD     0x2808'bf10     0xc  Data  Gb  ublox_decoder.o [1]
ucGxGSA_Disable_CMD     0x2808'bf1c     0xc  Data  Gb  ublox_decoder.o [1]
ucGxGST_Enable_CMD      0x2808'bebc     0xc  Data  Gb  ublox_decoder.o [1]
ucGxGSV_Disable_CMD     0x2808'bf28     0xc  Data  Gb  ublox_decoder.o [1]
ucGxRMC_Disable_CMD     0x2808'bf34     0xc  Data  Gb  ublox_decoder.o [1]
ucGxVTG_Disable_CMD     0x2808'bf40     0xc  Data  Gb  ublox_decoder.o [1]
ucGxZDA_Enable_CMD      0x2808'beb0     0xc  Data  Gb  ublox_decoder.o [1]
ucPUBX_TIME_Enable_CMD  0x2808'bed4     0xc  Data  Gb  ublox_decoder.o [1]
ucUBX_NAV_COV_Enable_CMD
                        0x2808'bee0     0xc  Data  Gb  ublox_decoder.o [1]
ucUBX_NAV_ORB_Enable_CMD
                        0x2808'bef8     0xc  Data  Gb  ublox_decoder.o [1]
ucUBX_NAV_PVT_Enable_CMD
                        0x2808'beec     0xc  Data  Gb  ublox_decoder.o [1]
ucUblox_RATE_MEAS_5HZ   0x2808'c130    0x14  Data  Gb  ublox_decoder.o [1]
ucUblox_Revent_CFG_CMD  0x2808'be98    0x18  Data  Gb  ublox_decoder.o [1]
ucUblox_Uart1_460800_ALL_OUT
                        0x2808'c114    0x1c  Data  Gb  ublox_decoder.o [1]
ucUblox_Uart1_460800_STANDARD_OUT
                        0x2808'c0f8    0x1c  Data  Gb  ublox_decoder.o [1]
ucUblox_Uart1_MSGOUT_RTCM3_1005
                        0x2808'bf4c    0x14  Data  Gb  ublox_decoder.o [1]
ucUblox_Uart1_MSGOUT_RTCM3_1074
                        0x2808'bf60    0x14  Data  Gb  ublox_decoder.o [1]
ucUblox_Uart1_MSGOUT_RTCM3_1077
                        0x2808'bf74    0x14  Data  Gb  ublox_decoder.o [1]
ucUblox_Uart1_MSGOUT_RTCM3_1084
                        0x2808'bf88    0x14  Data  Gb  ublox_decoder.o [1]
ucUblox_Uart1_MSGOUT_RTCM3_1087
                        0x2808'bf9c    0x14  Data  Gb  ublox_decoder.o [1]
ucUblox_Uart1_MSGOUT_RTCM3_1094
                        0x2808'bfb0    0x14  Data  Gb  ublox_decoder.o [1]
ucUblox_Uart1_MSGOUT_RTCM3_1097
                        0x2808'bfc4    0x14  Data  Gb  ublox_decoder.o [1]
ucUblox_Uart1_MSGOUT_RTCM3_1124
                        0x2808'bfd8    0x14  Data  Gb  ublox_decoder.o [1]
ucUblox_Uart1_MSGOUT_RTCM3_1127
                        0x2808'bfec    0x14  Data  Gb  ublox_decoder.o [1]
ucUblox_Uart1_MSGOUT_RTCM3_1230
                        0x2808'c000    0x14  Data  Gb  ublox_decoder.o [1]
ucUblox_Uart2_460800_RTCM3_OUT
                        0x2808'c0dc    0x1c  Data  Gb  ublox_decoder.o [1]
ucUblox_Uart2_MSGOUT_RTCM3_1005
                        0x2808'c014    0x14  Data  Gb  ublox_decoder.o [1]
ucUblox_Uart2_MSGOUT_RTCM3_1074
                        0x2808'c028    0x14  Data  Gb  ublox_decoder.o [1]
ucUblox_Uart2_MSGOUT_RTCM3_1077
                        0x2808'c03c    0x14  Data  Gb  ublox_decoder.o [1]
ucUblox_Uart2_MSGOUT_RTCM3_1084
                        0x2808'c050    0x14  Data  Gb  ublox_decoder.o [1]
ucUblox_Uart2_MSGOUT_RTCM3_1087
                        0x2808'c064    0x14  Data  Gb  ublox_decoder.o [1]
ucUblox_Uart2_MSGOUT_RTCM3_1094
                        0x2808'c078    0x14  Data  Gb  ublox_decoder.o [1]
ucUblox_Uart2_MSGOUT_RTCM3_1097
                        0x2808'c08c    0x14  Data  Gb  ublox_decoder.o [1]
ucUblox_Uart2_MSGOUT_RTCM3_1124
                        0x2808'c0a0    0x14  Data  Gb  ublox_decoder.o [1]
ucUblox_Uart2_MSGOUT_RTCM3_1127
                        0x2808'c0b4    0x14  Data  Gb  ublox_decoder.o [1]
ucUblox_Uart2_MSGOUT_RTCM3_1230
                        0x2808'c0c8    0x14  Data  Gb  ublox_decoder.o [1]
ucbPackets              0x2808'b964    0x20  Data  Gb  rs232.o [1]
ucb_fill_GT_packet      0x102a'6e11    0x32  Code  Gb  ucb_packet.o [1]
ucb_fill_gN_packet      0x102a'6989   0x160  Code  Gb  ucb_packet.o [1]
ucb_fill_iN_packet      0x102a'6b0d   0x208  Code  Gb  ucb_packet.o [1]
ucb_fill_o1_packet      0x102a'6d39    0x5a  Code  Gb  ucb_packet.o [1]
ucb_fill_packet_struct  0x102a'68dd    0x38  Code  Gb  ucb_packet.o [1]
ucb_fill_s1_packet      0x102a'6915    0x74  Code  Gb  ucb_packet.o [1]
uint32ToBuffer          0x102a'322d    0x36  Code  Gb  rs232.o [1]
upperLimit              0x280b'9bf4     0x4  Data  Lc  timer.o [1]
userPacketTypeToBytes   0x102a'30f9    0x3c  Code  Gb  rs232.o [1]
userPacketTypeToBytes::_inputPacketType
                        0x2808'b984     0x4  Data  Lc  rs232.o [1]
user_configure_init     0x102a'3cab    0x28  Code  Gb  user_config.o [1]
utc_now                 0x280b'9c18     0x4  Data  Lc  ublox_decoder.o [1]
vsprintf                0x102a'6161    0x34  Code  Gb  vsprintf.o [2]
wheel_speed             0x280b'96b0    0x28  Data  Gb  car_data.o [1]
wheel_speed_update      0x280b'9c66     0x1  Data  Gb  car_data.o [1]
wheel_tick_update_flag  0x280b'9b88     0x4  Data  Lc  fw_ins.o [1]
writeGGAMsg             0x1029'4ced   0x152  Code  Gb  insoutmsg.o [3]
writeMISALIGNMsg        0x1029'4e55   0x192  Code  Gb  insoutmsg.o [3]
writeSAVEMsg            0x1029'4a67    0x42  Code  Gb  insoutmsg.o [3]
writeSAVEStruct         0x1029'4525   0x542  Code  Gb  insoutmsg.o [3]
zeta                    0x280b'9938    0x18  Data  Lc  insmech.o [3]
zuptlock                0x1029'974d   0x224  Code  Lc  lcinsupdate.o [3]


[1] = C:\Users\lihuan\Desktop\ublox-dual-0614\ins402\RTK330LA_BF_m7_1\iar_8.4\ins_m7_1\Debug\Obj
[2] = dl7M_tln.a
[3] = ins_lib.a
[4] = m7M_tlv.a
[5] = rt7M_tl.a
[6] = shb_l.a

  176'248 bytes of readonly  code memory
    7'323 bytes of readonly  data memory
  201'999 bytes of readwrite data memory

Errors: none
Warnings: none
